Component: ARM Compiler 5.06 update 4 (build 422) Tool: armlink [4d35d2]

==============================================================================

Section Cross References

    bma2x2.o(i.bma2x2_burst_read) refers to bma2x2.o(.data) for p_bma2x2
    bma2x2.o(i.bma2x2_extract_accel) refers to bma2x2.o(i.get_accel_len_to_parse) for get_accel_len_to_parse
    bma2x2.o(i.bma2x2_extract_accel) refers to bma2x2.o(i.unpack_accel_frame) for unpack_accel_frame
    bma2x2.o(i.bma2x2_extract_accel) refers to bma2x2.o(.data) for p_bma2x2
    bma2x2.o(i.bma2x2_get_bw) refers to bma2x2.o(.data) for p_bma2x2
    bma2x2.o(i.bma2x2_get_cal_rdy) refers to bma2x2.o(.data) for p_bma2x2
    bma2x2.o(i.bma2x2_get_durn) refers to bma2x2.o(.data) for p_bma2x2
    bma2x2.o(i.bma2x2_get_fifo_data_output_reg) refers to bma2x2.o(.data) for p_bma2x2
    bma2x2.o(i.bma2x2_get_fifo_data_select) refers to bma2x2.o(.data) for p_bma2x2
    bma2x2.o(i.bma2x2_get_fifo_frame_count) refers to bma2x2.o(.data) for p_bma2x2
    bma2x2.o(i.bma2x2_get_fifo_mode) refers to bma2x2.o(.data) for p_bma2x2
    bma2x2.o(i.bma2x2_get_fifo_overrun) refers to bma2x2.o(.data) for p_bma2x2
    bma2x2.o(i.bma2x2_get_fifo_stat) refers to bma2x2.o(.data) for p_bma2x2
    bma2x2.o(i.bma2x2_get_fifo_wml_trig) refers to bma2x2.o(.data) for p_bma2x2
    bma2x2.o(i.bma2x2_get_flat_hold_time) refers to bma2x2.o(.data) for p_bma2x2
    bma2x2.o(i.bma2x2_get_flat_hyst) refers to bma2x2.o(.data) for p_bma2x2
    bma2x2.o(i.bma2x2_get_high_bw) refers to bma2x2.o(.data) for p_bma2x2
    bma2x2.o(i.bma2x2_get_i2c_wdt) refers to bma2x2.o(.data) for p_bma2x2
    bma2x2.o(i.bma2x2_get_intr1_fifo_full) refers to bma2x2.o(.data) for p_bma2x2
    bma2x2.o(i.bma2x2_get_intr1_fifo_wm) refers to bma2x2.o(.data) for p_bma2x2
    bma2x2.o(i.bma2x2_get_intr2_fifo_full) refers to bma2x2.o(.data) for p_bma2x2
    bma2x2.o(i.bma2x2_get_intr2_fifo_wm) refers to bma2x2.o(.data) for p_bma2x2
    bma2x2.o(i.bma2x2_get_intr_double_tap) refers to bma2x2.o(.data) for p_bma2x2
    bma2x2.o(i.bma2x2_get_intr_enable) refers to bma2x2.o(.data) for p_bma2x2
    bma2x2.o(i.bma2x2_get_intr_fifo_full) refers to bma2x2.o(.data) for p_bma2x2
    bma2x2.o(i.bma2x2_get_intr_fifo_wm) refers to bma2x2.o(.data) for p_bma2x2
    bma2x2.o(i.bma2x2_get_intr_flat) refers to bma2x2.o(.data) for p_bma2x2
    bma2x2.o(i.bma2x2_get_intr_high_g) refers to bma2x2.o(.data) for p_bma2x2
    bma2x2.o(i.bma2x2_get_intr_level) refers to bma2x2.o(.data) for p_bma2x2
    bma2x2.o(i.bma2x2_get_intr_low_g) refers to bma2x2.o(.data) for p_bma2x2
    bma2x2.o(i.bma2x2_get_intr_orient) refers to bma2x2.o(.data) for p_bma2x2
    bma2x2.o(i.bma2x2_get_intr_orient_stat) refers to bma2x2.o(.data) for p_bma2x2
    bma2x2.o(i.bma2x2_get_intr_output_type) refers to bma2x2.o(.data) for p_bma2x2
    bma2x2.o(i.bma2x2_get_intr_single_tap) refers to bma2x2.o(.data) for p_bma2x2
    bma2x2.o(i.bma2x2_get_intr_slope) refers to bma2x2.o(.data) for p_bma2x2
    bma2x2.o(i.bma2x2_get_intr_slow_no_motion) refers to bma2x2.o(.data) for p_bma2x2
    bma2x2.o(i.bma2x2_get_intr_stat) refers to bma2x2.o(.data) for p_bma2x2
    bma2x2.o(i.bma2x2_get_intr_tap_stat) refers to bma2x2.o(.data) for p_bma2x2
    bma2x2.o(i.bma2x2_get_latch_intr) refers to bma2x2.o(.data) for p_bma2x2
    bma2x2.o(i.bma2x2_get_low_g_mode) refers to bma2x2.o(.data) for p_bma2x2
    bma2x2.o(i.bma2x2_get_low_high_g_hyst) refers to bma2x2.o(.data) for p_bma2x2
    bma2x2.o(i.bma2x2_get_new_data) refers to bma2x2.o(.data) for p_bma2x2
    bma2x2.o(i.bma2x2_get_nvmprog_mode) refers to bma2x2.o(.data) for p_bma2x2
    bma2x2.o(i.bma2x2_get_nvmprog_ready) refers to bma2x2.o(.data) for p_bma2x2
    bma2x2.o(i.bma2x2_get_nvmprog_remain) refers to bma2x2.o(.data) for p_bma2x2
    bma2x2.o(i.bma2x2_get_offset) refers to bma2x2.o(.data) for p_bma2x2
    bma2x2.o(i.bma2x2_get_offset_target) refers to bma2x2.o(.data) for p_bma2x2
    bma2x2.o(i.bma2x2_get_orient_block) refers to bma2x2.o(.data) for p_bma2x2
    bma2x2.o(i.bma2x2_get_orient_enable) refers to bma2x2.o(.data) for p_bma2x2
    bma2x2.o(i.bma2x2_get_orient_hyst) refers to bma2x2.o(.data) for p_bma2x2
    bma2x2.o(i.bma2x2_get_orient_mode) refers to bma2x2.o(.data) for p_bma2x2
    bma2x2.o(i.bma2x2_get_power_mode) refers to bma2x2.o(.data) for p_bma2x2
    bma2x2.o(i.bma2x2_get_range) refers to bma2x2.o(.data) for p_bma2x2
    bma2x2.o(i.bma2x2_get_selftest_axis) refers to bma2x2.o(.data) for p_bma2x2
    bma2x2.o(i.bma2x2_get_selftest_sign) refers to bma2x2.o(.data) for p_bma2x2
    bma2x2.o(i.bma2x2_get_shadow_dis) refers to bma2x2.o(.data) for p_bma2x2
    bma2x2.o(i.bma2x2_get_sleep_durn) refers to bma2x2.o(.data) for p_bma2x2
    bma2x2.o(i.bma2x2_get_sleep_timer_mode) refers to bma2x2.o(.data) for p_bma2x2
    bma2x2.o(i.bma2x2_get_slow_comp) refers to bma2x2.o(.data) for p_bma2x2
    bma2x2.o(i.bma2x2_get_slow_no_motion) refers to bma2x2.o(.data) for p_bma2x2
[...]
    defsig_pvfn_inner.o(.text) refers to defsig_general.o(.text) for __default_signal_display
    defsig_cppl_inner.o(.text) refers to defsig_general.o(.text) for __default_signal_display
    defsig_segv_inner.o(.text) refers to defsig_general.o(.text) for __default_signal_display
    defsig_other.o(.text) refers to defsig_general.o(.text) for __default_signal_display


==============================================================================

Removing Unused input sections from the image.

    Removing bma2x2.o(i.bma2x2_burst_read), (60 bytes).
    Removing bma2x2.o(i.bma2x2_extract_accel), (116 bytes).
    Removing bma2x2.o(i.bma2x2_get_cal_rdy), (64 bytes).
    Removing bma2x2.o(i.bma2x2_get_durn), (184 bytes).
    Removing bma2x2.o(i.bma2x2_get_fifo_data_output_reg), (60 bytes).
    Removing bma2x2.o(i.bma2x2_get_fifo_data_select), (64 bytes).
    Removing bma2x2.o(i.bma2x2_get_fifo_frame_count), (64 bytes).
    Removing bma2x2.o(i.bma2x2_get_fifo_mode), (64 bytes).
    Removing bma2x2.o(i.bma2x2_get_fifo_overrun), (64 bytes).
    Removing bma2x2.o(i.bma2x2_get_fifo_stat), (52 bytes).
    Removing bma2x2.o(i.bma2x2_get_fifo_wml_trig), (64 bytes).
    Removing bma2x2.o(i.bma2x2_get_flat_hold_time), (64 bytes).
    Removing bma2x2.o(i.bma2x2_get_flat_hyst), (64 bytes).
    Removing bma2x2.o(i.bma2x2_get_high_bw), (64 bytes).
    Removing bma2x2.o(i.bma2x2_get_i2c_wdt), (116 bytes).
    Removing bma2x2.o(i.bma2x2_get_intr1_fifo_full), (64 bytes).
    Removing bma2x2.o(i.bma2x2_get_intr1_fifo_wm), (64 bytes).
    Removing bma2x2.o(i.bma2x2_get_intr2_fifo_full), (64 bytes).
    Removing bma2x2.o(i.bma2x2_get_intr2_fifo_wm), (64 bytes).
    Removing bma2x2.o(i.bma2x2_get_intr_double_tap), (116 bytes).
    Removing bma2x2.o(i.bma2x2_get_intr_enable), (472 bytes).
    Removing bma2x2.o(i.bma2x2_get_intr_fifo_full), (64 bytes).
    Removing bma2x2.o(i.bma2x2_get_intr_fifo_wm), (64 bytes).
    Removing bma2x2.o(i.bma2x2_get_intr_flat), (112 bytes).
    Removing bma2x2.o(i.bma2x2_get_intr_high_g), (116 bytes).
    Removing bma2x2.o(i.bma2x2_get_intr_level), (116 bytes).
    Removing bma2x2.o(i.bma2x2_get_intr_low_g), (116 bytes).
    Removing bma2x2.o(i.bma2x2_get_intr_orient), (116 bytes).
    Removing bma2x2.o(i.bma2x2_get_intr_orient_stat), (52 bytes).
    Removing bma2x2.o(i.bma2x2_get_intr_output_type), (116 bytes).
    Removing bma2x2.o(i.bma2x2_get_intr_single_tap), (116 bytes).
    Removing bma2x2.o(i.bma2x2_get_intr_slope), (116 bytes).
    Removing bma2x2.o(i.bma2x2_get_intr_slow_no_motion), (116 bytes).
    Removing bma2x2.o(i.bma2x2_get_intr_stat), (52 bytes).
    Removing bma2x2.o(i.bma2x2_get_intr_tap_stat), (52 bytes).
    Removing bma2x2.o(i.bma2x2_get_latch_intr), (64 bytes).
    Removing bma2x2.o(i.bma2x2_get_low_g_mode), (64 bytes).
    Removing bma2x2.o(i.bma2x2_get_low_high_g_hyst), (116 bytes).
    Removing bma2x2.o(i.bma2x2_get_new_data), (116 bytes).
    Removing bma2x2.o(i.bma2x2_get_nvmprog_mode), (64 bytes).
    Removing bma2x2.o(i.bma2x2_get_nvmprog_ready), (64 bytes).
    Removing bma2x2.o(i.bma2x2_get_nvmprog_remain), (64 bytes).
    Removing bma2x2.o(i.bma2x2_get_offset), (148 bytes).
    Removing bma2x2.o(i.bma2x2_get_offset_target), (192 bytes).
    Removing bma2x2.o(i.bma2x2_get_orient_block), (64 bytes).
    Removing bma2x2.o(i.bma2x2_get_orient_enable), (64 bytes).
    Removing bma2x2.o(i.bma2x2_get_orient_hyst), (64 bytes).
    Removing bma2x2.o(i.bma2x2_get_orient_mode), (64 bytes).
    Removing bma2x2.o(i.bma2x2_get_power_mode), (236 bytes).
    Removing bma2x2.o(i.bma2x2_get_range), (72 bytes).
    Removing bma2x2.o(i.bma2x2_get_selftest_axis), (64 bytes).
    Removing bma2x2.o(i.bma2x2_get_selftest_sign), (64 bytes).
    Removing bma2x2.o(i.bma2x2_get_shadow_dis), (64 bytes).
    Removing bma2x2.o(i.bma2x2_get_sleep_durn), (64 bytes).
    Removing bma2x2.o(i.bma2x2_get_sleep_timer_mode), (64 bytes).
    Removing bma2x2.o(i.bma2x2_get_slow_comp), (156 bytes).
    Removing bma2x2.o(i.bma2x2_get_slow_no_motion), (192 bytes).
    Removing bma2x2.o(i.bma2x2_get_source), (260 bytes).
    Removing bma2x2.o(i.bma2x2_get_spi3), (64 bytes).
    Removing bma2x2.o(i.bma2x2_get_tap_durn), (64 bytes).
    Removing bma2x2.o(i.bma2x2_get_tap_quiet), (60 bytes).
    Removing bma2x2.o(i.bma2x2_get_tap_sample), (60 bytes).
    Removing bma2x2.o(i.bma2x2_get_tap_shock), (64 bytes).
    Removing bma2x2.o(i.bma2x2_get_tap_thres), (64 bytes).
    Removing bma2x2.o(i.bma2x2_get_theta), (112 bytes).
    Removing bma2x2.o(i.bma2x2_get_thres), (176 bytes).
    Removing bma2x2.o(i.bma2x2_read_accel_eight_resolution_x), (64 bytes).
    Removing bma2x2.o(i.bma2x2_read_accel_eight_resolution_xyz), (124 bytes).
    Removing bma2x2.o(i.bma2x2_read_accel_eight_resolution_xyzt), (152 bytes).
    Removing bma2x2.o(i.bma2x2_read_accel_eight_resolution_y), (64 bytes).
    Removing bma2x2.o(i.bma2x2_read_accel_eight_resolution_z), (64 bytes).
    Removing bma2x2.o(i.bma2x2_read_fifo_data), (124 bytes).
    Removing bma2x2.o(i.bma2x2_read_temp), (60 bytes).
    Removing bma2x2.o(i.bma2x2_rst_intr), (76 bytes).
    Removing bma2x2.o(i.bma2x2_set_cal_trigger), (76 bytes).
    Removing bma2x2.o(i.bma2x2_set_durn), (184 bytes).
    Removing bma2x2.o(i.bma2x2_set_fifo_data_select), (144 bytes).
    Removing bma2x2.o(i.bma2x2_set_fifo_mode), (144 bytes).
    Removing bma2x2.o(i.bma2x2_set_fifo_wml_trig), (120 bytes).
    Removing bma2x2.o(i.bma2x2_set_flat_hold_time), (76 bytes).
    Removing bma2x2.o(i.bma2x2_set_flat_hyst), (76 bytes).
    Removing bma2x2.o(i.bma2x2_set_high_bw), (80 bytes).
    Removing bma2x2.o(i.bma2x2_set_i2c_wdt), (144 bytes).
    Removing bma2x2.o(i.bma2x2_set_intr1_fifo_full), (88 bytes).
    Removing bma2x2.o(i.bma2x2_set_intr1_fifo_wm), (88 bytes).
    Removing bma2x2.o(i.bma2x2_set_intr2_fifo_full), (88 bytes).
    Removing bma2x2.o(i.bma2x2_set_intr2_fifo_wm), (88 bytes).
    Removing bma2x2.o(i.bma2x2_set_intr_double_tap), (144 bytes).
    Removing bma2x2.o(i.bma2x2_set_intr_enable), (292 bytes).
    Removing bma2x2.o(i.bma2x2_set_intr_fifo_full), (88 bytes).
    Removing bma2x2.o(i.bma2x2_set_intr_fifo_wm), (88 bytes).
    Removing bma2x2.o(i.bma2x2_set_intr_flat), (144 bytes).
    Removing bma2x2.o(i.bma2x2_set_intr_high_g), (144 bytes).
    Removing bma2x2.o(i.bma2x2_set_intr_level), (144 bytes).
    Removing bma2x2.o(i.bma2x2_set_intr_low_g), (144 bytes).
    Removing bma2x2.o(i.bma2x2_set_intr_orient), (144 bytes).
    Removing bma2x2.o(i.bma2x2_set_intr_output_type), (144 bytes).
    Removing bma2x2.o(i.bma2x2_set_intr_single_tap), (144 bytes).
    Removing bma2x2.o(i.bma2x2_set_intr_slope), (144 bytes).
    Removing bma2x2.o(i.bma2x2_set_intr_slow_no_motion), (144 bytes).
    Removing bma2x2.o(i.bma2x2_set_latch_intr), (180 bytes).
    Removing bma2x2.o(i.bma2x2_set_low_g_mode), (76 bytes).
    Removing bma2x2.o(i.bma2x2_set_low_high_g_hyst), (144 bytes).
    Removing bma2x2.o(i.bma2x2_set_new_data), (144 bytes).
    Removing bma2x2.o(i.bma2x2_set_nvmprog_mode), (76 bytes).
    Removing bma2x2.o(i.bma2x2_set_nvprog_trig), (76 bytes).
    Removing bma2x2.o(i.bma2x2_set_offset), (108 bytes).
    Removing bma2x2.o(i.bma2x2_set_offset_rst), (76 bytes).
    Removing bma2x2.o(i.bma2x2_set_offset_target), (248 bytes).
    Removing bma2x2.o(i.bma2x2_set_orient_block), (76 bytes).
    Removing bma2x2.o(i.bma2x2_set_orient_enable), (76 bytes).
    Removing bma2x2.o(i.bma2x2_set_orient_hyst), (76 bytes).
    Removing bma2x2.o(i.bma2x2_set_orient_mode), (76 bytes).
    Removing bma2x2.o(i.bma2x2_set_selftest_axis), (88 bytes).
    Removing bma2x2.o(i.bma2x2_set_selftest_sign), (88 bytes).
    Removing bma2x2.o(i.bma2x2_set_shadow_dis), (80 bytes).
    Removing bma2x2.o(i.bma2x2_set_sleep_durn), (164 bytes).
    Removing bma2x2.o(i.bma2x2_set_sleep_timer_mode), (88 bytes).
    Removing bma2x2.o(i.bma2x2_set_slow_comp), (196 bytes).
    Removing bma2x2.o(i.bma2x2_set_slow_no_motion), (248 bytes).
    Removing bma2x2.o(i.bma2x2_set_source), (344 bytes).
    Removing bma2x2.o(i.bma2x2_set_spi3), (76 bytes).
    Removing bma2x2.o(i.bma2x2_set_tap_durn), (76 bytes).
    Removing bma2x2.o(i.bma2x2_set_tap_quiet), (76 bytes).
    Removing bma2x2.o(i.bma2x2_set_tap_sample), (76 bytes).
    Removing bma2x2.o(i.bma2x2_set_tap_shock), (76 bytes).
    Removing bma2x2.o(i.bma2x2_set_tap_thres), (76 bytes).
    Removing bma2x2.o(i.bma2x2_set_theta), (112 bytes).
    Removing bma2x2.o(i.bma2x2_set_thres), (120 bytes).
    Removing bma2x2.o(i.bma2x2_soft_rst), (44 bytes).
    Removing bma2x2.o(i.bma2x2_update_image), (76 bytes).
    Removing bma2x2.o(i.get_accel_len_to_parse), (42 bytes).
    Removing bma2x2.o(i.unpack_accel_frame), (508 bytes).
    Removing bma2x2.o(i.unpack_accel_xyz), (196 bytes).
    Removing bma2x2_support.o(.rev16_text), (4 bytes).
    Removing bma2x2_support.o(.revsh_text), (4 bytes).
    Removing bma2x2_support.o(.rrx_text), (6 bytes).
    Removing bma2x2_support.o(i.BMA2x2_I2C_bus_read), (68 bytes).
    Removing bma2x2_support.o(i.BMA2x2_I2C_bus_write), (60 bytes).
    Removing bma2x2_support.o(i.I2C_routine), (40 bytes).
    Removing myiic.o(.rev16_text), (4 bytes).
    Removing myiic.o(.revsh_text), (4 bytes).
    Removing myiic.o(.rrx_text), (6 bytes).
    Removing myiic.o(i.I2C_WRITE_READ_STRING), (120 bytes).
    Removing myiic.o(i.I2C_WRITE_STRING), (68 bytes).
    Removing myiic.o(i.IIC_Ack), (92 bytes).
    Removing myiic.o(i.IIC_Init), (128 bytes).
    Removing myiic.o(i.IIC_NAck), (92 bytes).
    Removing myiic.o(i.IIC_Read_Byte), (124 bytes).
    Removing myiic.o(i.IIC_Send_Byte), (104 bytes).
    Removing myiic.o(i.IIC_Start), (76 bytes).
    Removing myiic.o(i.IIC_Stop), (92 bytes).
    Removing myiic.o(i.IIC_Wait_Ack), (116 bytes).
    Removing myiic.o(i.delay_us), (352 bytes).
    Removing main.o(.rev16_text), (4 bytes).
    Removing main.o(.revsh_text), (4 bytes).
    Removing main.o(.rrx_text), (6 bytes).
    Removing stm32f4xx_it.o(.rev16_text), (4 bytes).
    Removing stm32f4xx_it.o(.revsh_text), (4 bytes).
    Removing stm32f4xx_it.o(.rrx_text), (6 bytes).
    Removing stm32f4xx_hal.o(.rev16_text), (4 bytes).
    Removing stm32f4xx_hal.o(.revsh_text), (4 bytes).
    Removing stm32f4xx_hal.o(.rrx_text), (6 bytes).
    Removing stm32f4xx_hal.o(i.HAL_DBGMCU_DisableDBGSleepMode), (20 bytes).
    Removing stm32f4xx_hal.o(i.HAL_DBGMCU_DisableDBGStandbyMode), (20 bytes).
    Removing stm32f4xx_hal.o(i.HAL_DBGMCU_DisableDBGStopMode), (20 bytes).
    Removing stm32f4xx_hal.o(i.HAL_DBGMCU_EnableDBGSleepMode), (20 bytes).
    Removing stm32f4xx_hal.o(i.HAL_DBGMCU_EnableDBGStandbyMode), (20 bytes).
    Removing stm32f4xx_hal.o(i.HAL_DBGMCU_EnableDBGStopMode), (20 bytes).
    Removing stm32f4xx_hal.o(i.HAL_DeInit), (68 bytes).
    Removing stm32f4xx_hal.o(i.HAL_DisableCompensationCell), (28 bytes).
    Removing stm32f4xx_hal.o(i.HAL_EnableCompensationCell), (28 bytes).
    Removing stm32f4xx_hal.o(i.HAL_GetDEVID), (16 bytes).
    Removing stm32f4xx_hal.o(i.HAL_GetHalVersion), (6 bytes).
    Removing stm32f4xx_hal.o(i.HAL_GetREVID), (12 bytes).
    Removing stm32f4xx_hal.o(i.HAL_MspDeInit), (2 bytes).
    Removing stm32f4xx_hal.o(i.HAL_MspInit), (2 bytes).
    Removing stm32f4xx_hal.o(i.HAL_ResumeTick), (18 bytes).
    Removing stm32f4xx_hal.o(i.HAL_SuspendTick), (18 bytes).
    Removing stm32f4xx_hal_cortex.o(.rev16_text), (4 bytes).
    Removing stm32f4xx_hal_cortex.o(.revsh_text), (4 bytes).
    Removing stm32f4xx_hal_cortex.o(.rrx_text), (6 bytes).
    Removing stm32f4xx_hal_cortex.o(i.HAL_MPU_ConfigRegion), (92 bytes).
    Removing stm32f4xx_hal_cortex.o(i.HAL_NVIC_ClearPendingIRQ), (36 bytes).
    Removing stm32f4xx_hal_cortex.o(i.HAL_NVIC_DisableIRQ), (68 bytes).
    Removing stm32f4xx_hal_cortex.o(i.HAL_NVIC_GetActive), (48 bytes).
    Removing stm32f4xx_hal_cortex.o(i.HAL_NVIC_GetPendingIRQ), (48 bytes).
    Removing stm32f4xx_hal_cortex.o(i.HAL_NVIC_GetPriority), (148 bytes).
    Removing stm32f4xx_hal_cortex.o(i.HAL_NVIC_GetPriorityGrouping), (8 bytes).
    Removing stm32f4xx_hal_cortex.o(i.HAL_NVIC_SetPendingIRQ), (36 bytes).
    Removing stm32f4xx_hal_cortex.o(i.HAL_NVIC_SystemReset), (68 bytes).
    Removing stm32f4xx_hal_dma.o(.rev16_text), (4 bytes).
    Removing stm32f4xx_hal_dma.o(.revsh_text), (4 bytes).
    Removing stm32f4xx_hal_dma.o(.rrx_text), (6 bytes).
    Removing stm32f4xx_hal_dma.o(i.DMA_CalcBaseAndBitshift), (52 bytes).
    Removing stm32f4xx_hal_dma.o(i.DMA_CheckFifoParam), (186 bytes).
    Removing stm32f4xx_hal_dma.o(i.DMA_SetConfig), (44 bytes).
    Removing stm32f4xx_hal_dma.o(i.HAL_DMA_Abort), (170 bytes).
    Removing stm32f4xx_hal_dma.o(i.HAL_DMA_DeInit), (98 bytes).
    Removing stm32f4xx_hal_dma.o(i.HAL_DMA_GetError), (6 bytes).
    Removing stm32f4xx_hal_dma.o(i.HAL_DMA_GetState), (8 bytes).
    Removing stm32f4xx_hal_dma.o(i.HAL_DMA_IRQHandler), (584 bytes).
    Removing stm32f4xx_hal_dma.o(i.HAL_DMA_Init), (232 bytes).
    Removing stm32f4xx_hal_dma.o(i.HAL_DMA_PollForTransfer), (356 bytes).
    Removing stm32f4xx_hal_dma.o(i.HAL_DMA_RegisterCallback), (94 bytes).
    Removing stm32f4xx_hal_dma.o(i.HAL_DMA_Start), (102 bytes).
    Removing stm32f4xx_hal_dma.o(i.HAL_DMA_Start_IT), (158 bytes).
    Removing stm32f4xx_hal_dma.o(i.HAL_DMA_UnRegisterCallback), (124 bytes).
    Removing stm32f4xx_hal_dma.o(.constdata), (8 bytes).
    Removing stm32f4xx_hal_dma_ex.o(.rev16_text), (4 bytes).
    Removing stm32f4xx_hal_dma_ex.o(.revsh_text), (4 bytes).
    Removing stm32f4xx_hal_dma_ex.o(.rrx_text), (6 bytes).
    Removing stm32f4xx_hal_dma_ex.o(i.DMA_MultiBufferSetConfig), (32 bytes).
    Removing stm32f4xx_hal_dma_ex.o(i.HAL_DMAEx_ChangeMemory), (18 bytes).
    Removing stm32f4xx_hal_dma_ex.o(i.HAL_DMAEx_MultiBufferStart), (124 bytes).
    Removing stm32f4xx_hal_dma_ex.o(i.HAL_DMAEx_MultiBufferStart_IT), (4064 bytes).
    Removing stm32f4xx_hal_gpio.o(.rev16_text), (4 bytes).
    Removing stm32f4xx_hal_gpio.o(.revsh_text), (4 bytes).
    Removing stm32f4xx_hal_gpio.o(.rrx_text), (6 bytes).
    Removing stm32f4xx_hal_gpio.o(i.HAL_GPIO_DeInit), (356 bytes).
    Removing stm32f4xx_hal_gpio.o(i.HAL_GPIO_EXTI_Callback), (2 bytes).
    Removing stm32f4xx_hal_gpio.o(i.HAL_GPIO_EXTI_IRQHandler), (28 bytes).
    Removing stm32f4xx_hal_gpio.o(i.HAL_GPIO_LockPin), (46 bytes).
    Removing stm32f4xx_hal_gpio.o(i.HAL_GPIO_ReadPin), (16 bytes).
    Removing stm32f4xx_hal_gpio.o(i.HAL_GPIO_TogglePin), (8 bytes).
    Removing stm32f4xx_hal_pwr.o(.rev16_text), (4 bytes).
    Removing stm32f4xx_hal_pwr.o(.revsh_text), (4 bytes).
    Removing stm32f4xx_hal_pwr.o(.rrx_text), (6 bytes).
    Removing stm32f4xx_hal_pwr.o(i.HAL_PWR_ConfigPVD), (180 bytes).
    Removing stm32f4xx_hal_pwr.o(i.HAL_PWR_DeInit), (28 bytes).
    Removing stm32f4xx_hal_pwr.o(i.HAL_PWR_DisableBkUpAccess), (28 bytes).
    Removing stm32f4xx_hal_pwr.o(i.HAL_PWR_DisablePVD), (24 bytes).
    Removing stm32f4xx_hal_pwr.o(i.HAL_PWR_DisableSEVOnPend), (20 bytes).
    Removing stm32f4xx_hal_pwr.o(i.HAL_PWR_DisableSleepOnExit), (20 bytes).
    Removing stm32f4xx_hal_pwr.o(i.HAL_PWR_DisableWakeUpPin), (16 bytes).
    Removing stm32f4xx_hal_pwr.o(i.HAL_PWR_EnableBkUpAccess), (24 bytes).
    Removing stm32f4xx_hal_pwr.o(i.HAL_PWR_EnablePVD), (24 bytes).
    Removing stm32f4xx_hal_pwr.o(i.HAL_PWR_EnableSEVOnPend), (20 bytes).
    Removing stm32f4xx_hal_pwr.o(i.HAL_PWR_EnableSleepOnExit), (20 bytes).
    Removing stm32f4xx_hal_pwr.o(i.HAL_PWR_EnableWakeUpPin), (16 bytes).
    Removing stm32f4xx_hal_pwr.o(i.HAL_PWR_EnterSLEEPMode), (32 bytes).
    Removing stm32f4xx_hal_pwr.o(i.HAL_PWR_EnterSTANDBYMode), (40 bytes).
    Removing stm32f4xx_hal_pwr.o(i.HAL_PWR_EnterSTOPMode), (64 bytes).
    Removing stm32f4xx_hal_pwr.o(i.HAL_PWR_PVDCallback), (2 bytes).
    Removing stm32f4xx_hal_pwr.o(i.HAL_PWR_PVD_IRQHandler), (32 bytes).
    Removing stm32f4xx_hal_pwr_ex.o(.rev16_text), (4 bytes).
    Removing stm32f4xx_hal_pwr_ex.o(.revsh_text), (4 bytes).
    Removing stm32f4xx_hal_pwr_ex.o(.rrx_text), (6 bytes).
    Removing stm32f4xx_hal_pwr_ex.o(i.HAL_PWREx_ControlVoltageScaling), (120 bytes).
    Removing stm32f4xx_hal_pwr_ex.o(i.HAL_PWREx_DisableBkUpReg), (76 bytes).
    Removing stm32f4xx_hal_pwr_ex.o(i.HAL_PWREx_DisableFlashPowerDown), (28 bytes).
    Removing stm32f4xx_hal_pwr_ex.o(i.HAL_PWREx_EnableBkUpReg), (76 bytes).
    Removing stm32f4xx_hal_pwr_ex.o(i.HAL_PWREx_EnableFlashPowerDown), (24 bytes).
    Removing stm32f4xx_hal_pwr_ex.o(i.HAL_PWREx_GetVoltageRange), (16 bytes).
    Removing stm32f4xx_hal_rcc.o(.rev16_text), (4 bytes).
    Removing stm32f4xx_hal_rcc.o(.revsh_text), (4 bytes).
    Removing stm32f4xx_hal_rcc.o(.rrx_text), (6 bytes).
    Removing stm32f4xx_hal_rcc.o(i.HAL_RCC_CSSCallback), (2 bytes).
    Removing stm32f4xx_hal_rcc.o(i.HAL_RCC_DeInit), (2 bytes).
    Removing stm32f4xx_hal_rcc.o(i.HAL_RCC_DisableCSS), (12 bytes).
    Removing stm32f4xx_hal_rcc.o(i.HAL_RCC_EnableCSS), (12 bytes).
    Removing stm32f4xx_hal_rcc.o(i.HAL_RCC_GetClockConfig), (68 bytes).
    Removing stm32f4xx_hal_rcc.o(i.HAL_RCC_GetOscConfig), (296 bytes).
    Removing stm32f4xx_hal_rcc.o(i.HAL_RCC_GetPCLK1Freq), (44 bytes).
    Removing stm32f4xx_hal_rcc.o(i.HAL_RCC_GetPCLK2Freq), (44 bytes).
    Removing stm32f4xx_hal_rcc.o(i.HAL_RCC_MCOConfig), (192 bytes).
    Removing stm32f4xx_hal_rcc.o(i.HAL_RCC_NMI_IRQHandler), (32 bytes).
    Removing stm32f4xx_hal_rcc_ex.o(.rev16_text), (4 bytes).
    Removing stm32f4xx_hal_rcc_ex.o(.revsh_text), (4 bytes).
    Removing stm32f4xx_hal_rcc_ex.o(.rrx_text), (6 bytes).
    Removing stm32f4xx_hal_rcc_ex.o(i.HAL_RCCEx_GetPeriphCLKConfig), (80 bytes).
    Removing stm32f4xx_hal_rcc_ex.o(i.HAL_RCCEx_PeriphCLKConfig), (432 bytes).
    Removing stm32f4xx_hal_rcc_ex.o(i.HAL_RCC_DeInit), (128 bytes).
    Removing stm32f4xx_hal_tim.o(.rev16_text), (4 bytes).
    Removing stm32f4xx_hal_tim.o(.revsh_text), (4 bytes).
    Removing stm32f4xx_hal_tim.o(.rrx_text), (6 bytes).
    Removing stm32f4xx_hal_tim_ex.o(.rev16_text), (4 bytes).
    Removing stm32f4xx_hal_tim_ex.o(.revsh_text), (4 bytes).
    Removing stm32f4xx_hal_tim_ex.o(.rrx_text), (6 bytes).
    Removing stm32f4xx_hal_uart.o(.rev16_text), (4 bytes).
    Removing stm32f4xx_hal_uart.o(.revsh_text), (4 bytes).
    Removing stm32f4xx_hal_uart.o(.rrx_text), (6 bytes).
    Removing stm32f4xx_hal_usart.o(.rev16_text), (4 bytes).
    Removing stm32f4xx_hal_usart.o(.revsh_text), (4 bytes).
    Removing stm32f4xx_hal_usart.o(.rrx_text), (6 bytes).
    Removing stm32f4xx_hal_msp.o(.rev16_text), (4 bytes).
    Removing stm32f4xx_hal_msp.o(.revsh_text), (4 bytes).
    Removing stm32f4xx_hal_msp.o(.rrx_text), (6 bytes).
    Removing stm32f4xx_hal_msp.o(i.HAL_SPI_MspDeInit), (52 bytes).
    Removing system_stm32f4xx.o(.rev16_text), (4 bytes).
    Removing system_stm32f4xx.o(.revsh_text), (4 bytes).
    Removing system_stm32f4xx.o(.rrx_text), (6 bytes).
    Removing system_stm32f4xx.o(i.SystemCoreClockUpdate), (192 bytes).
    Removing system_stm32f4xx.o(.constdata), (24 bytes).
    Removing stm32f4xx_hal_spi.o(.rev16_text), (4 bytes).
    Removing stm32f4xx_hal_spi.o(.revsh_text), (4 bytes).
    Removing stm32f4xx_hal_spi.o(.rrx_text), (6 bytes).
    Removing stm32f4xx_hal_spi.o(i.HAL_SPI_DMAPause), (50 bytes).
    Removing stm32f4xx_hal_spi.o(i.HAL_SPI_DMAResume), (50 bytes).
    Removing stm32f4xx_hal_spi.o(i.HAL_SPI_DMAStop), (46 bytes).
    Removing stm32f4xx_hal_spi.o(i.HAL_SPI_DeInit), (54 bytes).
    Removing stm32f4xx_hal_spi.o(i.HAL_SPI_GetError), (6 bytes).
    Removing stm32f4xx_hal_spi.o(i.HAL_SPI_GetState), (8 bytes).
    Removing stm32f4xx_hal_spi.o(i.HAL_SPI_MspDeInit), (2 bytes).
    Removing stm32f4xx_hal_spi.o(i.HAL_SPI_MspInit), (2 bytes).
    Removing stm32f4xx_hal_spi.o(i.HAL_SPI_Receive_DMA), (252 bytes).
    Removing stm32f4xx_hal_spi.o(i.HAL_SPI_Receive_IT), (204 bytes).
    Removing stm32f4xx_hal_spi.o(i.HAL_SPI_RxCpltCallback), (2 bytes).
    Removing stm32f4xx_hal_spi.o(i.HAL_SPI_RxHalfCpltCallback), (2 bytes).
    Removing stm32f4xx_hal_spi.o(i.HAL_SPI_TransmitReceive_DMA), (324 bytes).
    Removing stm32f4xx_hal_spi.o(i.HAL_SPI_TransmitReceive_IT), (200 bytes).
    Removing stm32f4xx_hal_spi.o(i.HAL_SPI_Transmit_DMA), (220 bytes).
    Removing stm32f4xx_hal_spi.o(i.HAL_SPI_Transmit_IT), (184 bytes).
    Removing stm32f4xx_hal_spi.o(i.HAL_SPI_TxCpltCallback), (2 bytes).
    Removing stm32f4xx_hal_spi.o(i.HAL_SPI_TxHalfCpltCallback), (2 bytes).
    Removing stm32f4xx_hal_spi.o(i.HAL_SPI_TxRxCpltCallback), (2 bytes).
    Removing stm32f4xx_hal_spi.o(i.HAL_SPI_TxRxHalfCpltCallback), (2 bytes).
    Removing stm32f4xx_hal_spi.o(i.SPI_2linesRxISR_16BIT), (52 bytes).
    Removing stm32f4xx_hal_spi.o(i.SPI_2linesRxISR_8BIT), (50 bytes).
    Removing stm32f4xx_hal_spi.o(i.SPI_2linesTxISR_16BIT), (52 bytes).
    Removing stm32f4xx_hal_spi.o(i.SPI_2linesTxISR_8BIT), (50 bytes).
    Removing stm32f4xx_hal_spi.o(i.SPI_CloseRxTx_ISR), (188 bytes).
    Removing stm32f4xx_hal_spi.o(i.SPI_CloseRx_ISR), (104 bytes).
    Removing stm32f4xx_hal_spi.o(i.SPI_CloseTx_ISR), (160 bytes).
    Removing stm32f4xx_hal_spi.o(i.SPI_DMAError), (40 bytes).
    Removing stm32f4xx_hal_spi.o(i.SPI_DMAHalfReceiveCplt), (14 bytes).
    Removing stm32f4xx_hal_spi.o(i.SPI_DMAHalfTransmitCplt), (14 bytes).
    Removing stm32f4xx_hal_spi.o(i.SPI_DMAHalfTransmitReceiveCplt), (14 bytes).
    Removing stm32f4xx_hal_spi.o(i.SPI_DMAReceiveCplt), (96 bytes).
    Removing stm32f4xx_hal_spi.o(i.SPI_DMATransmitCplt), (114 bytes).
    Removing stm32f4xx_hal_spi.o(i.SPI_DMATransmitReceiveCplt), (90 bytes).
    Removing stm32f4xx_hal_spi.o(i.SPI_RxISR_16BIT), (36 bytes).
    Removing stm32f4xx_hal_spi.o(i.SPI_RxISR_8BIT), (34 bytes).
    Removing stm32f4xx_hal_spi.o(i.SPI_TxISR_16BIT), (36 bytes).
    Removing stm32f4xx_hal_spi.o(i.SPI_TxISR_8BIT), (34 bytes).

335 unused section(s) (total 29626 bytes) removed from the image.

==============================================================================

Image Symbol Table

    Local Symbols

    Symbol Name                              Value     Ov Type        Size  Object(Section)

    ../clib/angel/boardlib.s                 0x00000000   Number         0  boardinit3.o ABSOLUTE
    ../clib/angel/boardlib.s                 0x00000000   Number         0  boardinit2.o ABSOLUTE
    ../clib/angel/boardlib.s                 0x00000000   Number         0  boardinit1.o ABSOLUTE
    ../clib/angel/boardlib.s                 0x00000000   Number         0  boardshut.o ABSOLUTE
    ../clib/angel/handlers.s                 0x00000000   Number         0  __scatter_copy.o ABSOLUTE
    ../clib/angel/handlers.s                 0x00000000   Number         0  __scatter_zi.o ABSOLUTE
    ../clib/angel/kernel.s                   0x00000000   Number         0  rtexit.o ABSOLUTE
    ../clib/angel/kernel.s                   0x00000000   Number         0  rtexit2.o ABSOLUTE
    ../clib/angel/kernel.s                   0x00000000   Number         0  __rtentry4.o ABSOLUTE
    ../clib/angel/kernel.s                   0x00000000   Number         0  __rtentry2.o ABSOLUTE
    ../clib/angel/kernel.s                   0x00000000   Number         0  __rtentry.o ABSOLUTE
    ../clib/angel/rt.s                       0x00000000   Number         0  rt_raise.o ABSOLUTE
    ../clib/angel/scatter.s                  0x00000000   Number         0  __scatter.o ABSOLUTE
    ../clib/angel/startup.s                  0x00000000   Number         0  __main.o ABSOLUTE
    ../clib/angel/sys.s                      0x00000000   Number         0  libspace.o ABSOLUTE
    ../clib/angel/sys.s                      0x00000000   Number         0  sys_stackheap_outer.o ABSOLUTE
    ../clib/angel/sys.s                      0x00000000   Number         0  use_no_semi.o ABSOLUTE
    ../clib/angel/sys.s                      0x00000000   Number         0  indicate_semi.o ABSOLUTE
    ../clib/angel/sysapp.c                   0x00000000   Number         0  sys_exit.o ABSOLUTE
    ../clib/angel/sysapp.c                   0x00000000   Number         0  sys_command.o ABSOLUTE
    ../clib/angel/sysapp.c                   0x00000000   Number         0  sys_wrch.o ABSOLUTE
    ../clib/armsys.c                         0x00000000   Number         0  argv_veneer.o ABSOLUTE
    ../clib/armsys.c                         0x00000000   Number         0  argv_veneer.o ABSOLUTE
    ../clib/armsys.c                         0x00000000   Number         0  _get_argv_nomalloc.o ABSOLUTE
    ../clib/armsys.c                         0x00000000   Number         0  no_argv.o ABSOLUTE
    ../clib/heapalloc.c                      0x00000000   Number         0  hrguard.o ABSOLUTE
    ../clib/heapaux.c                        0x00000000   Number         0  heapauxi.o ABSOLUTE
    ../clib/libinit.s                        0x00000000   Number         0  libinit2.o ABSOLUTE
    ../clib/libinit.s                        0x00000000   Number         0  libshutdown.o ABSOLUTE
    ../clib/libinit.s                        0x00000000   Number         0  libshutdown2.o ABSOLUTE
    ../clib/libinit.s                        0x00000000   Number         0  libinit.o ABSOLUTE
    ../clib/signal.c                         0x00000000   Number         0  defsig_rtmem_inner.o ABSOLUTE
    ../clib/signal.c                         0x00000000   Number         0  defsig_rtmem_outer.o ABSOLUTE
    ../clib/signal.c                         0x00000000   Number         0  defsig_exit.o ABSOLUTE
    ../clib/signal.c                         0x00000000   Number         0  __raise.o ABSOLUTE
    ../clib/signal.c                         0x00000000   Number         0  defsig_general.o ABSOLUTE
    ../clib/signal.c                         0x00000000   Number         0  defsig_rtmem_formal.o ABSOLUTE
    ../clib/signal.c                         0x00000000   Number         0  defsig_other.o ABSOLUTE
    ../clib/signal.c                         0x00000000   Number         0  defsig_segv_inner.o ABSOLUTE
    ../clib/signal.c                         0x00000000   Number         0  defsig_cppl_inner.o ABSOLUTE
    ../clib/signal.c                         0x00000000   Number         0  defsig_pvfn_inner.o ABSOLUTE
    ../clib/signal.c                         0x00000000   Number         0  defsig_stak_inner.o ABSOLUTE
    ../clib/signal.c                         0x00000000   Number         0  defsig_rtred_inner.o ABSOLUTE
    ../clib/signal.c                         0x00000000   Number         0  defsig_fpe_inner.o ABSOLUTE
    ../clib/signal.c                         0x00000000   Number         0  defsig_abrt_inner.o ABSOLUTE
    ../clib/signal.s                         0x00000000   Number         0  defsig.o ABSOLUTE
    ../clib/stdlib.c                         0x00000000   Number         0  exit.o ABSOLUTE
    ../fplib/fpinit.s                        0x00000000   Number         0  fpinit.o ABSOLUTE
    C:\Keil_v5\ARM\PACK\Keil\STM32F4xx_DFP\2.11.0\Drivers\STM32F4xx_HAL_Driver\Src\stm32f4xx_hal.c 0x00000000   Number         0  stm32f4xx_hal.o ABSOLUTE
    C:\Keil_v5\ARM\PACK\Keil\STM32F4xx_DFP\2.11.0\Drivers\STM32F4xx_HAL_Driver\Src\stm32f4xx_hal_cortex.c 0x00000000   Number         0  stm32f4xx_hal_cortex.o ABSOLUTE
    C:\Keil_v5\ARM\PACK\Keil\STM32F4xx_DFP\2.11.0\Drivers\STM32F4xx_HAL_Driver\Src\stm32f4xx_hal_dma.c 0x00000000   Number         0  stm32f4xx_hal_dma.o ABSOLUTE
    C:\Keil_v5\ARM\PACK\Keil\STM32F4xx_DFP\2.11.0\Drivers\STM32F4xx_HAL_Driver\Src\stm32f4xx_hal_dma_ex.c 0x00000000   Number         0  stm32f4xx_hal_dma_ex.o ABSOLUTE
    C:\Keil_v5\ARM\PACK\Keil\STM32F4xx_DFP\2.11.0\Drivers\STM32F4xx_HAL_Driver\Src\stm32f4xx_hal_gpio.c 0x00000000   Number         0  stm32f4xx_hal_gpio.o ABSOLUTE
    C:\Keil_v5\ARM\PACK\Keil\STM32F4xx_DFP\2.11.0\Drivers\STM32F4xx_HAL_Driver\Src\stm32f4xx_hal_pwr.c 0x00000000   Number         0  stm32f4xx_hal_pwr.o ABSOLUTE
    C:\Keil_v5\ARM\PACK\Keil\STM32F4xx_DFP\2.11.0\Drivers\STM32F4xx_HAL_Driver\Src\stm32f4xx_hal_pwr_ex.c 0x00000000   Number         0  stm32f4xx_hal_pwr_ex.o ABSOLUTE
    C:\Keil_v5\ARM\PACK\Keil\STM32F4xx_DFP\2.11.0\Drivers\STM32F4xx_HAL_Driver\Src\stm32f4xx_hal_rcc.c 0x00000000   Number         0  stm32f4xx_hal_rcc.o ABSOLUTE
    C:\Keil_v5\ARM\PACK\Keil\STM32F4xx_DFP\2.11.0\Drivers\STM32F4xx_HAL_Driver\Src\stm32f4xx_hal_rcc_ex.c 0x00000000   Number         0  stm32f4xx_hal_rcc_ex.o ABSOLUTE
    C:\Keil_v5\ARM\PACK\Keil\STM32F4xx_DFP\2.11.0\Drivers\STM32F4xx_HAL_Driver\Src\stm32f4xx_hal_spi.c 0x00000000   Number         0  stm32f4xx_hal_spi.o ABSOLUTE
    C:\Keil_v5\ARM\PACK\Keil\STM32F4xx_DFP\2.11.0\Drivers\STM32F4xx_HAL_Driver\Src\stm32f4xx_hal_tim.c 0x00000000   Number         0  stm32f4xx_hal_tim.o ABSOLUTE
    C:\Keil_v5\ARM\PACK\Keil\STM32F4xx_DFP\2.11.0\Drivers\STM32F4xx_HAL_Driver\Src\stm32f4xx_hal_tim_ex.c 0x00000000   Number         0  stm32f4xx_hal_tim_ex.o ABSOLUTE
    C:\Keil_v5\ARM\PACK\Keil\STM32F4xx_DFP\2.11.0\Drivers\STM32F4xx_HAL_Driver\Src\stm32f4xx_hal_uart.c 0x00000000   Number         0  stm32f4xx_hal_uart.o ABSOLUTE
    C:\Keil_v5\ARM\PACK\Keil\STM32F4xx_DFP\2.11.0\Drivers\STM32F4xx_HAL_Driver\Src\stm32f4xx_hal_usart.c 0x00000000   Number         0  stm32f4xx_hal_usart.o ABSOLUTE
    C:\\Keil_v5\\ARM\\PACK\\Keil\\STM32F4xx_DFP\\2.11.0\\Drivers\\STM32F4xx_HAL_Driver\\Src\\stm32f4xx_hal.c 0x00000000   Number         0  stm32f4xx_hal.o ABSOLUTE
    C:\\Keil_v5\\ARM\\PACK\\Keil\\STM32F4xx_DFP\\2.11.0\\Drivers\\STM32F4xx_HAL_Driver\\Src\\stm32f4xx_hal_cortex.c 0x00000000   Number         0  stm32f4xx_hal_cortex.o ABSOLUTE
    C:\\Keil_v5\\ARM\\PACK\\Keil\\STM32F4xx_DFP\\2.11.0\\Drivers\\STM32F4xx_HAL_Driver\\Src\\stm32f4xx_hal_dma.c 0x00000000   Number         0  stm32f4xx_hal_dma.o ABSOLUTE
    C:\\Keil_v5\\ARM\\PACK\\Keil\\STM32F4xx_DFP\\2.11.0\\Drivers\\STM32F4xx_HAL_Driver\\Src\\stm32f4xx_hal_dma_ex.c 0x00000000   Number         0  stm32f4xx_hal_dma_ex.o ABSOLUTE
    C:\\Keil_v5\\ARM\\PACK\\Keil\\STM32F4xx_DFP\\2.11.0\\Drivers\\STM32F4xx_HAL_Driver\\Src\\stm32f4xx_hal_gpio.c 0x00000000   Number         0  stm32f4xx_hal_gpio.o ABSOLUTE
    C:\\Keil_v5\\ARM\\PACK\\Keil\\STM32F4xx_DFP\\2.11.0\\Drivers\\STM32F4xx_HAL_Driver\\Src\\stm32f4xx_hal_pwr.c 0x00000000   Number         0  stm32f4xx_hal_pwr.o ABSOLUTE
    C:\\Keil_v5\\ARM\\PACK\\Keil\\STM32F4xx_DFP\\2.11.0\\Drivers\\STM32F4xx_HAL_Driver\\Src\\stm32f4xx_hal_pwr_ex.c 0x00000000   Number         0  stm32f4xx_hal_pwr_ex.o ABSOLUTE
    C:\\Keil_v5\\ARM\\PACK\\Keil\\STM32F4xx_DFP\\2.11.0\\Drivers\\STM32F4xx_HAL_Driver\\Src\\stm32f4xx_hal_rcc.c 0x00000000   Number         0  stm32f4xx_hal_rcc.o ABSOLUTE
    C:\\Keil_v5\\ARM\\PACK\\Keil\\STM32F4xx_DFP\\2.11.0\\Drivers\\STM32F4xx_HAL_Driver\\Src\\stm32f4xx_hal_rcc_ex.c 0x00000000   Number         0  stm32f4xx_hal_rcc_ex.o ABSOLUTE
    C:\\Keil_v5\\ARM\\PACK\\Keil\\STM32F4xx_DFP\\2.11.0\\Drivers\\STM32F4xx_HAL_Driver\\Src\\stm32f4xx_hal_spi.c 0x00000000   Number         0  stm32f4xx_hal_spi.o ABSOLUTE
    C:\\Keil_v5\\ARM\\PACK\\Keil\\STM32F4xx_DFP\\2.11.0\\Drivers\\STM32F4xx_HAL_Driver\\Src\\stm32f4xx_hal_tim.c 0x00000000   Number         0  stm32f4xx_hal_tim.o ABSOLUTE
    C:\\Keil_v5\\ARM\\PACK\\Keil\\STM32F4xx_DFP\\2.11.0\\Drivers\\STM32F4xx_HAL_Driver\\Src\\stm32f4xx_hal_tim_ex.c 0x00000000   Number         0  stm32f4xx_hal_tim_ex.o ABSOLUTE
    C:\\Keil_v5\\ARM\\PACK\\Keil\\STM32F4xx_DFP\\2.11.0\\Drivers\\STM32F4xx_HAL_Driver\\Src\\stm32f4xx_hal_uart.c 0x00000000   Number         0  stm32f4xx_hal_uart.o ABSOLUTE
    C:\\Keil_v5\\ARM\\PACK\\Keil\\STM32F4xx_DFP\\2.11.0\\Drivers\\STM32F4xx_HAL_Driver\\Src\\stm32f4xx_hal_usart.c 0x00000000   Number         0  stm32f4xx_hal_usart.o ABSOLUTE
    D:\\\271\244\327\367\263\311\271\373\\Myself\\\313\256\265\257\270\320\323\246\261\263\320\304\\\262\342\312\324\\\320\255\264\246\300\355\306\367\262\342\312\324\\RTE\\Device\\STM32F407ZETx\\STCubeGenerated\\Src\\stm32f4xx_hal_msp.c 0x00000000   Number         0  stm32f4xx_hal_msp.o ABSOLUTE
    D:\工作成果\Myself\水弹感应背心\测试\协处理器测试\RTE\Device\STM32F407ZETx\STCubeGenerated\Src\stm32f4xx_hal_msp.c 0x00000000   Number         0  stm32f4xx_hal_msp.o ABSOLUTE
    Device\BMA2x2\bma2x2.c                   0x00000000   Number         0  bma2x2.o ABSOLUTE
    Device\BMA2x2\bma2x2_support.c           0x00000000   Number         0  bma2x2_support.o ABSOLUTE
    Device\\BMA2x2\\bma2x2_support.c         0x00000000   Number         0  bma2x2_support.o ABSOLUTE
    Device\\myiic.c                          0x00000000   Number         0  myiic.o ABSOLUTE
    Device\myiic.c                           0x00000000   Number         0  myiic.o ABSOLUTE
    RTE\Device\STM32F407ZETx\STCubeGenerated\Src\main.c 0x00000000   Number         0  main.o ABSOLUTE
    RTE\Device\STM32F407ZETx\STCubeGenerated\Src\stm32f4xx_it.c 0x00000000   Number         0  stm32f4xx_it.o ABSOLUTE
    RTE\Device\STM32F407ZETx\startup_stm32f407xx.s 0x00000000   Number         0  startup_stm32f407xx.o ABSOLUTE
    RTE\Device\STM32F407ZETx\system_stm32f4xx.c 0x00000000   Number         0  system_stm32f4xx.o ABSOLUTE
    RTE\\Device\\STM32F407ZETx\\STCubeGenerated\\Src\\main.c 0x00000000   Number         0  main.o ABSOLUTE
    RTE\\Device\\STM32F407ZETx\\STCubeGenerated\\Src\\stm32f4xx_it.c 0x00000000   Number         0  stm32f4xx_it.o ABSOLUTE
    RTE\\Device\\STM32F407ZETx\\system_stm32f4xx.c 0x00000000   Number         0  system_stm32f4xx.o ABSOLUTE
    dc.s                                     0x00000000   Number         0  dc.o ABSOLUTE
    RESET                                    0x08000000   Section      392  startup_stm32f407xx.o(RESET)
    !!!main                                  0x08000188   Section        8  __main.o(!!!main)
    !!!scatter                               0x08000190   Section       52  __scatter.o(!!!scatter)
    !!handler_copy                           0x080001c4   Section       26  __scatter_copy.o(!!handler_copy)
    !!handler_zi                             0x080001e0   Section       28  __scatter_zi.o(!!handler_zi)
    .ARM.Collect$$libinit$$00000000          0x080001fc   Section        2  libinit.o(.ARM.Collect$$libinit$$00000000)
    .ARM.Collect$$libinit$$00000001          0x080001fe   Section        4  libinit2.o(.ARM.Collect$$libinit$$00000001)
    .ARM.Collect$$libinit$$00000004          0x08000202   Section        0  libinit2.o(.ARM.Collect$$libinit$$00000004)
    .ARM.Collect$$libinit$$0000000A          0x08000202   Section        0  libinit2.o(.ARM.Collect$$libinit$$0000000A)
    .ARM.Collect$$libinit$$0000000C          0x08000202   Section        0  libinit2.o(.ARM.Collect$$libinit$$0000000C)
    .ARM.Collect$$libinit$$0000000E          0x08000202   Section        0  libinit2.o(.ARM.Collect$$libinit$$0000000E)
    .ARM.Collect$$libinit$$00000011          0x08000202   Section        0  libinit2.o(.ARM.Collect$$libinit$$00000011)
    .ARM.Collect$$libinit$$00000013          0x08000202   Section        0  libinit2.o(.ARM.Collect$$libinit$$00000013)
    .ARM.Collect$$libinit$$00000015          0x08000202   Section        0  libinit2.o(.ARM.Collect$$libinit$$00000015)
    .ARM.Collect$$libinit$$00000017          0x08000202   Section        0  libinit2.o(.ARM.Collect$$libinit$$00000017)
    .ARM.Collect$$libinit$$00000019          0x08000202   Section        0  libinit2.o(.ARM.Collect$$libinit$$00000019)
    .ARM.Collect$$libinit$$0000001B          0x08000202   Section        0  libinit2.o(.ARM.Collect$$libinit$$0000001B)
    .ARM.Collect$$libinit$$0000001D          0x08000202   Section        0  libinit2.o(.ARM.Collect$$libinit$$0000001D)
    .ARM.Collect$$libinit$$0000001F          0x08000202   Section        0  libinit2.o(.ARM.Collect$$libinit$$0000001F)
    .ARM.Collect$$libinit$$00000021          0x08000202   Section        0  libinit2.o(.ARM.Collect$$libinit$$00000021)
    .ARM.Collect$$libinit$$00000023          0x08000202   Section        0  libinit2.o(.ARM.Collect$$libinit$$00000023)
    .ARM.Collect$$libinit$$00000025          0x08000202   Section        0  libinit2.o(.ARM.Collect$$libinit$$00000025)
    .ARM.Collect$$libinit$$0000002C          0x08000202   Section        0  libinit2.o(.ARM.Collect$$libinit$$0000002C)
    .ARM.Collect$$libinit$$0000002E          0x08000202   Section        0  libinit2.o(.ARM.Collect$$libinit$$0000002E)
    .ARM.Collect$$libinit$$00000030          0x08000202   Section        0  libinit2.o(.ARM.Collect$$libinit$$00000030)
    .ARM.Collect$$libinit$$00000032          0x08000202   Section        0  libinit2.o(.ARM.Collect$$libinit$$00000032)
    .ARM.Collect$$libinit$$00000033          0x08000202   Section        2  libinit2.o(.ARM.Collect$$libinit$$00000033)
    .ARM.Collect$$libshutdown$$00000000      0x08000204   Section        2  libshutdown.o(.ARM.Collect$$libshutdown$$00000000)
    .ARM.Collect$$libshutdown$$00000002      0x08000206   Section        0  libshutdown2.o(.ARM.Collect$$libshutdown$$00000002)
    .ARM.Collect$$libshutdown$$00000004      0x08000206   Section        0  libshutdown2.o(.ARM.Collect$$libshutdown$$00000004)
    .ARM.Collect$$libshutdown$$00000007      0x08000206   Section        0  libshutdown2.o(.ARM.Collect$$libshutdown$$00000007)
    .ARM.Collect$$libshutdown$$0000000A      0x08000206   Section        0  libshutdown2.o(.ARM.Collect$$libshutdown$$0000000A)
    .ARM.Collect$$libshutdown$$0000000C      0x08000206   Section        0  libshutdown2.o(.ARM.Collect$$libshutdown$$0000000C)
    .ARM.Collect$$libshutdown$$0000000F      0x08000206   Section        0  libshutdown2.o(.ARM.Collect$$libshutdown$$0000000F)
    .ARM.Collect$$libshutdown$$00000010      0x08000206   Section        2  libshutdown2.o(.ARM.Collect$$libshutdown$$00000010)
    .ARM.Collect$$rtentry$$00000000          0x08000208   Section        0  __rtentry.o(.ARM.Collect$$rtentry$$00000000)
    .ARM.Collect$$rtentry$$00000002          0x08000208   Section        0  __rtentry2.o(.ARM.Collect$$rtentry$$00000002)
    .ARM.Collect$$rtentry$$00000004          0x08000208   Section        6  __rtentry4.o(.ARM.Collect$$rtentry$$00000004)
    .ARM.Collect$$rtentry$$00000009          0x0800020e   Section        0  __rtentry2.o(.ARM.Collect$$rtentry$$00000009)
    .ARM.Collect$$rtentry$$0000000A          0x0800020e   Section        4  __rtentry2.o(.ARM.Collect$$rtentry$$0000000A)
    .ARM.Collect$$rtentry$$0000000C          0x08000212   Section        0  __rtentry2.o(.ARM.Collect$$rtentry$$0000000C)
    .ARM.Collect$$rtentry$$0000000D          0x08000212   Section        8  __rtentry2.o(.ARM.Collect$$rtentry$$0000000D)
    .ARM.Collect$$rtexit$$00000000           0x0800021a   Section        2  rtexit.o(.ARM.Collect$$rtexit$$00000000)
    .ARM.Collect$$rtexit$$00000002           0x0800021c   Section        0  rtexit2.o(.ARM.Collect$$rtexit$$00000002)
    .ARM.Collect$$rtexit$$00000003           0x0800021c   Section        4  rtexit2.o(.ARM.Collect$$rtexit$$00000003)
    .ARM.Collect$$rtexit$$00000004           0x08000220   Section        6  rtexit2.o(.ARM.Collect$$rtexit$$00000004)
    .text                                    0x08000228   Section       64  startup_stm32f407xx.o(.text)
    $v0                                      0x08000228   Number         0  startup_stm32f407xx.o(.text)
    .text                                    0x08000268   Section        0  heapauxi.o(.text)
    .text                                    0x0800026e   Section       74  sys_stackheap_outer.o(.text)
    .text                                    0x080002b8   Section        0  exit.o(.text)
    .text                                    0x080002cc   Section        8  libspace.o(.text)
    .text                                    0x080002d4   Section        0  sys_exit.o(.text)
    .text                                    0x080002e0   Section        2  use_no_semi.o(.text)
    .text                                    0x080002e2   Section        0  indicate_semi.o(.text)
    i.BMA2x2_SPI_bus_read                    0x080002e4   Section        0  bma2x2_support.o(i.BMA2x2_SPI_bus_read)
    i.BMA2x2_SPI_bus_write                   0x0800035c   Section        0  bma2x2_support.o(i.BMA2x2_SPI_bus_write)
    i.BMA2x2_delay_msek                      0x080003c8   Section        0  bma2x2_support.o(i.BMA2x2_delay_msek)
    i.BusFault_Handler                       0x08000532   Section        0  stm32f4xx_it.o(i.BusFault_Handler)
    i.DebugMon_Handler                       0x08000536   Section        0  stm32f4xx_it.o(i.DebugMon_Handler)
    i.HAL_DMA_Abort_IT                       0x08000538   Section        0  stm32f4xx_hal_dma.o(i.HAL_DMA_Abort_IT)
    i.HAL_Delay                              0x08000560   Section        0  stm32f4xx_hal.o(i.HAL_Delay)
    i.HAL_GPIO_Init                          0x0800057c   Section        0  stm32f4xx_hal_gpio.o(i.HAL_GPIO_Init)
    i.HAL_GPIO_WritePin                      0x0800077c   Section        0  stm32f4xx_hal_gpio.o(i.HAL_GPIO_WritePin)
    i.HAL_GetTick                            0x08000788   Section        0  stm32f4xx_hal.o(i.HAL_GetTick)
    i.HAL_IncTick                            0x08000794   Section        0  stm32f4xx_hal.o(i.HAL_IncTick)
    i.HAL_Init                               0x080007a4   Section        0  stm32f4xx_hal.o(i.HAL_Init)
    i.HAL_InitTick                           0x080007e0   Section        0  stm32f4xx_hal.o(i.HAL_InitTick)
    i.HAL_MspInit                            0x08000808   Section        0  stm32f4xx_hal_msp.o(i.HAL_MspInit)
    i.HAL_NVIC_EnableIRQ                     0x0800085e   Section        0  stm32f4xx_hal_cortex.o(i.HAL_NVIC_EnableIRQ)
    i.HAL_NVIC_SetPriority                   0x0800087e   Section        0  stm32f4xx_hal_cortex.o(i.HAL_NVIC_SetPriority)
    i.HAL_NVIC_SetPriorityGrouping           0x080008fc   Section        0  stm32f4xx_hal_cortex.o(i.HAL_NVIC_SetPriorityGrouping)
    i.HAL_RCC_ClockConfig                    0x08000924   Section        0  stm32f4xx_hal_rcc.o(i.HAL_RCC_ClockConfig)
    i.HAL_RCC_GetHCLKFreq                    0x08000af4   Section        0  stm32f4xx_hal_rcc.o(i.HAL_RCC_GetHCLKFreq)
    i.HAL_RCC_GetSysClockFreq                0x08000b00   Section        0  stm32f4xx_hal_rcc.o(i.HAL_RCC_GetSysClockFreq)
    i.HAL_RCC_OscConfig                      0x08000bb4   Section        0  stm32f4xx_hal_rcc.o(i.HAL_RCC_OscConfig)
    i.HAL_SPI_ErrorCallback                  0x08001000   Section        0  stm32f4xx_hal_spi.o(i.HAL_SPI_ErrorCallback)
    i.HAL_SPI_IRQHandler                     0x08001004   Section        0  stm32f4xx_hal_spi.o(i.HAL_SPI_IRQHandler)
    i.HAL_SPI_Init                           0x0800113c   Section        0  stm32f4xx_hal_spi.o(i.HAL_SPI_Init)
    i.HAL_SPI_MspInit                        0x080011c8   Section        0  stm32f4xx_hal_msp.o(i.HAL_SPI_MspInit)
    i.HAL_SPI_Receive                        0x08001234   Section        0  stm32f4xx_hal_spi.o(i.HAL_SPI_Receive)
    i.HAL_SPI_Transmit                       0x080013a0   Section        0  stm32f4xx_hal_spi.o(i.HAL_SPI_Transmit)
    i.HAL_SPI_TransmitReceive                0x08001546   Section        0  stm32f4xx_hal_spi.o(i.HAL_SPI_TransmitReceive)
    i.HAL_SYSTICK_CLKSourceConfig            0x08001764   Section        0  stm32f4xx_hal_cortex.o(i.HAL_SYSTICK_CLKSourceConfig)
    i.HAL_SYSTICK_Callback                   0x0800178c   Section        0  stm32f4xx_hal_cortex.o(i.HAL_SYSTICK_Callback)
    i.HAL_SYSTICK_Config                     0x0800178e   Section        0  stm32f4xx_hal_cortex.o(i.HAL_SYSTICK_Config)
    i.HAL_SYSTICK_IRQHandler                 0x080017c2   Section        0  stm32f4xx_hal_cortex.o(i.HAL_SYSTICK_IRQHandler)
    i.HardFault_Handler                      0x080017ca   Section        0  stm32f4xx_it.o(i.HardFault_Handler)
    i.MX_GPIO_Init                           0x080017d0   Section        0  main.o(i.MX_GPIO_Init)
    MX_GPIO_Init                             0x080017d1   Thumb Code   144  main.o(i.MX_GPIO_Init)
    i.MX_SPI1_Init                           0x08001868   Section        0  main.o(i.MX_SPI1_Init)
    MX_SPI1_Init                             0x08001869   Thumb Code    64  main.o(i.MX_SPI1_Init)
    i.MemManage_Handler                      0x080018e4   Section        0  stm32f4xx_it.o(i.MemManage_Handler)
    i.NMI_Handler                            0x080018e8   Section        0  stm32f4xx_it.o(i.NMI_Handler)
    i.PendSV_Handler                         0x080018ea   Section        0  stm32f4xx_it.o(i.PendSV_Handler)
    i.SPI1_IRQHandler                        0x080018ec   Section        0  stm32f4xx_it.o(i.SPI1_IRQHandler)
    i.SPI_CheckFlag_BSY                      0x080018fc   Section        0  stm32f4xx_hal_spi.o(i.SPI_CheckFlag_BSY)
    SPI_CheckFlag_BSY                        0x080018fd   Thumb Code    40  stm32f4xx_hal_spi.o(i.SPI_CheckFlag_BSY)
    i.SPI_DMAAbortOnError                    0x08001924   Section        0  stm32f4xx_hal_spi.o(i.SPI_DMAAbortOnError)
    SPI_DMAAbortOnError                      0x08001925   Thumb Code    20  stm32f4xx_hal_spi.o(i.SPI_DMAAbortOnError)
    i.SPI_WaitFlagStateUntilTimeout          0x08001938   Section        0  stm32f4xx_hal_spi.o(i.SPI_WaitFlagStateUntilTimeout)
    SPI_WaitFlagStateUntilTimeout            0x08001939   Thumb Code   170  stm32f4xx_hal_spi.o(i.SPI_WaitFlagStateUntilTimeout)
    i.SPI_routine                            0x080019e4   Section        0  bma2x2_support.o(i.SPI_routine)
    i.SVC_Handler                            0x08001a08   Section        0  stm32f4xx_it.o(i.SVC_Handler)
    i.SysTick_Handler                        0x08001a0a   Section        0  stm32f4xx_it.o(i.SysTick_Handler)
    i.SystemClock_Config                     0x08001a18   Section        0  main.o(i.SystemClock_Config)
    i.SystemInit                             0x08001b1c   Section        0  system_stm32f4xx.o(i.SystemInit)
    i.UsageFault_Handler                     0x08001b80   Section        0  stm32f4xx_it.o(i.UsageFault_Handler)
    i._Error_Handler                         0x08001b84   Section        0  main.o(i._Error_Handler)
    i.__NVIC_GetPriorityGrouping             0x08001b88   Section        0  stm32f4xx_hal_cortex.o(i.__NVIC_GetPriorityGrouping)
    __NVIC_GetPriorityGrouping               0x08001b89   Thumb Code    10  stm32f4xx_hal_cortex.o(i.__NVIC_GetPriorityGrouping)
    i.__NVIC_SetPriority                     0x08001b98   Section        0  stm32f4xx_hal_cortex.o(i.__NVIC_SetPriority)
    __NVIC_SetPriority                       0x08001b99   Thumb Code    32  stm32f4xx_hal_cortex.o(i.__NVIC_SetPriority)
    i.bma2x2_data_readout_template           0x08001bc0   Section        0  bma2x2_support.o(i.bma2x2_data_readout_template)
    i.bma2x2_get_bw                          0x08001c2c   Section        0  bma2x2.o(i.bma2x2_get_bw)
    i.bma2x2_init                            0x08001c74   Section        0  bma2x2.o(i.bma2x2_init)
    i.bma2x2_read_accel_x                    0x08001cd0   Section        0  bma2x2.o(i.bma2x2_read_accel_x)
    i.bma2x2_read_accel_xyz                  0x08001da4   Section        0  bma2x2.o(i.bma2x2_read_accel_xyz)
    i.bma2x2_read_accel_xyzt                 0x08001f28   Section        0  bma2x2.o(i.bma2x2_read_accel_xyzt)
    i.bma2x2_read_accel_y                    0x080020c0   Section        0  bma2x2.o(i.bma2x2_read_accel_y)
    i.bma2x2_read_accel_z                    0x08002194   Section        0  bma2x2.o(i.bma2x2_read_accel_z)
    i.bma2x2_read_reg                        0x08002268   Section        0  bma2x2.o(i.bma2x2_read_reg)
    i.bma2x2_set_bw                          0x080022a4   Section        0  bma2x2.o(i.bma2x2_set_bw)
    i.bma2x2_set_mode_value                  0x080023b8   Section        0  bma2x2.o(i.bma2x2_set_mode_value)
    i.bma2x2_set_power_mode                  0x08002448   Section        0  bma2x2.o(i.bma2x2_set_power_mode)
    i.bma2x2_set_range                       0x08002564   Section        0  bma2x2.o(i.bma2x2_set_range)
    i.bma2x2_write_reg                       0x08002610   Section        0  bma2x2.o(i.bma2x2_write_reg)
    i.main                                   0x08002660   Section        0  main.o(i.main)
    x$fpl$fpinit                             0x0800269a   Section       10  fpinit.o(x$fpl$fpinit)
    $v0                                      0x0800269a   Number         0  fpinit.o(x$fpl$fpinit)
    .constdata                               0x080026a4   Section        5  bma2x2_support.o(.constdata)
    .constdata                               0x080026a9   Section       16  stm32f4xx_hal_rcc.o(.constdata)
    .data                                    0x20000000   Section        5  bma2x2.o(.data)
    p_bma2x2                                 0x20000000   Data           4  bma2x2.o(.data)
    .data                                    0x20000008   Section        4  stm32f4xx_hal.o(.data)
    .data                                    0x2000000c   Section        4  system_stm32f4xx.o(.data)
    .bss                                     0x20000010   Section       24  bma2x2_support.o(.bss)
    .bss                                     0x20000028   Section       88  main.o(.bss)
    .bss                                     0x20000080   Section       96  libspace.o(.bss)
    HEAP                                     0x200000e0   Section      512  startup_stm32f407xx.o(HEAP)
    Heap_Mem                                 0x200000e0   Data         512  startup_stm32f407xx.o(HEAP)
    STACK                                    0x200002e0   Section     1024  startup_stm32f407xx.o(STACK)
    Stack_Mem                                0x200002e0   Data        1024  startup_stm32f407xx.o(STACK)
    __initial_sp                             0x200006e0   Data           0  startup_stm32f407xx.o(STACK)

    Global Symbols

    Symbol Name                              Value     Ov Type        Size  Object(Section)

    BuildAttributes$$THM_ISAv4$E$P$D$K$B$S$7EM$VFPi3$EXTD16$VFPS$VFMA$PE$A:L22UL41UL21$X:L11$S22US41US21$IEEE1$IW$USESV6$~STKCKD$USESV7$~SHL$OSPACE$ROPI$EBA8$UX$STANDARDLIB$REQ8$PRES8$EABIv2 0x00000000   Number         0  anon$$obj.o ABSOLUTE
    __ARM_use_no_argv                        0x00000000   Number         0  main.o ABSOLUTE
    __ARM_exceptions_init                     - Undefined Weak Reference
    __alloca_initialize                       - Undefined Weak Reference
    __arm_preinit_                            - Undefined Weak Reference
    __cpp_initialize__aeabi_                  - Undefined Weak Reference
    __cxa_finalize                            - Undefined Weak Reference
    __rt_locale                               - Undefined Weak Reference
    __sigvec_lookup                           - Undefined Weak Reference
    _atexit_init                              - Undefined Weak Reference
    _call_atexit_fns                          - Undefined Weak Reference
    _clock_init                               - Undefined Weak Reference
    _fp_trap_init                             - Undefined Weak Reference
    _fp_trap_shutdown                         - Undefined Weak Reference
    _get_lc_collate                           - Undefined Weak Reference
    _get_lc_ctype                             - Undefined Weak Reference
    _get_lc_monetary                          - Undefined Weak Reference
    _get_lc_numeric                           - Undefined Weak Reference
    _get_lc_time                              - Undefined Weak Reference
    _getenv_init                              - Undefined Weak Reference
    _handle_redirection                       - Undefined Weak Reference
    _init_alloc                               - Undefined Weak Reference
    _init_user_alloc                          - Undefined Weak Reference
    _initio                                   - Undefined Weak Reference
    _rand_init                                - Undefined Weak Reference
    _signal_finish                            - Undefined Weak Reference
    _signal_init                              - Undefined Weak Reference
    _terminate_alloc                          - Undefined Weak Reference
    _terminate_user_alloc                     - Undefined Weak Reference
    _terminateio                              - Undefined Weak Reference
    __Vectors_Size                           0x00000188   Number         0  startup_stm32f407xx.o ABSOLUTE
    __Vectors                                0x08000000   Data           4  startup_stm32f407xx.o(RESET)
    __Vectors_End                            0x08000188   Data           0  startup_stm32f407xx.o(RESET)
    __main                                   0x08000189   Thumb Code     8  __main.o(!!!main)
    __scatterload                            0x08000191   Thumb Code     0  __scatter.o(!!!scatter)
    __scatterload_rt2                        0x08000191   Thumb Code    44  __scatter.o(!!!scatter)
    __scatterload_rt2_thumb_only             0x08000191   Thumb Code     0  __scatter.o(!!!scatter)
    __scatterload_null                       0x0800019f   Thumb Code     0  __scatter.o(!!!scatter)
    __scatterload_copy                       0x080001c5   Thumb Code    26  __scatter_copy.o(!!handler_copy)
    __scatterload_zeroinit                   0x080001e1   Thumb Code    28  __scatter_zi.o(!!handler_zi)
    __rt_lib_init                            0x080001fd   Thumb Code     0  libinit.o(.ARM.Collect$$libinit$$00000000)
    __rt_lib_init_fp_1                       0x080001ff   Thumb Code     0  libinit2.o(.ARM.Collect$$libinit$$00000001)
    __rt_lib_init_alloca_1                   0x08000203   Thumb Code     0  libinit2.o(.ARM.Collect$$libinit$$0000002E)
    __rt_lib_init_argv_1                     0x08000203   Thumb Code     0  libinit2.o(.ARM.Collect$$libinit$$0000002C)
    __rt_lib_init_atexit_1                   0x08000203   Thumb Code     0  libinit2.o(.ARM.Collect$$libinit$$0000001B)
    __rt_lib_init_clock_1                    0x08000203   Thumb Code     0  libinit2.o(.ARM.Collect$$libinit$$00000021)
    __rt_lib_init_cpp_1                      0x08000203   Thumb Code     0  libinit2.o(.ARM.Collect$$libinit$$00000032)
    __rt_lib_init_exceptions_1               0x08000203   Thumb Code     0  libinit2.o(.ARM.Collect$$libinit$$00000030)
    __rt_lib_init_fp_trap_1                  0x08000203   Thumb Code     0  libinit2.o(.ARM.Collect$$libinit$$0000001F)
    __rt_lib_init_getenv_1                   0x08000203   Thumb Code     0  libinit2.o(.ARM.Collect$$libinit$$00000023)
    __rt_lib_init_heap_1                     0x08000203   Thumb Code     0  libinit2.o(.ARM.Collect$$libinit$$0000000A)
    __rt_lib_init_lc_collate_1               0x08000203   Thumb Code     0  libinit2.o(.ARM.Collect$$libinit$$00000011)
    __rt_lib_init_lc_ctype_1                 0x08000203   Thumb Code     0  libinit2.o(.ARM.Collect$$libinit$$00000013)
    __rt_lib_init_lc_monetary_1              0x08000203   Thumb Code     0  libinit2.o(.ARM.Collect$$libinit$$00000015)
    __rt_lib_init_lc_numeric_1               0x08000203   Thumb Code     0  libinit2.o(.ARM.Collect$$libinit$$00000017)
    __rt_lib_init_lc_time_1                  0x08000203   Thumb Code     0  libinit2.o(.ARM.Collect$$libinit$$00000019)
    __rt_lib_init_preinit_1                  0x08000203   Thumb Code     0  libinit2.o(.ARM.Collect$$libinit$$00000004)
    __rt_lib_init_rand_1                     0x08000203   Thumb Code     0  libinit2.o(.ARM.Collect$$libinit$$0000000E)
    __rt_lib_init_return                     0x08000203   Thumb Code     0  libinit2.o(.ARM.Collect$$libinit$$00000033)
    __rt_lib_init_signal_1                   0x08000203   Thumb Code     0  libinit2.o(.ARM.Collect$$libinit$$0000001D)
    __rt_lib_init_stdio_1                    0x08000203   Thumb Code     0  libinit2.o(.ARM.Collect$$libinit$$00000025)
    __rt_lib_init_user_alloc_1               0x08000203   Thumb Code     0  libinit2.o(.ARM.Collect$$libinit$$0000000C)
    __rt_lib_shutdown                        0x08000205   Thumb Code     0  libshutdown.o(.ARM.Collect$$libshutdown$$00000000)
    __rt_lib_shutdown_cpp_1                  0x08000207   Thumb Code     0  libshutdown2.o(.ARM.Collect$$libshutdown$$00000002)
    __rt_lib_shutdown_fp_trap_1              0x08000207   Thumb Code     0  libshutdown2.o(.ARM.Collect$$libshutdown$$00000007)
    __rt_lib_shutdown_heap_1                 0x08000207   Thumb Code     0  libshutdown2.o(.ARM.Collect$$libshutdown$$0000000F)
    __rt_lib_shutdown_return                 0x08000207   Thumb Code     0  libshutdown2.o(.ARM.Collect$$libshutdown$$00000010)
    __rt_lib_shutdown_signal_1               0x08000207   Thumb Code     0  libshutdown2.o(.ARM.Collect$$libshutdown$$0000000A)
    __rt_lib_shutdown_stdio_1                0x08000207   Thumb Code     0  libshutdown2.o(.ARM.Collect$$libshutdown$$00000004)
    __rt_lib_shutdown_user_alloc_1           0x08000207   Thumb Code     0  libshutdown2.o(.ARM.Collect$$libshutdown$$0000000C)
    __rt_entry                               0x08000209   Thumb Code     0  __rtentry.o(.ARM.Collect$$rtentry$$00000000)
    __rt_entry_presh_1                       0x08000209   Thumb Code     0  __rtentry2.o(.ARM.Collect$$rtentry$$00000002)
    __rt_entry_sh                            0x08000209   Thumb Code     0  __rtentry4.o(.ARM.Collect$$rtentry$$00000004)
    __rt_entry_li                            0x0800020f   Thumb Code     0  __rtentry2.o(.ARM.Collect$$rtentry$$0000000A)
    __rt_entry_postsh_1                      0x0800020f   Thumb Code     0  __rtentry2.o(.ARM.Collect$$rtentry$$00000009)
    __rt_entry_main                          0x08000213   Thumb Code     0  __rtentry2.o(.ARM.Collect$$rtentry$$0000000D)
    __rt_entry_postli_1                      0x08000213   Thumb Code     0  __rtentry2.o(.ARM.Collect$$rtentry$$0000000C)
    __rt_exit                                0x0800021b   Thumb Code     0  rtexit.o(.ARM.Collect$$rtexit$$00000000)
    __rt_exit_ls                             0x0800021d   Thumb Code     0  rtexit2.o(.ARM.Collect$$rtexit$$00000003)
    __rt_exit_prels_1                        0x0800021d   Thumb Code     0  rtexit2.o(.ARM.Collect$$rtexit$$00000002)
    __rt_exit_exit                           0x08000221   Thumb Code     0  rtexit2.o(.ARM.Collect$$rtexit$$00000004)
    Reset_Handler                            0x08000229   Thumb Code     8  startup_stm32f407xx.o(.text)
    ADC_IRQHandler                           0x08000243   Thumb Code     0  startup_stm32f407xx.o(.text)
    CAN1_RX0_IRQHandler                      0x08000243   Thumb Code     0  startup_stm32f407xx.o(.text)
    CAN1_RX1_IRQHandler                      0x08000243   Thumb Code     0  startup_stm32f407xx.o(.text)
    CAN1_SCE_IRQHandler                      0x08000243   Thumb Code     0  startup_stm32f407xx.o(.text)
    CAN1_TX_IRQHandler                       0x08000243   Thumb Code     0  startup_stm32f407xx.o(.text)
    CAN2_RX0_IRQHandler                      0x08000243   Thumb Code     0  startup_stm32f407xx.o(.text)
    CAN2_RX1_IRQHandler                      0x08000243   Thumb Code     0  startup_stm32f407xx.o(.text)
    CAN2_SCE_IRQHandler                      0x08000243   Thumb Code     0  startup_stm32f407xx.o(.text)
    CAN2_TX_IRQHandler                       0x08000243   Thumb Code     0  startup_stm32f407xx.o(.text)
    DCMI_IRQHandler                          0x08000243   Thumb Code     0  startup_stm32f407xx.o(.text)
    DMA1_Stream0_IRQHandler                  0x08000243   Thumb Code     0  startup_stm32f407xx.o(.text)
    DMA1_Stream1_IRQHandler                  0x08000243   Thumb Code     0  startup_stm32f407xx.o(.text)
    DMA1_Stream2_IRQHandler                  0x08000243   Thumb Code     0  startup_stm32f407xx.o(.text)
    DMA1_Stream3_IRQHandler                  0x08000243   Thumb Code     0  startup_stm32f407xx.o(.text)
    DMA1_Stream4_IRQHandler                  0x08000243   Thumb Code     0  startup_stm32f407xx.o(.text)
    DMA1_Stream5_IRQHandler                  0x08000243   Thumb Code     0  startup_stm32f407xx.o(.text)
    DMA1_Stream6_IRQHandler                  0x08000243   Thumb Code     0  startup_stm32f407xx.o(.text)
    DMA1_Stream7_IRQHandler                  0x08000243   Thumb Code     0  startup_stm32f407xx.o(.text)
    DMA2_Stream0_IRQHandler                  0x08000243   Thumb Code     0  startup_stm32f407xx.o(.text)
    DMA2_Stream1_IRQHandler                  0x08000243   Thumb Code     0  startup_stm32f407xx.o(.text)
    DMA2_Stream2_IRQHandler                  0x08000243   Thumb Code     0  startup_stm32f407xx.o(.text)
    DMA2_Stream3_IRQHandler                  0x08000243   Thumb Code     0  startup_stm32f407xx.o(.text)
    DMA2_Stream4_IRQHandler                  0x08000243   Thumb Code     0  startup_stm32f407xx.o(.text)
    DMA2_Stream5_IRQHandler                  0x08000243   Thumb Code     0  startup_stm32f407xx.o(.text)
    DMA2_Stream6_IRQHandler                  0x08000243   Thumb Code     0  startup_stm32f407xx.o(.text)
    DMA2_Stream7_IRQHandler                  0x08000243   Thumb Code     0  startup_stm32f407xx.o(.text)
    ETH_IRQHandler                           0x08000243   Thumb Code     0  startup_stm32f407xx.o(.text)
    ETH_WKUP_IRQHandler                      0x08000243   Thumb Code     0  startup_stm32f407xx.o(.text)
    EXTI0_IRQHandler                         0x08000243   Thumb Code     0  startup_stm32f407xx.o(.text)
    EXTI15_10_IRQHandler                     0x08000243   Thumb Code     0  startup_stm32f407xx.o(.text)
    EXTI1_IRQHandler                         0x08000243   Thumb Code     0  startup_stm32f407xx.o(.text)
    EXTI2_IRQHandler                         0x08000243   Thumb Code     0  startup_stm32f407xx.o(.text)
    EXTI3_IRQHandler                         0x08000243   Thumb Code     0  startup_stm32f407xx.o(.text)
    EXTI4_IRQHandler                         0x08000243   Thumb Code     0  startup_stm32f407xx.o(.text)
    EXTI9_5_IRQHandler                       0x08000243   Thumb Code     0  startup_stm32f407xx.o(.text)
    FLASH_IRQHandler                         0x08000243   Thumb Code     0  startup_stm32f407xx.o(.text)
    FMC_IRQHandler                           0x08000243   Thumb Code     0  startup_stm32f407xx.o(.text)
    FPU_IRQHandler                           0x08000243   Thumb Code     0  startup_stm32f407xx.o(.text)
    HASH_RNG_IRQHandler                      0x08000243   Thumb Code     0  startup_stm32f407xx.o(.text)
    I2C1_ER_IRQHandler                       0x08000243   Thumb Code     0  startup_stm32f407xx.o(.text)
    I2C1_EV_IRQHandler                       0x08000243   Thumb Code     0  startup_stm32f407xx.o(.text)
    I2C2_ER_IRQHandler                       0x08000243   Thumb Code     0  startup_stm32f407xx.o(.text)
    I2C2_EV_IRQHandler                       0x08000243   Thumb Code     0  startup_stm32f407xx.o(.text)
    I2C3_ER_IRQHandler                       0x08000243   Thumb Code     0  startup_stm32f407xx.o(.text)
    I2C3_EV_IRQHandler                       0x08000243   Thumb Code     0  startup_stm32f407xx.o(.text)
    OTG_FS_IRQHandler                        0x08000243   Thumb Code     0  startup_stm32f407xx.o(.text)
    OTG_FS_WKUP_IRQHandler                   0x08000243   Thumb Code     0  startup_stm32f407xx.o(.text)
    OTG_HS_EP1_IN_IRQHandler                 0x08000243   Thumb Code     0  startup_stm32f407xx.o(.text)
    OTG_HS_EP1_OUT_IRQHandler                0x08000243   Thumb Code     0  startup_stm32f407xx.o(.text)
    OTG_HS_IRQHandler                        0x08000243   Thumb Code     0  startup_stm32f407xx.o(.text)
    OTG_HS_WKUP_IRQHandler                   0x08000243   Thumb Code     0  startup_stm32f407xx.o(.text)
    PVD_IRQHandler                           0x08000243   Thumb Code     0  startup_stm32f407xx.o(.text)
    RCC_IRQHandler                           0x08000243   Thumb Code     0  startup_stm32f407xx.o(.text)
    RTC_Alarm_IRQHandler                     0x08000243   Thumb Code     0  startup_stm32f407xx.o(.text)
    RTC_WKUP_IRQHandler                      0x08000243   Thumb Code     0  startup_stm32f407xx.o(.text)
    SDIO_IRQHandler                          0x08000243   Thumb Code     0  startup_stm32f407xx.o(.text)
    SPI2_IRQHandler                          0x08000243   Thumb Code     0  startup_stm32f407xx.o(.text)
    SPI3_IRQHandler                          0x08000243   Thumb Code     0  startup_stm32f407xx.o(.text)
    TAMP_STAMP_IRQHandler                    0x08000243   Thumb Code     0  startup_stm32f407xx.o(.text)
    TIM1_BRK_TIM9_IRQHandler                 0x08000243   Thumb Code     0  startup_stm32f407xx.o(.text)
    TIM1_CC_IRQHandler                       0x08000243   Thumb Code     0  startup_stm32f407xx.o(.text)
    TIM1_TRG_COM_TIM11_IRQHandler            0x08000243   Thumb Code     0  startup_stm32f407xx.o(.text)
    TIM1_UP_TIM10_IRQHandler                 0x08000243   Thumb Code     0  startup_stm32f407xx.o(.text)
    TIM2_IRQHandler                          0x08000243   Thumb Code     0  startup_stm32f407xx.o(.text)
    TIM3_IRQHandler                          0x08000243   Thumb Code     0  startup_stm32f407xx.o(.text)
    TIM4_IRQHandler                          0x08000243   Thumb Code     0  startup_stm32f407xx.o(.text)
    TIM5_IRQHandler                          0x08000243   Thumb Code     0  startup_stm32f407xx.o(.text)
    TIM6_DAC_IRQHandler                      0x08000243   Thumb Code     0  startup_stm32f407xx.o(.text)
    TIM7_IRQHandler                          0x08000243   Thumb Code     0  startup_stm32f407xx.o(.text)
    TIM8_BRK_TIM12_IRQHandler                0x08000243   Thumb Code     0  startup_stm32f407xx.o(.text)
    TIM8_CC_IRQHandler                       0x08000243   Thumb Code     0  startup_stm32f407xx.o(.text)
    TIM8_TRG_COM_TIM14_IRQHandler            0x08000243   Thumb Code     0  startup_stm32f407xx.o(.text)
    TIM8_UP_TIM13_IRQHandler                 0x08000243   Thumb Code     0  startup_stm32f407xx.o(.text)
    UART4_IRQHandler                         0x08000243   Thumb Code     0  startup_stm32f407xx.o(.text)
    UART5_IRQHandler                         0x08000243   Thumb Code     0  startup_stm32f407xx.o(.text)
    USART1_IRQHandler                        0x08000243   Thumb Code     0  startup_stm32f407xx.o(.text)
    USART2_IRQHandler                        0x08000243   Thumb Code     0  startup_stm32f407xx.o(.text)
    USART3_IRQHandler                        0x08000243   Thumb Code     0  startup_stm32f407xx.o(.text)
    USART6_IRQHandler                        0x08000243   Thumb Code     0  startup_stm32f407xx.o(.text)
    WWDG_IRQHandler                          0x08000243   Thumb Code     0  startup_stm32f407xx.o(.text)
    __user_initial_stackheap                 0x08000245   Thumb Code     0  startup_stm32f407xx.o(.text)
    __use_two_region_memory                  0x08000269   Thumb Code     2  heapauxi.o(.text)
    __rt_heap_escrow$2region                 0x0800026b   Thumb Code     2  heapauxi.o(.text)
    __rt_heap_expand$2region                 0x0800026d   Thumb Code     2  heapauxi.o(.text)
    __user_setup_stackheap                   0x0800026f   Thumb Code    74  sys_stackheap_outer.o(.text)
    exit                                     0x080002b9   Thumb Code    18  exit.o(.text)
    __user_libspace                          0x080002cd   Thumb Code     8  libspace.o(.text)
    __user_perproc_libspace                  0x080002cd   Thumb Code     0  libspace.o(.text)
    __user_perthread_libspace                0x080002cd   Thumb Code     0  libspace.o(.text)
    _sys_exit                                0x080002d5   Thumb Code     8  sys_exit.o(.text)
    __I$use$semihosting                      0x080002e1   Thumb Code     0  use_no_semi.o(.text)
    __use_no_semihosting_swi                 0x080002e1   Thumb Code     2  use_no_semi.o(.text)
    __semihosting_library_function           0x080002e3   Thumb Code     0  indicate_semi.o(.text)
    BMA2x2_SPI_bus_read                      0x080002e5   Thumb Code   108  bma2x2_support.o(i.BMA2x2_SPI_bus_read)
    BMA2x2_SPI_bus_write                     0x0800035d   Thumb Code    98  bma2x2_support.o(i.BMA2x2_SPI_bus_write)
    BMA2x2_delay_msek                        0x080003c9   Thumb Code   362  bma2x2_support.o(i.BMA2x2_delay_msek)
    BusFault_Handler                         0x08000533   Thumb Code     4  stm32f4xx_it.o(i.BusFault_Handler)
    DebugMon_Handler                         0x08000537   Thumb Code     2  stm32f4xx_it.o(i.DebugMon_Handler)
    HAL_DMA_Abort_IT                         0x08000539   Thumb Code    40  stm32f4xx_hal_dma.o(i.HAL_DMA_Abort_IT)
    HAL_Delay                                0x08000561   Thumb Code    26  stm32f4xx_hal.o(i.HAL_Delay)
    HAL_GPIO_Init                            0x0800057d   Thumb Code   466  stm32f4xx_hal_gpio.o(i.HAL_GPIO_Init)
    HAL_GPIO_WritePin                        0x0800077d   Thumb Code    12  stm32f4xx_hal_gpio.o(i.HAL_GPIO_WritePin)
    HAL_GetTick                              0x08000789   Thumb Code     6  stm32f4xx_hal.o(i.HAL_GetTick)
    HAL_IncTick                              0x08000795   Thumb Code    12  stm32f4xx_hal.o(i.HAL_IncTick)
    HAL_Init                                 0x080007a5   Thumb Code    54  stm32f4xx_hal.o(i.HAL_Init)
    HAL_InitTick                             0x080007e1   Thumb Code    36  stm32f4xx_hal.o(i.HAL_InitTick)
    HAL_MspInit                              0x08000809   Thumb Code    86  stm32f4xx_hal_msp.o(i.HAL_MspInit)
    HAL_NVIC_EnableIRQ                       0x0800085f   Thumb Code    32  stm32f4xx_hal_cortex.o(i.HAL_NVIC_EnableIRQ)
    HAL_NVIC_SetPriority                     0x0800087f   Thumb Code   124  stm32f4xx_hal_cortex.o(i.HAL_NVIC_SetPriority)
    HAL_NVIC_SetPriorityGrouping             0x080008fd   Thumb Code    32  stm32f4xx_hal_cortex.o(i.HAL_NVIC_SetPriorityGrouping)
    HAL_RCC_ClockConfig                      0x08000925   Thumb Code   446  stm32f4xx_hal_rcc.o(i.HAL_RCC_ClockConfig)
    HAL_RCC_GetHCLKFreq                      0x08000af5   Thumb Code     6  stm32f4xx_hal_rcc.o(i.HAL_RCC_GetHCLKFreq)
    HAL_RCC_GetSysClockFreq                  0x08000b01   Thumb Code   168  stm32f4xx_hal_rcc.o(i.HAL_RCC_GetSysClockFreq)
    HAL_RCC_OscConfig                        0x08000bb5   Thumb Code  1090  stm32f4xx_hal_rcc.o(i.HAL_RCC_OscConfig)
    HAL_SPI_ErrorCallback                    0x08001001   Thumb Code     2  stm32f4xx_hal_spi.o(i.HAL_SPI_ErrorCallback)
    HAL_SPI_IRQHandler                       0x08001005   Thumb Code   308  stm32f4xx_hal_spi.o(i.HAL_SPI_IRQHandler)
    HAL_SPI_Init                             0x0800113d   Thumb Code   140  stm32f4xx_hal_spi.o(i.HAL_SPI_Init)
    HAL_SPI_MspInit                          0x080011c9   Thumb Code    94  stm32f4xx_hal_msp.o(i.HAL_SPI_MspInit)
    HAL_SPI_Receive                          0x08001235   Thumb Code   364  stm32f4xx_hal_spi.o(i.HAL_SPI_Receive)
    HAL_SPI_Transmit                         0x080013a1   Thumb Code   422  stm32f4xx_hal_spi.o(i.HAL_SPI_Transmit)
    HAL_SPI_TransmitReceive                  0x08001547   Thumb Code   542  stm32f4xx_hal_spi.o(i.HAL_SPI_TransmitReceive)
    HAL_SYSTICK_CLKSourceConfig              0x08001765   Thumb Code    40  stm32f4xx_hal_cortex.o(i.HAL_SYSTICK_CLKSourceConfig)
    HAL_SYSTICK_Callback                     0x0800178d   Thumb Code     2  stm32f4xx_hal_cortex.o(i.HAL_SYSTICK_Callback)
    HAL_SYSTICK_Config                       0x0800178f   Thumb Code    52  stm32f4xx_hal_cortex.o(i.HAL_SYSTICK_Config)
    HAL_SYSTICK_IRQHandler                   0x080017c3   Thumb Code     8  stm32f4xx_hal_cortex.o(i.HAL_SYSTICK_IRQHandler)
    HardFault_Handler                        0x080017cb   Thumb Code     4  stm32f4xx_it.o(i.HardFault_Handler)
    MemManage_Handler                        0x080018e5   Thumb Code     4  stm32f4xx_it.o(i.MemManage_Handler)
    NMI_Handler                              0x080018e9   Thumb Code     2  stm32f4xx_it.o(i.NMI_Handler)
    PendSV_Handler                           0x080018eb   Thumb Code     2  stm32f4xx_it.o(i.PendSV_Handler)
    SPI1_IRQHandler                          0x080018ed   Thumb Code    10  stm32f4xx_it.o(i.SPI1_IRQHandler)
    SPI_routine                              0x080019e5   Thumb Code    18  bma2x2_support.o(i.SPI_routine)
    SVC_Handler                              0x08001a09   Thumb Code     2  stm32f4xx_it.o(i.SVC_Handler)
    SysTick_Handler                          0x08001a0b   Thumb Code    12  stm32f4xx_it.o(i.SysTick_Handler)
    SystemClock_Config                       0x08001a19   Thumb Code   200  main.o(i.SystemClock_Config)
    SystemInit                               0x08001b1d   Thumb Code    82  system_stm32f4xx.o(i.SystemInit)
    UsageFault_Handler                       0x08001b81   Thumb Code     4  stm32f4xx_it.o(i.UsageFault_Handler)
    _Error_Handler                           0x08001b85   Thumb Code     4  main.o(i._Error_Handler)
    bma2x2_data_readout_template             0x08001bc1   Thumb Code   104  bma2x2_support.o(i.bma2x2_data_readout_template)
    bma2x2_get_bw                            0x08001c2d   Thumb Code    66  bma2x2.o(i.bma2x2_get_bw)
    bma2x2_init                              0x08001c75   Thumb Code    88  bma2x2.o(i.bma2x2_init)
    bma2x2_read_accel_x                      0x08001cd1   Thumb Code   204  bma2x2.o(i.bma2x2_read_accel_x)
    bma2x2_read_accel_xyz                    0x08001da5   Thumb Code   378  bma2x2.o(i.bma2x2_read_accel_xyz)
    bma2x2_read_accel_xyzt                   0x08001f29   Thumb Code   400  bma2x2.o(i.bma2x2_read_accel_xyzt)
    bma2x2_read_accel_y                      0x080020c1   Thumb Code   204  bma2x2.o(i.bma2x2_read_accel_y)
    bma2x2_read_accel_z                      0x08002195   Thumb Code   204  bma2x2.o(i.bma2x2_read_accel_z)
    bma2x2_read_reg                          0x08002269   Thumb Code    56  bma2x2.o(i.bma2x2_read_reg)
    bma2x2_set_bw                            0x080022a5   Thumb Code   270  bma2x2.o(i.bma2x2_set_bw)
    bma2x2_set_mode_value                    0x080023b9   Thumb Code   138  bma2x2.o(i.bma2x2_set_mode_value)
    bma2x2_set_power_mode                    0x08002449   Thumb Code   278  bma2x2.o(i.bma2x2_set_power_mode)
    bma2x2_set_range                         0x08002565   Thumb Code   168  bma2x2.o(i.bma2x2_set_range)
    bma2x2_write_reg                         0x08002611   Thumb Code    74  bma2x2.o(i.bma2x2_write_reg)
    main                                     0x08002661   Thumb Code    58  main.o(i.main)
    _fp_init                                 0x0800269b   Thumb Code    10  fpinit.o(x$fpl$fpinit)
    __fplib_config_fpu_vfp                   0x080026a3   Thumb Code     0  fpinit.o(x$fpl$fpinit)
    __fplib_config_pureend_doubles           0x080026a3   Thumb Code     0  fpinit.o(x$fpl$fpinit)
    APBAHBPrescTable                         0x080026a9   Data          16  stm32f4xx_hal_rcc.o(.constdata)
    Region$$Table$$Base                      0x080026bc   Number         0  anon$$obj.o(Region$$Table)
    Region$$Table$$Limit                     0x080026dc   Number         0  anon$$obj.o(Region$$Table)
    V_BMA2x2RESOLUTION_U8                    0x20000004   Data           1  bma2x2.o(.data)
    uwTick                                   0x20000008   Data           4  stm32f4xx_hal.o(.data)
    SystemCoreClock                          0x2000000c   Data           4  system_stm32f4xx.o(.data)
    bma2x2                                   0x20000010   Data          24  bma2x2_support.o(.bss)
    hspi1                                    0x20000028   Data          88  main.o(.bss)
    __libspace_start                         0x20000080   Data          96  libspace.o(.bss)
    __temporary_stack_top$libspace           0x200000e0   Data           0  libspace.o(.bss)



==============================================================================

Memory Map of the image

  Image Entry point : 0x08000189

  Load Region LR_IROM1 (Base: 0x08000000, Size: 0x000026ec, Max: 0x00080000, ABSOLUTE)

    Execution Region ER_IROM1 (Base: 0x08000000, Size: 0x000026dc, Max: 0x00080000, ABSOLUTE)

    Base Addr    Size         Type   Attr      Idx    E Section Name        Object

    0x08000000   0x00000188   Data   RO         2190    RESET               startup_stm32f407xx.o
    0x08000188   0x00000008   Code   RO         2515  * !!!main             c_w.l(__main.o)
    0x08000190   0x00000034   Code   RO         2672    !!!scatter          c_w.l(__scatter.o)
    0x080001c4   0x0000001a   Code   RO         2674    !!handler_copy      c_w.l(__scatter_copy.o)
    0x080001de   0x00000002   PAD
    0x080001e0   0x0000001c   Code   RO         2676    !!handler_zi        c_w.l(__scatter_zi.o)
    0x080001fc   0x00000002   Code   RO         2542    .ARM.Collect$$libinit$$00000000  c_w.l(libinit.o)
    0x080001fe   0x00000004   Code   RO         2548    .ARM.Collect$$libinit$$00000001  c_w.l(libinit2.o)
    0x08000202   0x00000000   Code   RO         2551    .ARM.Collect$$libinit$$00000004  c_w.l(libinit2.o)
    0x08000202   0x00000000   Code   RO         2554    .ARM.Collect$$libinit$$0000000A  c_w.l(libinit2.o)
    0x08000202   0x00000000   Code   RO         2556    .ARM.Collect$$libinit$$0000000C  c_w.l(libinit2.o)
    0x08000202   0x00000000   Code   RO         2558    .ARM.Collect$$libinit$$0000000E  c_w.l(libinit2.o)
    0x08000202   0x00000000   Code   RO         2561    .ARM.Collect$$libinit$$00000011  c_w.l(libinit2.o)
    0x08000202   0x00000000   Code   RO         2563    .ARM.Collect$$libinit$$00000013  c_w.l(libinit2.o)
    0x08000202   0x00000000   Code   RO         2565    .ARM.Collect$$libinit$$00000015  c_w.l(libinit2.o)
    0x08000202   0x00000000   Code   RO         2567    .ARM.Collect$$libinit$$00000017  c_w.l(libinit2.o)
    0x08000202   0x00000000   Code   RO         2569    .ARM.Collect$$libinit$$00000019  c_w.l(libinit2.o)
    0x08000202   0x00000000   Code   RO         2571    .ARM.Collect$$libinit$$0000001B  c_w.l(libinit2.o)
    0x08000202   0x00000000   Code   RO         2573    .ARM.Collect$$libinit$$0000001D  c_w.l(libinit2.o)
    0x08000202   0x00000000   Code   RO         2575    .ARM.Collect$$libinit$$0000001F  c_w.l(libinit2.o)
    0x08000202   0x00000000   Code   RO         2577    .ARM.Collect$$libinit$$00000021  c_w.l(libinit2.o)
    0x08000202   0x00000000   Code   RO         2579    .ARM.Collect$$libinit$$00000023  c_w.l(libinit2.o)
    0x08000202   0x00000000   Code   RO         2581    .ARM.Collect$$libinit$$00000025  c_w.l(libinit2.o)
    0x08000202   0x00000000   Code   RO         2585    .ARM.Collect$$libinit$$0000002C  c_w.l(libinit2.o)
    0x08000202   0x00000000   Code   RO         2587    .ARM.Collect$$libinit$$0000002E  c_w.l(libinit2.o)
    0x08000202   0x00000000   Code   RO         2589    .ARM.Collect$$libinit$$00000030  c_w.l(libinit2.o)
    0x08000202   0x00000000   Code   RO         2591    .ARM.Collect$$libinit$$00000032  c_w.l(libinit2.o)
    0x08000202   0x00000002   Code   RO         2592    .ARM.Collect$$libinit$$00000033  c_w.l(libinit2.o)
    0x08000204   0x00000002   Code   RO         2612    .ARM.Collect$$libshutdown$$00000000  c_w.l(libshutdown.o)
    0x08000206   0x00000000   Code   RO         2625    .ARM.Collect$$libshutdown$$00000002  c_w.l(libshutdown2.o)
    0x08000206   0x00000000   Code   RO         2627    .ARM.Collect$$libshutdown$$00000004  c_w.l(libshutdown2.o)
    0x08000206   0x00000000   Code   RO         2630    .ARM.Collect$$libshutdown$$00000007  c_w.l(libshutdown2.o)
    0x08000206   0x00000000   Code   RO         2633    .ARM.Collect$$libshutdown$$0000000A  c_w.l(libshutdown2.o)
    0x08000206   0x00000000   Code   RO         2635    .ARM.Collect$$libshutdown$$0000000C  c_w.l(libshutdown2.o)
    0x08000206   0x00000000   Code   RO         2638    .ARM.Collect$$libshutdown$$0000000F  c_w.l(libshutdown2.o)
    0x08000206   0x00000002   Code   RO         2639    .ARM.Collect$$libshutdown$$00000010  c_w.l(libshutdown2.o)
    0x08000208   0x00000000   Code   RO         2517    .ARM.Collect$$rtentry$$00000000  c_w.l(__rtentry.o)
    0x08000208   0x00000000   Code   RO         2519    .ARM.Collect$$rtentry$$00000002  c_w.l(__rtentry2.o)
    0x08000208   0x00000006   Code   RO         2531    .ARM.Collect$$rtentry$$00000004  c_w.l(__rtentry4.o)
    0x0800020e   0x00000000   Code   RO         2521    .ARM.Collect$$rtentry$$00000009  c_w.l(__rtentry2.o)
    0x0800020e   0x00000004   Code   RO         2522    .ARM.Collect$$rtentry$$0000000A  c_w.l(__rtentry2.o)
    0x08000212   0x00000000   Code   RO         2524    .ARM.Collect$$rtentry$$0000000C  c_w.l(__rtentry2.o)
    0x08000212   0x00000008   Code   RO         2525    .ARM.Collect$$rtentry$$0000000D  c_w.l(__rtentry2.o)
    0x0800021a   0x00000002   Code   RO         2546    .ARM.Collect$$rtexit$$00000000  c_w.l(rtexit.o)
    0x0800021c   0x00000000   Code   RO         2594    .ARM.Collect$$rtexit$$00000002  c_w.l(rtexit2.o)
    0x0800021c   0x00000004   Code   RO         2595    .ARM.Collect$$rtexit$$00000003  c_w.l(rtexit2.o)
    0x08000220   0x00000006   Code   RO         2596    .ARM.Collect$$rtexit$$00000004  c_w.l(rtexit2.o)
    0x08000226   0x00000002   PAD
    0x08000228   0x00000040   Code   RO         2191    .text               startup_stm32f407xx.o
    0x08000268   0x00000006   Code   RO         2513    .text               c_w.l(heapauxi.o)
    0x0800026e   0x0000004a   Code   RO         2533    .text               c_w.l(sys_stackheap_outer.o)
    0x080002b8   0x00000012   Code   RO         2535    .text               c_w.l(exit.o)
    0x080002ca   0x00000002   PAD
    0x080002cc   0x00000008   Code   RO         2543    .text               c_w.l(libspace.o)
    0x080002d4   0x0000000c   Code   RO         2604    .text               c_w.l(sys_exit.o)
    0x080002e0   0x00000002   Code   RO         2615    .text               c_w.l(use_no_semi.o)
    0x080002e2   0x00000000   Code   RO         2617    .text               c_w.l(indicate_semi.o)
    0x080002e2   0x00000002   PAD
    0x080002e4   0x00000078   Code   RO          899    i.BMA2x2_SPI_bus_read  bma2x2_support.o
    0x0800035c   0x0000006c   Code   RO          900    i.BMA2x2_SPI_bus_write  bma2x2_support.o
    0x080003c8   0x0000016a   Code   RO          901    i.BMA2x2_delay_msek  bma2x2_support.o
    0x08000532   0x00000004   Code   RO         1198    i.BusFault_Handler  stm32f4xx_it.o
    0x08000536   0x00000002   Code   RO         1199    i.DebugMon_Handler  stm32f4xx_it.o
    0x08000538   0x00000028   Code   RO         1559    i.HAL_DMA_Abort_IT  stm32f4xx_hal_dma.o
    0x08000560   0x0000001a   Code   RO         1287    i.HAL_Delay         stm32f4xx_hal.o
    0x0800057a   0x00000002   PAD
    0x0800057c   0x00000200   Code   RO         1705    i.HAL_GPIO_Init     stm32f4xx_hal_gpio.o
    0x0800077c   0x0000000c   Code   RO         1709    i.HAL_GPIO_WritePin  stm32f4xx_hal_gpio.o
    0x08000788   0x0000000c   Code   RO         1293    i.HAL_GetTick       stm32f4xx_hal.o
    0x08000794   0x00000010   Code   RO         1294    i.HAL_IncTick       stm32f4xx_hal.o
    0x080007a4   0x0000003c   Code   RO         1295    i.HAL_Init          stm32f4xx_hal.o
    0x080007e0   0x00000028   Code   RO         1296    i.HAL_InitTick      stm32f4xx_hal.o
    0x08000808   0x00000056   Code   RO         2155    i.HAL_MspInit       stm32f4xx_hal_msp.o
    0x0800085e   0x00000020   Code   RO         1430    i.HAL_NVIC_EnableIRQ  stm32f4xx_hal_cortex.o
    0x0800087e   0x0000007c   Code   RO         1436    i.HAL_NVIC_SetPriority  stm32f4xx_hal_cortex.o
    0x080008fa   0x00000002   PAD
    0x080008fc   0x00000028   Code   RO         1437    i.HAL_NVIC_SetPriorityGrouping  stm32f4xx_hal_cortex.o
    0x08000924   0x000001d0   Code   RO         1943    i.HAL_RCC_ClockConfig  stm32f4xx_hal_rcc.o
    0x08000af4   0x0000000c   Code   RO         1948    i.HAL_RCC_GetHCLKFreq  stm32f4xx_hal_rcc.o
    0x08000b00   0x000000b4   Code   RO         1952    i.HAL_RCC_GetSysClockFreq  stm32f4xx_hal_rcc.o
    0x08000bb4   0x0000044c   Code   RO         1955    i.HAL_RCC_OscConfig  stm32f4xx_hal_rcc.o
    0x08001000   0x00000002   Code   RO         2239    i.HAL_SPI_ErrorCallback  stm32f4xx_hal_spi.o
    0x08001002   0x00000002   PAD
    0x08001004   0x00000138   Code   RO         2242    i.HAL_SPI_IRQHandler  stm32f4xx_hal_spi.o
    0x0800113c   0x0000008c   Code   RO         2243    i.HAL_SPI_Init      stm32f4xx_hal_spi.o
    0x080011c8   0x0000006c   Code   RO         2157    i.HAL_SPI_MspInit   stm32f4xx_hal_msp.o
    0x08001234   0x0000016c   Code   RO         2246    i.HAL_SPI_Receive   stm32f4xx_hal_spi.o
    0x080013a0   0x000001a6   Code   RO         2251    i.HAL_SPI_Transmit  stm32f4xx_hal_spi.o
    0x08001546   0x0000021e   Code   RO         2252    i.HAL_SPI_TransmitReceive  stm32f4xx_hal_spi.o
    0x08001764   0x00000028   Code   RO         1439    i.HAL_SYSTICK_CLKSourceConfig  stm32f4xx_hal_cortex.o
    0x0800178c   0x00000002   Code   RO         1440    i.HAL_SYSTICK_Callback  stm32f4xx_hal_cortex.o
    0x0800178e   0x00000034   Code   RO         1441    i.HAL_SYSTICK_Config  stm32f4xx_hal_cortex.o
    0x080017c2   0x00000008   Code   RO         1442    i.HAL_SYSTICK_IRQHandler  stm32f4xx_hal_cortex.o
    0x080017ca   0x00000004   Code   RO         1200    i.HardFault_Handler  stm32f4xx_it.o
    0x080017ce   0x00000002   PAD
    0x080017d0   0x00000098   Code   RO         1146    i.MX_GPIO_Init      main.o
    0x08001868   0x0000007c   Code   RO         1147    i.MX_SPI1_Init      main.o
    0x080018e4   0x00000004   Code   RO         1201    i.MemManage_Handler  stm32f4xx_it.o
    0x080018e8   0x00000002   Code   RO         1202    i.NMI_Handler       stm32f4xx_it.o
    0x080018ea   0x00000002   Code   RO         1203    i.PendSV_Handler    stm32f4xx_it.o
    0x080018ec   0x00000010   Code   RO         1204    i.SPI1_IRQHandler   stm32f4xx_it.o
    0x080018fc   0x00000028   Code   RO         2265    i.SPI_CheckFlag_BSY  stm32f4xx_hal_spi.o
    0x08001924   0x00000014   Code   RO         2269    i.SPI_DMAAbortOnError  stm32f4xx_hal_spi.o
    0x08001938   0x000000aa   Code   RO         2281    i.SPI_WaitFlagStateUntilTimeout  stm32f4xx_hal_spi.o
    0x080019e2   0x00000002   PAD
    0x080019e4   0x00000024   Code   RO          903    i.SPI_routine       bma2x2_support.o
    0x08001a08   0x00000002   Code   RO         1205    i.SVC_Handler       stm32f4xx_it.o
    0x08001a0a   0x0000000c   Code   RO         1206    i.SysTick_Handler   stm32f4xx_it.o
    0x08001a16   0x00000002   PAD
    0x08001a18   0x00000104   Code   RO         1148    i.SystemClock_Config  main.o
    0x08001b1c   0x00000064   Code   RO         2199    i.SystemInit        system_stm32f4xx.o
    0x08001b80   0x00000004   Code   RO         1207    i.UsageFault_Handler  stm32f4xx_it.o
    0x08001b84   0x00000004   Code   RO         1149    i._Error_Handler    main.o
    0x08001b88   0x00000010   Code   RO         1443    i.__NVIC_GetPriorityGrouping  stm32f4xx_hal_cortex.o
    0x08001b98   0x00000028   Code   RO         1444    i.__NVIC_SetPriority  stm32f4xx_hal_cortex.o
    0x08001bc0   0x0000006c   Code   RO          904    i.bma2x2_data_readout_template  bma2x2_support.o
    0x08001c2c   0x00000048   Code   RO            3    i.bma2x2_get_bw     bma2x2.o
    0x08001c74   0x0000005c   Code   RO           68    i.bma2x2_init       bma2x2.o
    0x08001cd0   0x000000d4   Code   RO           74    i.bma2x2_read_accel_x  bma2x2.o
    0x08001da4   0x00000184   Code   RO           75    i.bma2x2_read_accel_xyz  bma2x2.o
    0x08001f28   0x00000198   Code   RO           76    i.bma2x2_read_accel_xyzt  bma2x2.o
    0x080020c0   0x000000d4   Code   RO           77    i.bma2x2_read_accel_y  bma2x2.o
    0x08002194   0x000000d4   Code   RO           78    i.bma2x2_read_accel_z  bma2x2.o
    0x08002268   0x0000003c   Code   RO           80    i.bma2x2_read_reg   bma2x2.o
    0x080022a4   0x00000114   Code   RO           83    i.bma2x2_set_bw     bma2x2.o
    0x080023b8   0x00000090   Code   RO          113    i.bma2x2_set_mode_value  bma2x2.o
    0x08002448   0x0000011c   Code   RO          124    i.bma2x2_set_power_mode  bma2x2.o
    0x08002564   0x000000ac   Code   RO          125    i.bma2x2_set_range  bma2x2.o
    0x08002610   0x00000050   Code   RO          144    i.bma2x2_write_reg  bma2x2.o
    0x08002660   0x0000003a   Code   RO         1150    i.main              main.o
    0x0800269a   0x0000000a   Code   RO         2602    x$fpl$fpinit        fz_wm.l(fpinit.o)
    0x080026a4   0x00000005   Data   RO          906    .constdata          bma2x2_support.o
    0x080026a9   0x00000010   Data   RO         1956    .constdata          stm32f4xx_hal_rcc.o
    0x080026b9   0x00000003   PAD
    0x080026bc   0x00000020   Data   RO         2670    Region$$Table       anon$$obj.o


    Execution Region RW_IRAM1 (Base: 0x20000000, Size: 0x000006e0, Max: 0x00020000, ABSOLUTE)

    Base Addr    Size         Type   Attr      Idx    E Section Name        Object

    0x20000000   0x00000005   Data   RW          148    .data               bma2x2.o
    0x20000005   0x00000003   PAD
    0x20000008   0x00000004   Data   RW         1301    .data               stm32f4xx_hal.o
    0x2000000c   0x00000004   Data   RW         2201    .data               system_stm32f4xx.o
    0x20000010   0x00000018   Zero   RW          905    .bss                bma2x2_support.o
    0x20000028   0x00000058   Zero   RW         1151    .bss                main.o
    0x20000080   0x00000060   Zero   RW         2544    .bss                c_w.l(libspace.o)
    0x200000e0   0x00000200   Zero   RW         2189    HEAP                startup_stm32f407xx.o
    0x200002e0   0x00000400   Zero   RW         2188    STACK               startup_stm32f407xx.o


==============================================================================

Image component sizes


      Code (inc. data)   RO Data    RW Data    ZI Data      Debug   Object Name

      2612        106          0          5          0      48501   bma2x2.o
       734         44          5          0         24     647243   bma2x2_support.o
       598        128          0          0         88      40645   main.o
        64         26        392          0       1536        868   startup_stm32f407xx.o
       154         20          0          4          0       4683   stm32f4xx_hal.o
       354         22          0          0          0      36101   stm32f4xx_hal_cortex.o
        40          0          0          0          0       1263   stm32f4xx_hal_dma.o
       524         46          0          0          0       2572   stm32f4xx_hal_gpio.o
       194         14          0          0          0       2040   stm32f4xx_hal_msp.o
      1756         64         16          0          0       4833   stm32f4xx_hal_rcc.o
      2012          4          0          0          0       9347   stm32f4xx_hal_spi.o
        52          6          0          0          0       5584   stm32f4xx_it.o
       100         18          0          4          0       1423   system_stm32f4xx.o

    ----------------------------------------------------------------------
      9206        498        448         16       1648     805103   Object Totals
         0          0         32          0          0          0   (incl. Generated)
        12          0          3          3          0          0   (incl. Padding)

    ----------------------------------------------------------------------

      Code (inc. data)   RO Data    RW Data    ZI Data      Debug   Library Member Name

         8          0          0          0          0         68   __main.o
         0          0          0          0          0          0   __rtentry.o
        12          0          0          0          0          0   __rtentry2.o
         6          0          0          0          0          0   __rtentry4.o
        52          8          0          0          0          0   __scatter.o
        26          0          0          0          0          0   __scatter_copy.o
        28          0          0          0          0          0   __scatter_zi.o
        18          0          0          0          0         80   exit.o
         6          0          0          0          0        152   heapauxi.o
         0          0          0          0          0          0   indicate_semi.o
         2          0          0          0          0          0   libinit.o
         6          0          0          0          0          0   libinit2.o
         2          0          0          0          0          0   libshutdown.o
         2          0          0          0          0          0   libshutdown2.o
         8          4          0          0         96         68   libspace.o
         2          0          0          0          0          0   rtexit.o
        10          0          0          0          0          0   rtexit2.o
        12          4          0          0          0         68   sys_exit.o
        74          0          0          0          0         80   sys_stackheap_outer.o
         2          0          0          0          0         68   use_no_semi.o
        10          0          0          0          0        116   fpinit.o

    ----------------------------------------------------------------------
       294         16          0          0         96        700   Library Totals
         8          0          0          0          0          0   (incl. Padding)

    ----------------------------------------------------------------------

      Code (inc. data)   RO Data    RW Data    ZI Data      Debug   Library Name

       276         16          0          0         96        584   c_w.l
        10          0          0          0          0        116   fz_wm.l

    ----------------------------------------------------------------------
       294         16          0          0         96        700   Library Totals

    ----------------------------------------------------------------------

==============================================================================


      Code (inc. data)   RO Data    RW Data    ZI Data      Debug   

      9500        514        448         16       1744     799647   Grand Totals
      9500        514        448         16       1744     799647   ELF Image Totals
      9500        514        448         16          0          0   ROM Totals

==============================================================================

    Total RO  Size (Code + RO Data)                 9948 (   9.71kB)
    Total RW  Size (RW Data + ZI Data)              1760 (   1.72kB)
    Total ROM Size (Code + RO Data + RW Data)       9964 (   9.73kB)

==============================================================================

