Component: ARM Compiler 5.06 update 6 (build 750) Tool: armlink [4d35ed]

==============================================================================

Section Cross References

    main.o(.text) refers to stm32f4xx_rcc.o(.text) for RCC_DeInit
    main.o(.text) refers to delay.o(.text) for delay_ms
    main.o(.text) refers to 24l01.o(.text) for NRF24L01_TX_Mode
    main.o(.text) refers to stm32f4xx_tim.o(.text) for TIM_DeInit
    main.o(.text) refers to misc.o(.text) for NVIC_PriorityGroupConfig
    main.o(.text) refers to usart.o(.text) for uart_init
    main.o(.text) refers to led.o(.text) for LED_Init
    main.o(.text) refers to key.o(.text) for KEY_Init
    main.o(.text) refers to oled.o(.text) for OLED_Init
    main.o(.text) refers to stmflash.o(.text) for STMFLASH_Read
    main.o(.text) refers to adc.o(.text) for Random_Adc_Init
    main.o(.text) refers to rand.o(.text) for srand
    main.o(.text) refers to mpu6050.o(.text) for MPU_Init
    main.o(.text) refers to inv_mpu.o(.text) for mpu_dmp_init
    main.o(.text) refers to malloc.o(.text) for my_mem_init
    main.o(.text) refers to exfuns.o(.text) for exfuns_init
    main.o(.text) refers to ff.o(.text) for f_mount
    main.o(.text) refers to main.o(.data) for SoftID
    main.o(.text) refers to main.o(.bss) for FLASH_DATA
    main.o(.text) refers to exfuns.o(.bss) for fs
    main.o(.text) refers to stm32f4xx_gpio.o(.text) for GPIO_ReadInputDataBit
    main.o(.text) refers to printf8.o(i.__0printf$8) for __2printf
    main.o(.text) refers to strlen.o(.text) for strlen
    main.o(.text) refers to usart.o(.bss) for USART_RX_BUF
    main.o(.text) refers to strstr.o(.text) for strstr
    main.o(.text) refers to atoi.o(.text) for atoi
    main.o(.text) refers to recordinggyroaccelerometerdata.o(.text) for gad_recorder
    main.o(.text) refers to recorder.o(.text) for wav_recorder
    main.o(.text) refers to recorder.o(.data) for AM_Factor
    main.o(.text) refers to printf8.o(i.__0sprintf$8) for __2sprintf
    main.o(.data) refers to main.o(.conststring) for .conststring
    system_stm32f4xx.o(.text) refers to system_stm32f4xx.o(.data) for SystemCoreClock
    adc.o(.text) refers to stm32f4xx_rcc.o(.text) for RCC_APB1PeriphClockCmd
    adc.o(.text) refers to stm32f4xx_tim.o(.text) for TIM_TimeBaseInit
    adc.o(.text) refers to misc.o(.text) for NVIC_Init
    adc.o(.text) refers to stm32f4xx_gpio.o(.text) for GPIO_Init
    adc.o(.text) refers to stm32f4xx_adc.o(.text) for ADC_CommonInit
    adc.o(.text) refers to dfltui.o(.text) for __aeabi_ui2d
    adc.o(.text) refers to ddiv.o(.text) for __aeabi_ddiv
    adc.o(.text) refers to dfixui.o(.text) for __aeabi_d2uiz
    adc.o(.text) refers to stm32f4xx_dma.o(.text) for DMA_DeInit
    adc.o(.text) refers to recorder.o(.text) for wav_second_level_cache
    adc.o(.text) refers to recordinggyroaccelerometerdata.o(.text) for gad_second_level_cache
    adc.o(.text) refers to delay.o(.text) for delay_ms
    led.o(.text) refers to stm32f4xx_rcc.o(.text) for RCC_AHB1PeriphClockCmd
    led.o(.text) refers to stm32f4xx_pwr.o(.text) for PWR_BackupAccessCmd
    led.o(.text) refers to stm32f4xx_gpio.o(.text) for GPIO_Init
    24l01.o(.text) refers to stm32f4xx_spi.o(.text) for SPI_Cmd
    24l01.o(.text) refers to stm32f4xx_rcc.o(.text) for RCC_AHB1PeriphClockCmd
    24l01.o(.text) refers to stm32f4xx_gpio.o(.text) for GPIO_Init
    24l01.o(.text) refers to spi.o(.text) for SPI1_Init
    24l01.o(.text) refers to 24l01.o(.constdata) for RX_ADDRESS
    spi.o(.text) refers to stm32f4xx_spi.o(.text) for SPI_I2S_GetFlagStatus
    spi.o(.text) refers to stm32f4xx_rcc.o(.text) for RCC_AHB1PeriphClockCmd
    spi.o(.text) refers to stm32f4xx_gpio.o(.text) for GPIO_Init
    mpu6050.o(.text) refers to myiic.o(.text) for IIC_Start
    mpu6050.o(.text) refers to delay.o(.text) for delay_ms
    mpu6050.o(.text) refers to dflti.o(.text) for __aeabi_i2d
    mpu6050.o(.text) refers to ddiv.o(.text) for __aeabi_ddiv
    mpu6050.o(.text) refers to dadd.o(.text) for __aeabi_dadd
    mpu6050.o(.text) refers to d2f.o(.text) for __aeabi_d2f
    inv_mpu.o(.text) refers to mpu6050.o(.text) for MPU_Write_Len
    inv_mpu.o(.text) refers to printf8.o(i.__0printf$8) for __2printf
    inv_mpu.o(.text) refers to delay.o(.text) for delay_ms
    inv_mpu.o(.text) refers to inv_mpu.o(.data) for st
    inv_mpu.o(.text) refers to inv_mpu.o(.conststring) for .conststring
    inv_mpu.o(.text) refers to inv_mpu.o(.constdata) for test
    inv_mpu.o(.text) refers to ldiv.o(.text) for __aeabi_ldivmod
    inv_mpu.o(.text) refers to memcmp.o(.text) for memcmp
    inv_mpu.o(.text) refers to inv_mpu_dmp_motion_driver.o(.text) for dmp_set_gyro_bias
    inv_mpu.o(.text) refers to myiic.o(.text) for IIC_Init
    inv_mpu.o(.text) refers to f2d.o(.text) for __aeabi_f2d
    inv_mpu.o(.text) refers to asin.o(i.__hardfp_asin) for __hardfp_asin
    inv_mpu.o(.text) refers to dmul.o(.text) for __aeabi_dmul
    inv_mpu.o(.text) refers to d2f.o(.text) for __aeabi_d2f
[...]
    USART1_IRQHandler                        0x08008faf   Thumb Code     0  startup_stm32f40_41xxx.o(.text)
    USART3_IRQHandler                        0x08008faf   Thumb Code     0  startup_stm32f40_41xxx.o(.text)
    USART6_IRQHandler                        0x08008faf   Thumb Code     0  startup_stm32f40_41xxx.o(.text)
    WWDG_IRQHandler                          0x08008faf   Thumb Code     0  startup_stm32f40_41xxx.o(.text)
    NVIC_PriorityGroupConfig                 0x08008fb9   Thumb Code    10  misc.o(.text)
    NVIC_Init                                0x08008fc3   Thumb Code   106  misc.o(.text)
    NVIC_SetVectorTable                      0x0800902d   Thumb Code    14  misc.o(.text)
    NVIC_SystemLPConfig                      0x0800903b   Thumb Code    34  misc.o(.text)
    SysTick_CLKSourceConfig                  0x0800905d   Thumb Code    40  misc.o(.text)
    GPIO_DeInit                              0x08009099   Thumb Code   268  stm32f4xx_gpio.o(.text)
    GPIO_Init                                0x080091a5   Thumb Code   144  stm32f4xx_gpio.o(.text)
    GPIO_StructInit                          0x08009235   Thumb Code    18  stm32f4xx_gpio.o(.text)
    GPIO_PinLockConfig                       0x08009247   Thumb Code    34  stm32f4xx_gpio.o(.text)
    GPIO_ReadInputDataBit                    0x08009269   Thumb Code    18  stm32f4xx_gpio.o(.text)
    GPIO_ReadInputData                       0x0800927b   Thumb Code     8  stm32f4xx_gpio.o(.text)
    GPIO_ReadOutputDataBit                   0x08009283   Thumb Code    18  stm32f4xx_gpio.o(.text)
    GPIO_ReadOutputData                      0x08009295   Thumb Code     8  stm32f4xx_gpio.o(.text)
    GPIO_SetBits                             0x0800929d   Thumb Code     4  stm32f4xx_gpio.o(.text)
    GPIO_ResetBits                           0x080092a1   Thumb Code     4  stm32f4xx_gpio.o(.text)
    GPIO_WriteBit                            0x080092a5   Thumb Code    10  stm32f4xx_gpio.o(.text)
    GPIO_Write                               0x080092af   Thumb Code     4  stm32f4xx_gpio.o(.text)
    GPIO_ToggleBits                          0x080092b3   Thumb Code     8  stm32f4xx_gpio.o(.text)
    GPIO_PinAFConfig                         0x080092bb   Thumb Code    70  stm32f4xx_gpio.o(.text)
    RCC_DeInit                               0x0800932d   Thumb Code    82  stm32f4xx_rcc.o(.text)
    RCC_HSEConfig                            0x0800937f   Thumb Code    14  stm32f4xx_rcc.o(.text)
    RCC_GetFlagStatus                        0x0800938d   Thumb Code    60  stm32f4xx_rcc.o(.text)
    RCC_WaitForHSEStartUp                    0x080093c9   Thumb Code    56  stm32f4xx_rcc.o(.text)
    RCC_AdjustHSICalibrationValue            0x08009401   Thumb Code    20  stm32f4xx_rcc.o(.text)
    RCC_HSICmd                               0x08009415   Thumb Code     6  stm32f4xx_rcc.o(.text)
    RCC_LSEConfig                            0x0800941b   Thumb Code    46  stm32f4xx_rcc.o(.text)
    RCC_LSICmd                               0x08009449   Thumb Code     6  stm32f4xx_rcc.o(.text)
    RCC_PLLConfig                            0x0800944f   Thumb Code    32  stm32f4xx_rcc.o(.text)
    RCC_PLLCmd                               0x0800946f   Thumb Code     6  stm32f4xx_rcc.o(.text)
    RCC_PLLI2SConfig                         0x08009475   Thumb Code    18  stm32f4xx_rcc.o(.text)
    RCC_PLLI2SCmd                            0x08009487   Thumb Code     6  stm32f4xx_rcc.o(.text)
    RCC_PLLSAIConfig                         0x0800948d   Thumb Code    20  stm32f4xx_rcc.o(.text)
    RCC_PLLSAICmd                            0x080094a1   Thumb Code     6  stm32f4xx_rcc.o(.text)
    RCC_ClockSecuritySystemCmd               0x080094a7   Thumb Code     6  stm32f4xx_rcc.o(.text)
    RCC_MCO1Config                           0x080094ad   Thumb Code    28  stm32f4xx_rcc.o(.text)
    RCC_MCO2Config                           0x080094c9   Thumb Code    28  stm32f4xx_rcc.o(.text)
    RCC_SYSCLKConfig                         0x080094e5   Thumb Code    20  stm32f4xx_rcc.o(.text)
    RCC_GetSYSCLKSource                      0x080094f9   Thumb Code    12  stm32f4xx_rcc.o(.text)
    RCC_HCLKConfig                           0x08009505   Thumb Code    20  stm32f4xx_rcc.o(.text)
    RCC_PCLK1Config                          0x08009519   Thumb Code    20  stm32f4xx_rcc.o(.text)
    RCC_PCLK2Config                          0x0800952d   Thumb Code    22  stm32f4xx_rcc.o(.text)
    RCC_GetClocksFreq                        0x08009543   Thumb Code   222  stm32f4xx_rcc.o(.text)
    RCC_RTCCLKConfig                         0x08009621   Thumb Code    54  stm32f4xx_rcc.o(.text)
    RCC_RTCCLKCmd                            0x08009657   Thumb Code     8  stm32f4xx_rcc.o(.text)
    RCC_BackupResetCmd                       0x0800965f   Thumb Code     8  stm32f4xx_rcc.o(.text)
    RCC_I2SCLKConfig                         0x08009667   Thumb Code     6  stm32f4xx_rcc.o(.text)
    RCC_SAIPLLI2SClkDivConfig                0x0800966d   Thumb Code    26  stm32f4xx_rcc.o(.text)
    RCC_SAIPLLSAIClkDivConfig                0x08009687   Thumb Code    28  stm32f4xx_rcc.o(.text)
    RCC_SAIBlockACLKConfig                   0x080096a3   Thumb Code    20  stm32f4xx_rcc.o(.text)
    RCC_SAIBlockBCLKConfig                   0x080096b7   Thumb Code    20  stm32f4xx_rcc.o(.text)
    RCC_LTDCCLKDivConfig                     0x080096cb   Thumb Code    20  stm32f4xx_rcc.o(.text)
    RCC_TIMCLKPresConfig                     0x080096df   Thumb Code     6  stm32f4xx_rcc.o(.text)
    RCC_AHB1PeriphClockCmd                   0x080096e5   Thumb Code    34  stm32f4xx_rcc.o(.text)
    RCC_AHB2PeriphClockCmd                   0x08009707   Thumb Code    78  stm32f4xx_rcc.o(.text)
    RCC_AHB3PeriphClockCmd                   0x08009755   Thumb Code    34  stm32f4xx_rcc.o(.text)
    RCC_APB1PeriphClockCmd                   0x08009777   Thumb Code    34  stm32f4xx_rcc.o(.text)
    RCC_APB2PeriphClockCmd                   0x08009799   Thumb Code    34  stm32f4xx_rcc.o(.text)
    RCC_AHB1PeriphResetCmd                   0x080097bb   Thumb Code    34  stm32f4xx_rcc.o(.text)
    RCC_AHB2PeriphResetCmd                   0x080097dd   Thumb Code    34  stm32f4xx_rcc.o(.text)
    RCC_AHB3PeriphResetCmd                   0x080097ff   Thumb Code    34  stm32f4xx_rcc.o(.text)
    RCC_APB1PeriphResetCmd                   0x08009821   Thumb Code    34  stm32f4xx_rcc.o(.text)
    RCC_APB2PeriphResetCmd                   0x08009843   Thumb Code    34  stm32f4xx_rcc.o(.text)
    RCC_AHB1PeriphClockLPModeCmd             0x08009865   Thumb Code    34  stm32f4xx_rcc.o(.text)
    RCC_AHB2PeriphClockLPModeCmd             0x08009887   Thumb Code    34  stm32f4xx_rcc.o(.text)
    RCC_AHB3PeriphClockLPModeCmd             0x080098a9   Thumb Code    34  stm32f4xx_rcc.o(.text)
    RCC_APB1PeriphClockLPModeCmd             0x080098cb   Thumb Code    34  stm32f4xx_rcc.o(.text)
    RCC_APB2PeriphClockLPModeCmd             0x080098ed   Thumb Code    34  stm32f4xx_rcc.o(.text)
    RCC_LSEModeConfig                        0x0800990f   Thumb Code    40  stm32f4xx_rcc.o(.text)
    RCC_ITConfig                             0x08009937   Thumb Code    34  stm32f4xx_rcc.o(.text)
    RCC_ClearFlag                            0x08009959   Thumb Code    18  stm32f4xx_rcc.o(.text)
    RCC_GetITStatus                          0x0800996b   Thumb Code    22  stm32f4xx_rcc.o(.text)
    RCC_ClearITPendingBit                    0x08009981   Thumb Code     8  stm32f4xx_rcc.o(.text)
    USART_DeInit                             0x0800998d   Thumb Code   206  stm32f4xx_usart.o(.text)
    USART_Init                               0x08009a5b   Thumb Code   204  stm32f4xx_usart.o(.text)
    USART_StructInit                         0x08009b27   Thumb Code    24  stm32f4xx_usart.o(.text)
    USART_ClockInit                          0x08009b3f   Thumb Code    32  stm32f4xx_usart.o(.text)
    USART_ClockStructInit                    0x08009b5f   Thumb Code    12  stm32f4xx_usart.o(.text)
    USART_Cmd                                0x08009b6b   Thumb Code    24  stm32f4xx_usart.o(.text)
    USART_SetPrescaler                       0x08009b83   Thumb Code    16  stm32f4xx_usart.o(.text)
    USART_OverSampling8Cmd                   0x08009b93   Thumb Code    22  stm32f4xx_usart.o(.text)
    USART_OneBitMethodCmd                    0x08009ba9   Thumb Code    24  stm32f4xx_usart.o(.text)
    USART_SendData                           0x08009bc1   Thumb Code     8  stm32f4xx_usart.o(.text)
    USART_ReceiveData                        0x08009bc9   Thumb Code    10  stm32f4xx_usart.o(.text)
    USART_SetAddress                         0x08009bd3   Thumb Code    18  stm32f4xx_usart.o(.text)
    USART_ReceiverWakeUpCmd                  0x08009be5   Thumb Code    24  stm32f4xx_usart.o(.text)
    USART_WakeUpConfig                       0x08009bfd   Thumb Code    18  stm32f4xx_usart.o(.text)
    USART_LINBreakDetectLengthConfig         0x08009c0f   Thumb Code    18  stm32f4xx_usart.o(.text)
    USART_LINCmd                             0x08009c21   Thumb Code    24  stm32f4xx_usart.o(.text)
    USART_SendBreak                          0x08009c39   Thumb Code    10  stm32f4xx_usart.o(.text)
    USART_HalfDuplexCmd                      0x08009c43   Thumb Code    24  stm32f4xx_usart.o(.text)
    USART_SetGuardTime                       0x08009c5b   Thumb Code    16  stm32f4xx_usart.o(.text)
    USART_SmartCardCmd                       0x08009c6b   Thumb Code    24  stm32f4xx_usart.o(.text)
    USART_SmartCardNACKCmd                   0x08009c83   Thumb Code    24  stm32f4xx_usart.o(.text)
    USART_IrDAConfig                         0x08009c9b   Thumb Code    18  stm32f4xx_usart.o(.text)
    USART_IrDACmd                            0x08009cad   Thumb Code    24  stm32f4xx_usart.o(.text)
    USART_DMACmd                             0x08009cc5   Thumb Code    18  stm32f4xx_usart.o(.text)
    USART_ITConfig                           0x08009cd7   Thumb Code    74  stm32f4xx_usart.o(.text)
    USART_GetFlagStatus                      0x08009d21   Thumb Code    26  stm32f4xx_usart.o(.text)
    USART_ClearFlag                          0x08009d3b   Thumb Code    18  stm32f4xx_usart.o(.text)
    USART_GetITStatus                        0x08009d4d   Thumb Code   118  stm32f4xx_usart.o(.text)
    USART_ClearITPendingBit                  0x08009dc3   Thumb Code    30  stm32f4xx_usart.o(.text)
    TIM_DeInit                               0x08009de1   Thumb Code   346  stm32f4xx_tim.o(.text)
    TIM_TimeBaseInit                         0x08009f3b   Thumb Code   104  stm32f4xx_tim.o(.text)
    TIM_TimeBaseStructInit                   0x08009fa3   Thumb Code    18  stm32f4xx_tim.o(.text)
    TIM_PrescalerConfig                      0x08009fb5   Thumb Code     6  stm32f4xx_tim.o(.text)
    TIM_CounterModeConfig                    0x08009fbb   Thumb Code    18  stm32f4xx_tim.o(.text)
    TIM_SetCounter                           0x08009fcd   Thumb Code     4  stm32f4xx_tim.o(.text)
    TIM_SetAutoreload                        0x08009fd1   Thumb Code     4  stm32f4xx_tim.o(.text)
    TIM_GetCounter                           0x08009fd5   Thumb Code     6  stm32f4xx_tim.o(.text)
    TIM_GetPrescaler                         0x08009fdb   Thumb Code     6  stm32f4xx_tim.o(.text)
    TIM_UpdateDisableConfig                  0x08009fe1   Thumb Code    24  stm32f4xx_tim.o(.text)
    TIM_UpdateRequestConfig                  0x08009ff9   Thumb Code    24  stm32f4xx_tim.o(.text)
    TIM_ARRPreloadConfig                     0x0800a011   Thumb Code    24  stm32f4xx_tim.o(.text)
    TIM_SelectOnePulseMode                   0x0800a029   Thumb Code    18  stm32f4xx_tim.o(.text)
    TIM_SetClockDivision                     0x0800a03b   Thumb Code    18  stm32f4xx_tim.o(.text)
    TIM_Cmd                                  0x0800a04d   Thumb Code    24  stm32f4xx_tim.o(.text)
    TIM_OC1Init                              0x0800a065   Thumb Code   114  stm32f4xx_tim.o(.text)
    TIM_OC2Init                              0x0800a0d7   Thumb Code   154  stm32f4xx_tim.o(.text)
    TIM_OC3Init                              0x0800a171   Thumb Code   204  stm32f4xx_tim.o(.text)
    TIM_OC4Init                              0x0800a23d   Thumb Code   112  stm32f4xx_tim.o(.text)
    TIM_OCStructInit                         0x0800a2ad   Thumb Code    20  stm32f4xx_tim.o(.text)
    TIM_SelectOCxM                           0x0800a2c1   Thumb Code    86  stm32f4xx_tim.o(.text)
    TIM_SetCompare1                          0x0800a317   Thumb Code     4  stm32f4xx_tim.o(.text)
    TIM_SetCompare2                          0x0800a31b   Thumb Code     4  stm32f4xx_tim.o(.text)
    TIM_SetCompare3                          0x0800a31f   Thumb Code     4  stm32f4xx_tim.o(.text)
    TIM_SetCompare4                          0x0800a323   Thumb Code     4  stm32f4xx_tim.o(.text)
    TIM_ForcedOC1Config                      0x0800a327   Thumb Code    18  stm32f4xx_tim.o(.text)
    TIM_ForcedOC2Config                      0x0800a339   Thumb Code    26  stm32f4xx_tim.o(.text)
    TIM_ForcedOC3Config                      0x0800a353   Thumb Code    18  stm32f4xx_tim.o(.text)
    TIM_ForcedOC4Config                      0x0800a365   Thumb Code    26  stm32f4xx_tim.o(.text)
    TIM_OC1PreloadConfig                     0x0800a37f   Thumb Code    18  stm32f4xx_tim.o(.text)
    TIM_OC2PreloadConfig                     0x0800a391   Thumb Code    26  stm32f4xx_tim.o(.text)
    TIM_OC3PreloadConfig                     0x0800a3ab   Thumb Code    18  stm32f4xx_tim.o(.text)
    TIM_OC4PreloadConfig                     0x0800a3bd   Thumb Code    26  stm32f4xx_tim.o(.text)
    TIM_OC1FastConfig                        0x0800a3d7   Thumb Code    18  stm32f4xx_tim.o(.text)
    TIM_OC2FastConfig                        0x0800a3e9   Thumb Code    26  stm32f4xx_tim.o(.text)
    TIM_OC3FastConfig                        0x0800a403   Thumb Code    18  stm32f4xx_tim.o(.text)
    TIM_OC4FastConfig                        0x0800a415   Thumb Code    26  stm32f4xx_tim.o(.text)
    TIM_ClearOC1Ref                          0x0800a42f   Thumb Code    18  stm32f4xx_tim.o(.text)
    TIM_ClearOC2Ref                          0x0800a441   Thumb Code    24  stm32f4xx_tim.o(.text)
    TIM_ClearOC3Ref                          0x0800a459   Thumb Code    18  stm32f4xx_tim.o(.text)
    TIM_ClearOC4Ref                          0x0800a46b   Thumb Code    24  stm32f4xx_tim.o(.text)
    TIM_OC1PolarityConfig                    0x0800a483   Thumb Code    18  stm32f4xx_tim.o(.text)
    TIM_OC1NPolarityConfig                   0x0800a495   Thumb Code    18  stm32f4xx_tim.o(.text)
    TIM_OC2PolarityConfig                    0x0800a4a7   Thumb Code    26  stm32f4xx_tim.o(.text)
    TIM_OC2NPolarityConfig                   0x0800a4c1   Thumb Code    26  stm32f4xx_tim.o(.text)
    TIM_OC3PolarityConfig                    0x0800a4db   Thumb Code    26  stm32f4xx_tim.o(.text)
    TIM_OC3NPolarityConfig                   0x0800a4f5   Thumb Code    26  stm32f4xx_tim.o(.text)
    TIM_OC4PolarityConfig                    0x0800a50f   Thumb Code    26  stm32f4xx_tim.o(.text)
    TIM_CCxCmd                               0x0800a529   Thumb Code    30  stm32f4xx_tim.o(.text)
    TIM_CCxNCmd                              0x0800a547   Thumb Code    30  stm32f4xx_tim.o(.text)
    TIM_SetIC4Prescaler                      0x0800a565   Thumb Code    26  stm32f4xx_tim.o(.text)
    TIM_SetIC3Prescaler                      0x0800a5cf   Thumb Code    18  stm32f4xx_tim.o(.text)
    TIM_SetIC2Prescaler                      0x0800a629   Thumb Code    26  stm32f4xx_tim.o(.text)
    TIM_SetIC1Prescaler                      0x0800a69d   Thumb Code    18  stm32f4xx_tim.o(.text)
    TIM_ICInit                               0x0800a6e9   Thumb Code   110  stm32f4xx_tim.o(.text)
    TIM_ICStructInit                         0x0800a757   Thumb Code    18  stm32f4xx_tim.o(.text)
    TIM_PWMIConfig                           0x0800a769   Thumb Code   124  stm32f4xx_tim.o(.text)
    TIM_GetCapture1                          0x0800a7e5   Thumb Code     6  stm32f4xx_tim.o(.text)
    TIM_GetCapture2                          0x0800a7eb   Thumb Code     6  stm32f4xx_tim.o(.text)
    TIM_GetCapture3                          0x0800a7f1   Thumb Code     6  stm32f4xx_tim.o(.text)
    TIM_GetCapture4                          0x0800a7f7   Thumb Code     6  stm32f4xx_tim.o(.text)
    TIM_BDTRConfig                           0x0800a7fd   Thumb Code    32  stm32f4xx_tim.o(.text)
    TIM_BDTRStructInit                       0x0800a81d   Thumb Code    18  stm32f4xx_tim.o(.text)
    TIM_CtrlPWMOutputs                       0x0800a82f   Thumb Code    30  stm32f4xx_tim.o(.text)
    TIM_SelectCOM                            0x0800a84d   Thumb Code    24  stm32f4xx_tim.o(.text)
    TIM_CCPreloadControl                     0x0800a865   Thumb Code    24  stm32f4xx_tim.o(.text)
    TIM_ITConfig                             0x0800a87d   Thumb Code    18  stm32f4xx_tim.o(.text)
    TIM_GenerateEvent                        0x0800a88f   Thumb Code     4  stm32f4xx_tim.o(.text)
    TIM_GetFlagStatus                        0x0800a893   Thumb Code    18  stm32f4xx_tim.o(.text)
    TIM_ClearFlag                            0x0800a8a5   Thumb Code     6  stm32f4xx_tim.o(.text)
    TIM_GetITStatus                          0x0800a8ab   Thumb Code    34  stm32f4xx_tim.o(.text)
    TIM_ClearITPendingBit                    0x0800a8cd   Thumb Code     6  stm32f4xx_tim.o(.text)
    TIM_DMAConfig                            0x0800a8d3   Thumb Code    10  stm32f4xx_tim.o(.text)
    TIM_DMACmd                               0x0800a8dd   Thumb Code    18  stm32f4xx_tim.o(.text)
    TIM_SelectCCDMA                          0x0800a8ef   Thumb Code    24  stm32f4xx_tim.o(.text)
    TIM_InternalClockConfig                  0x0800a907   Thumb Code    12  stm32f4xx_tim.o(.text)
    TIM_SelectInputTrigger                   0x0800a913   Thumb Code    18  stm32f4xx_tim.o(.text)
    TIM_ITRxExternalClockConfig              0x0800a925   Thumb Code    24  stm32f4xx_tim.o(.text)
    TIM_TIxExternalClockConfig               0x0800a93d   Thumb Code    62  stm32f4xx_tim.o(.text)
    TIM_ETRConfig                            0x0800a97b   Thumb Code    28  stm32f4xx_tim.o(.text)
    TIM_ETRClockMode1Config                  0x0800a997   Thumb Code    54  stm32f4xx_tim.o(.text)
    TIM_ETRClockMode2Config                  0x0800a9cd   Thumb Code    32  stm32f4xx_tim.o(.text)
    TIM_SelectOutputTrigger                  0x0800a9ed   Thumb Code    18  stm32f4xx_tim.o(.text)
    TIM_SelectSlaveMode                      0x0800a9ff   Thumb Code    18  stm32f4xx_tim.o(.text)
    TIM_SelectMasterSlaveMode                0x0800aa11   Thumb Code    18  stm32f4xx_tim.o(.text)
    TIM_EncoderInterfaceConfig               0x0800aa23   Thumb Code    66  stm32f4xx_tim.o(.text)
    TIM_SelectHallSensor                     0x0800aa65   Thumb Code    24  stm32f4xx_tim.o(.text)
    TIM_RemapConfig                          0x0800aa7d   Thumb Code     6  stm32f4xx_tim.o(.text)
    SYSCFG_DeInit                            0x0800aa85   Thumb Code    22  stm32f4xx_syscfg.o(.text)
    SYSCFG_MemoryRemapConfig                 0x0800aa9b   Thumb Code     6  stm32f4xx_syscfg.o(.text)
    SYSCFG_MemorySwappingBank                0x0800aaa1   Thumb Code     6  stm32f4xx_syscfg.o(.text)
    SYSCFG_EXTILineConfig                    0x0800aaa7   Thumb Code    66  stm32f4xx_syscfg.o(.text)
    SYSCFG_ETH_MediaInterfaceConfig          0x0800aae9   Thumb Code     8  stm32f4xx_syscfg.o(.text)
    SYSCFG_CompensationCellCmd               0x0800aaf1   Thumb Code     6  stm32f4xx_syscfg.o(.text)
    SYSCFG_GetCompensationCellStatus         0x0800aaf7   Thumb Code    22  stm32f4xx_syscfg.o(.text)
    SPI_I2S_DeInit                           0x0800ab19   Thumb Code   152  stm32f4xx_spi.o(.text)
    SPI_Init                                 0x0800abb1   Thumb Code    60  stm32f4xx_spi.o(.text)
    I2S_Init                                 0x0800abed   Thumb Code   396  stm32f4xx_spi.o(.text)
    SPI_StructInit                           0x0800ad79   Thumb Code    24  stm32f4xx_spi.o(.text)
    I2S_StructInit                           0x0800ad91   Thumb Code    20  stm32f4xx_spi.o(.text)
    SPI_Cmd                                  0x0800ada5   Thumb Code    24  stm32f4xx_spi.o(.text)
    I2S_Cmd                                  0x0800adbd   Thumb Code    24  stm32f4xx_spi.o(.text)
    SPI_DataSizeConfig                       0x0800add5   Thumb Code    18  stm32f4xx_spi.o(.text)
    SPI_BiDirectionalLineConfig              0x0800ade7   Thumb Code    28  stm32f4xx_spi.o(.text)
    SPI_NSSInternalSoftwareConfig            0x0800ae03   Thumb Code    30  stm32f4xx_spi.o(.text)
    SPI_SSOutputCmd                          0x0800ae21   Thumb Code    24  stm32f4xx_spi.o(.text)
    SPI_TIModeCmd                            0x0800ae39   Thumb Code    24  stm32f4xx_spi.o(.text)
    I2S_FullDuplexConfig                     0x0800ae51   Thumb Code    80  stm32f4xx_spi.o(.text)
    SPI_I2S_ReceiveData                      0x0800aea1   Thumb Code     6  stm32f4xx_spi.o(.text)
    SPI_I2S_SendData                         0x0800aea7   Thumb Code     4  stm32f4xx_spi.o(.text)
    SPI_CalculateCRC                         0x0800aeab   Thumb Code    24  stm32f4xx_spi.o(.text)
    SPI_TransmitCRC                          0x0800aec3   Thumb Code    10  stm32f4xx_spi.o(.text)
    SPI_GetCRC                               0x0800aecd   Thumb Code    16  stm32f4xx_spi.o(.text)
    SPI_GetCRCPolynomial                     0x0800aedd   Thumb Code     6  stm32f4xx_spi.o(.text)
    SPI_I2S_DMACmd                           0x0800aee3   Thumb Code    18  stm32f4xx_spi.o(.text)
    SPI_I2S_ITConfig                         0x0800aef5   Thumb Code    68  stm32f4xx_spi.o(.text)
    SPI_I2S_GetFlagStatus                    0x0800af39   Thumb Code    18  stm32f4xx_spi.o(.text)
    SPI_I2S_ClearFlag                        0x0800af4b   Thumb Code     6  stm32f4xx_spi.o(.text)
    SPI_I2S_GetITStatus                      0x0800af51   Thumb Code    52  stm32f4xx_spi.o(.text)
    SPI_I2S_ClearITPendingBit                0x0800af85   Thumb Code    20  stm32f4xx_spi.o(.text)
    SDIO_DeInit                              0x0800af99   Thumb Code    22  stm32f4xx_sdio.o(.text)
    SDIO_Init                                0x0800afaf   Thumb Code    42  stm32f4xx_sdio.o(.text)
    SDIO_StructInit                          0x0800afd9   Thumb Code    16  stm32f4xx_sdio.o(.text)
    SDIO_ClockCmd                            0x0800afe9   Thumb Code     6  stm32f4xx_sdio.o(.text)
    SDIO_SetPowerState                       0x0800afef   Thumb Code     8  stm32f4xx_sdio.o(.text)
    SDIO_GetPowerState                       0x0800aff7   Thumb Code    12  stm32f4xx_sdio.o(.text)
    SDIO_SendCommand                         0x0800b003   Thumb Code    42  stm32f4xx_sdio.o(.text)
    SDIO_CmdStructInit                       0x0800b02d   Thumb Code    14  stm32f4xx_sdio.o(.text)
    SDIO_GetCommandResponse                  0x0800b03b   Thumb Code    10  stm32f4xx_sdio.o(.text)
    SDIO_GetResponse                         0x0800b045   Thumb Code    22  stm32f4xx_sdio.o(.text)
    SDIO_DataConfig                          0x0800b05b   Thumb Code    48  stm32f4xx_sdio.o(.text)
    SDIO_DataStructInit                      0x0800b08b   Thumb Code    20  stm32f4xx_sdio.o(.text)
    SDIO_GetDataCounter                      0x0800b09f   Thumb Code     8  stm32f4xx_sdio.o(.text)
    SDIO_ReadData                            0x0800b0a7   Thumb Code     8  stm32f4xx_sdio.o(.text)
    SDIO_WriteData                           0x0800b0af   Thumb Code     8  stm32f4xx_sdio.o(.text)
    SDIO_GetFIFOCount                        0x0800b0b7   Thumb Code     8  stm32f4xx_sdio.o(.text)
    SDIO_StartSDIOReadWait                   0x0800b0bf   Thumb Code     6  stm32f4xx_sdio.o(.text)
    SDIO_StopSDIOReadWait                    0x0800b0c5   Thumb Code     8  stm32f4xx_sdio.o(.text)
    SDIO_SetSDIOReadWaitMode                 0x0800b0cd   Thumb Code     8  stm32f4xx_sdio.o(.text)
    SDIO_SetSDIOOperation                    0x0800b0d5   Thumb Code     8  stm32f4xx_sdio.o(.text)
    SDIO_SendSDIOSuspendCmd                  0x0800b0dd   Thumb Code     6  stm32f4xx_sdio.o(.text)
    SDIO_CommandCompletionCmd                0x0800b0e3   Thumb Code     8  stm32f4xx_sdio.o(.text)
    SDIO_CEATAITCmd                          0x0800b0eb   Thumb Code    12  stm32f4xx_sdio.o(.text)
    SDIO_SendCEATACmd                        0x0800b0f7   Thumb Code     8  stm32f4xx_sdio.o(.text)
    SDIO_DMACmd                              0x0800b0ff   Thumb Code     8  stm32f4xx_sdio.o(.text)
    SDIO_ITConfig                            0x0800b107   Thumb Code    34  stm32f4xx_sdio.o(.text)
    SDIO_GetFlagStatus                       0x0800b129   Thumb Code    22  stm32f4xx_sdio.o(.text)
    SDIO_ClearFlag                           0x0800b13f   Thumb Code     8  stm32f4xx_sdio.o(.text)
    SDIO_GetITStatus                         0x0800b147   Thumb Code    22  stm32f4xx_sdio.o(.text)
    SDIO_ClearITPendingBit                   0x0800b15d   Thumb Code     8  stm32f4xx_sdio.o(.text)
    DMA_DeInit                               0x0800b175   Thumb Code   324  stm32f4xx_dma.o(.text)
    DMA_Init                                 0x0800b2b9   Thumb Code    82  stm32f4xx_dma.o(.text)
    DMA_StructInit                           0x0800b30b   Thumb Code    34  stm32f4xx_dma.o(.text)
    DMA_Cmd                                  0x0800b32d   Thumb Code    22  stm32f4xx_dma.o(.text)
    DMA_PeriphIncOffsetSizeConfig            0x0800b343   Thumb Code    22  stm32f4xx_dma.o(.text)
    DMA_FlowControllerConfig                 0x0800b359   Thumb Code    22  stm32f4xx_dma.o(.text)
    DMA_SetCurrDataCounter                   0x0800b36f   Thumb Code     4  stm32f4xx_dma.o(.text)
    DMA_GetCurrDataCounter                   0x0800b373   Thumb Code     8  stm32f4xx_dma.o(.text)
    DMA_DoubleBufferModeConfig               0x0800b37b   Thumb Code    24  stm32f4xx_dma.o(.text)
    DMA_DoubleBufferModeCmd                  0x0800b393   Thumb Code    22  stm32f4xx_dma.o(.text)
    DMA_MemoryTargetConfig                   0x0800b3a9   Thumb Code    10  stm32f4xx_dma.o(.text)
    DMA_GetCurrentMemoryTarget               0x0800b3b3   Thumb Code    20  stm32f4xx_dma.o(.text)
    DMA_GetCmdStatus                         0x0800b3c7   Thumb Code    20  stm32f4xx_dma.o(.text)
    DMA_GetFIFOStatus                        0x0800b3db   Thumb Code    12  stm32f4xx_dma.o(.text)
    DMA_GetFlagStatus                        0x0800b3e7   Thumb Code    56  stm32f4xx_dma.o(.text)
    DMA_ClearFlag                            0x0800b41f   Thumb Code    40  stm32f4xx_dma.o(.text)
    DMA_ITConfig                             0x0800b447   Thumb Code    58  stm32f4xx_dma.o(.text)
    DMA_GetITStatus                          0x0800b481   Thumb Code    84  stm32f4xx_dma.o(.text)
    DMA_ClearITPendingBit                    0x0800b4d5   Thumb Code    40  stm32f4xx_dma.o(.text)
    ADC_DeInit                               0x0800b51d   Thumb Code    22  stm32f4xx_adc.o(.text)
    ADC_Init                                 0x0800b533   Thumb Code    74  stm32f4xx_adc.o(.text)
    ADC_StructInit                           0x0800b57d   Thumb Code    20  stm32f4xx_adc.o(.text)
    ADC_CommonInit                           0x0800b591   Thumb Code    34  stm32f4xx_adc.o(.text)
    ADC_CommonStructInit                     0x0800b5b3   Thumb Code    12  stm32f4xx_adc.o(.text)
    ADC_Cmd                                  0x0800b5bf   Thumb Code    22  stm32f4xx_adc.o(.text)
    ADC_AnalogWatchdogCmd                    0x0800b5d5   Thumb Code    16  stm32f4xx_adc.o(.text)
    ADC_AnalogWatchdogThresholdsConfig       0x0800b5e5   Thumb Code     6  stm32f4xx_adc.o(.text)
    ADC_AnalogWatchdogSingleChannelConfig    0x0800b5eb   Thumb Code    16  stm32f4xx_adc.o(.text)
    ADC_TempSensorVrefintCmd                 0x0800b5fb   Thumb Code    34  stm32f4xx_adc.o(.text)
    ADC_VBATCmd                              0x0800b61d   Thumb Code    34  stm32f4xx_adc.o(.text)
    ADC_RegularChannelConfig                 0x0800b63f   Thumb Code   184  stm32f4xx_adc.o(.text)
    ADC_SoftwareStartConv                    0x0800b6f7   Thumb Code    10  stm32f4xx_adc.o(.text)
    ADC_GetSoftwareStartConvStatus           0x0800b701   Thumb Code    20  stm32f4xx_adc.o(.text)
    ADC_EOCOnEachRegularChannelCmd           0x0800b715   Thumb Code    22  stm32f4xx_adc.o(.text)
    ADC_ContinuousModeCmd                    0x0800b72b   Thumb Code    22  stm32f4xx_adc.o(.text)
    ADC_DiscModeChannelCountConfig           0x0800b741   Thumb Code    24  stm32f4xx_adc.o(.text)
    ADC_DiscModeCmd                          0x0800b759   Thumb Code    22  stm32f4xx_adc.o(.text)
    ADC_GetConversionValue                   0x0800b76f   Thumb Code     8  stm32f4xx_adc.o(.text)
    ADC_GetMultiModeConversionValue          0x0800b777   Thumb Code     8  stm32f4xx_adc.o(.text)
    ADC_DMACmd                               0x0800b77f   Thumb Code    22  stm32f4xx_adc.o(.text)
    ADC_DMARequestAfterLastTransferCmd       0x0800b795   Thumb Code    22  stm32f4xx_adc.o(.text)
    ADC_MultiModeDMARequestAfterLastTransferCmd 0x0800b7ab   Thumb Code    34  stm32f4xx_adc.o(.text)
    ADC_InjectedChannelConfig                0x0800b7cd   Thumb Code   130  stm32f4xx_adc.o(.text)
    ADC_InjectedSequencerLengthConfig        0x0800b84f   Thumb Code    24  stm32f4xx_adc.o(.text)
    ADC_SetInjectedOffset                    0x0800b867   Thumb Code    20  stm32f4xx_adc.o(.text)
    ADC_ExternalTrigInjectedConvConfig       0x0800b87b   Thumb Code    16  stm32f4xx_adc.o(.text)
    ADC_ExternalTrigInjectedConvEdgeConfig   0x0800b88b   Thumb Code    16  stm32f4xx_adc.o(.text)
    ADC_SoftwareStartInjectedConv            0x0800b89b   Thumb Code    10  stm32f4xx_adc.o(.text)
    ADC_GetSoftwareStartInjectedConvCmdStatus 0x0800b8a5   Thumb Code    20  stm32f4xx_adc.o(.text)
    ADC_AutoInjectedConvCmd                  0x0800b8b9   Thumb Code    22  stm32f4xx_adc.o(.text)
    ADC_InjectedDiscModeCmd                  0x0800b8cf   Thumb Code    22  stm32f4xx_adc.o(.text)
    ADC_GetInjectedConversionValue           0x0800b8e5   Thumb Code    28  stm32f4xx_adc.o(.text)
    ADC_ITConfig                             0x0800b901   Thumb Code    56  stm32f4xx_adc.o(.text)
    ADC_GetFlagStatus                        0x0800b939   Thumb Code    18  stm32f4xx_adc.o(.text)
    ADC_ClearFlag                            0x0800b94b   Thumb Code     6  stm32f4xx_adc.o(.text)
    ADC_GetITStatus                          0x0800b951   Thumb Code    38  stm32f4xx_adc.o(.text)
    ADC_ClearITPendingBit                    0x0800b977   Thumb Code    10  stm32f4xx_adc.o(.text)
    PWR_DeInit                               0x0800b981   Thumb Code    22  stm32f4xx_pwr.o(.text)
    PWR_BackupAccessCmd                      0x0800b997   Thumb Code     6  stm32f4xx_pwr.o(.text)
    PWR_PVDLevelConfig                       0x0800b99d   Thumb Code    18  stm32f4xx_pwr.o(.text)
    PWR_PVDCmd                               0x0800b9af   Thumb Code     6  stm32f4xx_pwr.o(.text)
    PWR_WakeUpPinCmd                         0x0800b9b5   Thumb Code     8  stm32f4xx_pwr.o(.text)
    PWR_BackupRegulatorCmd                   0x0800b9bd   Thumb Code     8  stm32f4xx_pwr.o(.text)
    PWR_MainRegulatorModeConfig              0x0800b9c5   Thumb Code    18  stm32f4xx_pwr.o(.text)
    PWR_OverDriveCmd                         0x0800b9d7   Thumb Code     6  stm32f4xx_pwr.o(.text)
    PWR_OverDriveSWCmd                       0x0800b9dd   Thumb Code     6  stm32f4xx_pwr.o(.text)
    PWR_UnderDriveCmd                        0x0800b9e3   Thumb Code    30  stm32f4xx_pwr.o(.text)
    PWR_MainRegulatorLowVoltageCmd           0x0800ba01   Thumb Code    18  stm32f4xx_pwr.o(.text)
    PWR_LowRegulatorLowVoltageCmd            0x0800ba13   Thumb Code    18  stm32f4xx_pwr.o(.text)
    PWR_FlashPowerDownCmd                    0x0800ba25   Thumb Code     6  stm32f4xx_pwr.o(.text)
    PWR_EnterSTOPMode                        0x0800ba2b   Thumb Code    58  stm32f4xx_pwr.o(.text)
    PWR_EnterUnderDriveSTOPMode              0x0800ba65   Thumb Code    58  stm32f4xx_pwr.o(.text)
    PWR_EnterSTANDBYMode                     0x0800ba9f   Thumb Code    32  stm32f4xx_pwr.o(.text)
    PWR_GetFlagStatus                        0x0800babf   Thumb Code    20  stm32f4xx_pwr.o(.text)
    PWR_ClearFlag                            0x0800bad3   Thumb Code    14  stm32f4xx_pwr.o(.text)
    EXTI_DeInit                              0x0800baed   Thumb Code    28  stm32f4xx_exti.o(.text)
    EXTI_Init                                0x0800bb09   Thumb Code   142  stm32f4xx_exti.o(.text)
    EXTI_StructInit                          0x0800bb97   Thumb Code    16  stm32f4xx_exti.o(.text)
    EXTI_GenerateSWInterrupt                 0x0800bba7   Thumb Code    16  stm32f4xx_exti.o(.text)
    EXTI_GetFlagStatus                       0x0800bbb7   Thumb Code    22  stm32f4xx_exti.o(.text)
    EXTI_ClearFlag                           0x0800bbcd   Thumb Code     8  stm32f4xx_exti.o(.text)
    EXTI_GetITStatus                         0x0800bbd5   Thumb Code    22  stm32f4xx_exti.o(.text)
    EXTI_ClearITPendingBit                   0x0800bbeb   Thumb Code     8  stm32f4xx_exti.o(.text)
    FLASH_SetLatency                         0x0800bbfd   Thumb Code     6  stm32f4xx_flash.o(.text)
    FLASH_PrefetchBufferCmd                  0x0800bc03   Thumb Code    30  stm32f4xx_flash.o(.text)
    FLASH_InstructionCacheCmd                0x0800bc21   Thumb Code    30  stm32f4xx_flash.o(.text)
    FLASH_DataCacheCmd                       0x0800bc3f   Thumb Code    30  stm32f4xx_flash.o(.text)
    FLASH_InstructionCacheReset              0x0800bc5d   Thumb Code    14  stm32f4xx_flash.o(.text)
    FLASH_DataCacheReset                     0x0800bc6b   Thumb Code    14  stm32f4xx_flash.o(.text)
    FLASH_Unlock                             0x0800bc79   Thumb Code    26  stm32f4xx_flash.o(.text)
    FLASH_Lock                               0x0800bc93   Thumb Code    18  stm32f4xx_flash.o(.text)
    FLASH_GetStatus                          0x0800bca5   Thumb Code    90  stm32f4xx_flash.o(.text)
    FLASH_WaitForLastOperation               0x0800bcff   Thumb Code    34  stm32f4xx_flash.o(.text)
    FLASH_EraseSector                        0x0800bd21   Thumb Code   140  stm32f4xx_flash.o(.text)
    FLASH_EraseAllSectors                    0x0800bdad   Thumb Code   112  stm32f4xx_flash.o(.text)
    FLASH_EraseAllBank1Sectors               0x0800be1d   Thumb Code   112  stm32f4xx_flash.o(.text)
    FLASH_EraseAllBank2Sectors               0x0800be8d   Thumb Code   112  stm32f4xx_flash.o(.text)
    FLASH_ProgramDoubleWord                  0x0800befd   Thumb Code    86  stm32f4xx_flash.o(.text)
    FLASH_ProgramWord                        0x0800bf53   Thumb Code    82  stm32f4xx_flash.o(.text)
    FLASH_ProgramHalfWord                    0x0800bfa5   Thumb Code    96  stm32f4xx_flash.o(.text)
    FLASH_ProgramByte                        0x0800c005   Thumb Code    70  stm32f4xx_flash.o(.text)
    FLASH_OB_Unlock                          0x0800c04b   Thumb Code    26  stm32f4xx_flash.o(.text)
    FLASH_OB_Lock                            0x0800c065   Thumb Code    18  stm32f4xx_flash.o(.text)
    FLASH_OB_WRPConfig                       0x0800c077   Thumb Code    54  stm32f4xx_flash.o(.text)
    FLASH_OB_WRP1Config                      0x0800c0ad   Thumb Code    54  stm32f4xx_flash.o(.text)
    FLASH_OB_PCROPSelectionConfig            0x0800c0e3   Thumb Code    24  stm32f4xx_flash.o(.text)
    FLASH_OB_PCROPConfig                     0x0800c0fb   Thumb Code    54  stm32f4xx_flash.o(.text)
    FLASH_OB_PCROP1Config                    0x0800c131   Thumb Code    54  stm32f4xx_flash.o(.text)
    FLASH_OB_RDPConfig                       0x0800c167   Thumb Code    24  stm32f4xx_flash.o(.text)
    FLASH_OB_UserConfig                      0x0800c17f   Thumb Code    46  stm32f4xx_flash.o(.text)
    FLASH_OB_BootConfig                      0x0800c1ad   Thumb Code    26  stm32f4xx_flash.o(.text)
    FLASH_OB_BORConfig                       0x0800c1c7   Thumb Code    26  stm32f4xx_flash.o(.text)
    FLASH_OB_Launch                          0x0800c1e1   Thumb Code    30  stm32f4xx_flash.o(.text)
    FLASH_OB_GetUser                         0x0800c1ff   Thumb Code    12  stm32f4xx_flash.o(.text)
    FLASH_OB_GetWRP                          0x0800c20b   Thumb Code     8  stm32f4xx_flash.o(.text)
    FLASH_OB_GetWRP1                         0x0800c213   Thumb Code     8  stm32f4xx_flash.o(.text)
    FLASH_OB_GetPCROP                        0x0800c21b   Thumb Code     8  stm32f4xx_flash.o(.text)
    FLASH_OB_GetPCROP1                       0x0800c223   Thumb Code     8  stm32f4xx_flash.o(.text)
    FLASH_OB_GetRDP                          0x0800c22b   Thumb Code    20  stm32f4xx_flash.o(.text)
    FLASH_OB_GetBOR                          0x0800c23f   Thumb Code    12  stm32f4xx_flash.o(.text)
    FLASH_ITConfig                           0x0800c24b   Thumb Code    26  stm32f4xx_flash.o(.text)
    FLASH_GetFlagStatus                      0x0800c265   Thumb Code    22  stm32f4xx_flash.o(.text)
    FLASH_ClearFlag                          0x0800c27b   Thumb Code     8  stm32f4xx_flash.o(.text)
    mymemcpy                                 0x0800c291   Thumb Code    26  malloc.o(.text)
    mymemset                                 0x0800c2ab   Thumb Code    20  malloc.o(.text)
    my_mem_init                              0x0800c2bf   Thumb Code    54  malloc.o(.text)
    my_mem_perused                           0x0800c2f5   Thumb Code    54  malloc.o(.text)
    my_mem_malloc                            0x0800c32b   Thumb Code   154  malloc.o(.text)
    my_mem_free                              0x0800c3c5   Thumb Code    94  malloc.o(.text)
    myfree                                   0x0800c423   Thumb Code    32  malloc.o(.text)
    mymalloc                                 0x0800c443   Thumb Code    36  malloc.o(.text)
    myrealloc                                0x0800c467   Thumb Code    68  malloc.o(.text)
    TM_FATFS_AddDriver                       0x0800c4bd   Thumb Code    76  diskio.o(.text)
    disk_initialize                          0x0800c509   Thumb Code    34  diskio.o(.text)
    disk_status                              0x0800c52b   Thumb Code    38  diskio.o(.text)
    disk_read                                0x0800c551   Thumb Code    58  diskio.o(.text)
    disk_write                               0x0800c58b   Thumb Code    58  diskio.o(.text)
    disk_ioctl                               0x0800c5c5   Thumb Code    44  diskio.o(.text)
    get_fattime                              0x0800c5f1   Thumb Code    48  diskio.o(.text)
    ff_memalloc                              0x0800c621   Thumb Code    14  diskio.o(.text)
    ff_memfree                               0x0800c62f   Thumb Code    14  diskio.o(.text)
    TM_FATFS_SD_disk_initialize              0x0800c641   Thumb Code     4  diskio.o(.text)
    TM_FATFS_USB_disk_initialize             0x0800c645   Thumb Code     4  diskio.o(.text)
    TM_FATFS_SDRAM_disk_initialize           0x0800c649   Thumb Code     4  diskio.o(.text)
    TM_FATFS_SPI_FLASH_disk_initialize       0x0800c64d   Thumb Code     4  diskio.o(.text)
    TM_FATFS_SD_disk_status                  0x0800c655   Thumb Code     4  diskio.o(.text)
    TM_FATFS_USB_disk_status                 0x0800c659   Thumb Code     4  diskio.o(.text)
    TM_FATFS_SDRAM_disk_status               0x0800c65d   Thumb Code     4  diskio.o(.text)
    TM_FATFS_SPI_FLASH_disk_status           0x0800c661   Thumb Code     4  diskio.o(.text)
    TM_FATFS_SD_disk_ioctl                   0x0800c66b   Thumb Code     6  diskio.o(.text)
    TM_FATFS_USB_disk_ioctl                  0x0800c671   Thumb Code     6  diskio.o(.text)
    TM_FATFS_SDRAM_disk_ioctl                0x0800c677   Thumb Code     6  diskio.o(.text)
    TM_FATFS_SPI_FLASH_disk_ioctl            0x0800c67d   Thumb Code     6  diskio.o(.text)
    TM_FATFS_SD_disk_read                    0x0800c689   Thumb Code     6  diskio.o(.text)
    TM_FATFS_USB_disk_read                   0x0800c68f   Thumb Code     6  diskio.o(.text)
    TM_FATFS_SDRAM_disk_read                 0x0800c695   Thumb Code     6  diskio.o(.text)
    TM_FATFS_SPI_FLASH_disk_read             0x0800c69b   Thumb Code     6  diskio.o(.text)
    TM_FATFS_SD_disk_write                   0x0800c6a7   Thumb Code     6  diskio.o(.text)
    TM_FATFS_USB_disk_write                  0x0800c6ad   Thumb Code     6  diskio.o(.text)
    TM_FATFS_SDRAM_disk_write                0x0800c6b3   Thumb Code     6  diskio.o(.text)
    TM_FATFS_SPI_FLASH_disk_write            0x0800c6b9   Thumb Code     6  diskio.o(.text)
    clust2sect                               0x0800c88b   Thumb Code    26  ff.o(.text)
    get_fat                                  0x0800c8a5   Thumb Code   232  ff.o(.text)
    put_fat                                  0x0800c98d   Thumb Code   310  ff.o(.text)
    dir_sdi                                  0x0800cc37   Thumb Code   158  ff.o(.text)
    f_mount                                  0x0800dca9   Thumb Code    86  ff.o(.text)
    f_open                                   0x0800dcff   Thumb Code   384  ff.o(.text)
    f_read                                   0x0800de7f   Thumb Code   448  ff.o(.text)
    f_write                                  0x0800e03f   Thumb Code   490  ff.o(.text)
    f_sync                                   0x0800e229   Thumb Code   176  ff.o(.text)
    f_close                                  0x0800e2d9   Thumb Code    36  ff.o(.text)
    f_lseek                                  0x0800e2fd   Thumb Code   654  ff.o(.text)
    f_opendir                                0x0800e58b   Thumb Code   136  ff.o(.text)
    f_closedir                               0x0800e613   Thumb Code    22  ff.o(.text)
    f_readdir                                0x0800e629   Thumb Code   114  ff.o(.text)
    f_stat                                   0x0800e69b   Thumb Code    84  ff.o(.text)
    f_getfree                                0x0800e6ef   Thumb Code   258  ff.o(.text)
    f_truncate                               0x0800e7f1   Thumb Code   184  ff.o(.text)
    f_unlink                                 0x0800e8a9   Thumb Code   194  ff.o(.text)
    f_mkdir                                  0x0800e96b   Thumb Code   380  ff.o(.text)
    f_chmod                                  0x0800eae7   Thumb Code   112  ff.o(.text)
    f_utime                                  0x0800eb57   Thumb Code   110  ff.o(.text)
    f_rename                                 0x0800ebc5   Thumb Code   314  ff.o(.text)
    f_getlabel                               0x0800ecff   Thumb Code   190  ff.o(.text)
    f_setlabel                               0x0800edbd   Thumb Code   470  ff.o(.text)
    f_mkfs                                   0x0800ef93   Thumb Code  1570  ff.o(.text)
    f_gets                                   0x0800f5b5   Thumb Code    82  ff.o(.text)
    f_putc                                   0x0800f64b   Thumb Code    64  ff.o(.text)
    f_puts                                   0x0800f68b   Thumb Code    74  ff.o(.text)
    f_printf                                 0x0800f6d5   Thumb Code   674  ff.o(.text)
    exfuns_init                              0x0800f979   Thumb Code   114  exfuns.o(.text)
    char_upper                               0x0800f9eb   Thumb Code    26  exfuns.o(.text)
    f_typetell                               0x0800fa05   Thumb Code   172  exfuns.o(.text)
    exf_getfree                              0x0800fab1   Thumb Code    74  exfuns.o(.text)
    ff_convert                               0x0800fb11   Thumb Code     4  mycc936.o(.text)
    ff_wtoupper                              0x0800fb15   Thumb Code    46  mycc936.o(.text)
    wav_second_level_cache                   0x0800fb4d   Thumb Code   246  recorder.o(.text)
    rec_adc_dma_rx_callback                  0x0800fc43   Thumb Code  1876  recorder.o(.text)
    DataCheck                                0x08010397   Thumb Code  1238  recorder.o(.text)
    recoder_enter_rec_mode                   0x0801086d   Thumb Code    42  recorder.o(.text)
    recoder_wav_init                         0x08010897   Thumb Code    60  recorder.o(.text)
    recoder_new_pathname                     0x080108d3   Thumb Code    54  recorder.o(.text)
    wav_recorder                             0x08010909   Thumb Code   508  recorder.o(.text)
    gad_second_level_cache                   0x08010b75   Thumb Code   814  recordinggyroaccelerometerdata.o(.text)
    gad_rx_callback                          0x08010ea3   Thumb Code   130  recordinggyroaccelerometerdata.o(.text)
    gad_new_pathname                         0x08010f25   Thumb Code   176  recordinggyroaccelerometerdata.o(.text)
    gad_recorder                             0x08010fd5   Thumb Code   418  recordinggyroaccelerometerdata.o(.text)
    __aeabi_uldivmod                         0x080111b9   Thumb Code    98  uldiv.o(.text)
    __aeabi_ldivmod                          0x0801121b   Thumb Code    98  ldiv.o(.text)
    rand                                     0x0801127d   Thumb Code    20  rand.o(.text)
    srand                                    0x08011291   Thumb Code     6  rand.o(.text)
    __aeabi_memcpy                           0x080112a1   Thumb Code    36  memcpya.o(.text)
    __aeabi_memcpy4                          0x080112a1   Thumb Code     0  memcpya.o(.text)
    __aeabi_memcpy8                          0x080112a1   Thumb Code     0  memcpya.o(.text)
    __aeabi_memset                           0x080112c5   Thumb Code    14  memseta.o(.text)
    __aeabi_memset4                          0x080112c5   Thumb Code     0  memseta.o(.text)
    __aeabi_memset8                          0x080112c5   Thumb Code     0  memseta.o(.text)
    __aeabi_memclr                           0x080112d3   Thumb Code     4  memseta.o(.text)
    __aeabi_memclr4                          0x080112d3   Thumb Code     0  memseta.o(.text)
    __aeabi_memclr8                          0x080112d3   Thumb Code     0  memseta.o(.text)
    _memset$wrapper                          0x080112d7   Thumb Code    18  memseta.o(.text)
    strstr                                   0x080112e9   Thumb Code    36  strstr.o(.text)
    strlen                                   0x0801130d   Thumb Code    14  strlen.o(.text)
    strcmp                                   0x0801131b   Thumb Code    28  strcmp.o(.text)
    memcmp                                   0x08011337   Thumb Code    26  memcmp.o(.text)
    strcpy                                   0x08011351   Thumb Code    18  strcpy.o(.text)
    atoi                                     0x08011363   Thumb Code    26  atoi.o(.text)
    __aeabi_dadd                             0x0801137d   Thumb Code   322  dadd.o(.text)
    __aeabi_dsub                             0x080114bf   Thumb Code     6  dadd.o(.text)
    __aeabi_drsub                            0x080114c5   Thumb Code     6  dadd.o(.text)
    __aeabi_dmul                             0x080114cb   Thumb Code   228  dmul.o(.text)
    __aeabi_ddiv                             0x080115af   Thumb Code   222  ddiv.o(.text)
    __aeabi_i2d                              0x0801168d   Thumb Code    34  dflti.o(.text)
    __aeabi_ui2d                             0x080116af   Thumb Code    26  dfltui.o(.text)
    __aeabi_d2uiz                            0x080116c9   Thumb Code    50  dfixui.o(.text)
    __aeabi_f2d                              0x080116fb   Thumb Code    38  f2d.o(.text)
    __aeabi_d2f                              0x08011721   Thumb Code    56  d2f.o(.text)
    __aeabi_llsl                             0x08011759   Thumb Code    30  llshl.o(.text)
    _ll_shift_l                              0x08011759   Thumb Code     0  llshl.o(.text)
    __aeabi_llsr                             0x08011777   Thumb Code    32  llushr.o(.text)
    _ll_ushift_r                             0x08011777   Thumb Code     0  llushr.o(.text)
    __aeabi_lasr                             0x08011797   Thumb Code    36  llsshr.o(.text)
    _ll_sshift_r                             0x08011797   Thumb Code     0  llsshr.o(.text)
    strtol                                   0x080117bb   Thumb Code   112  strtol.o(.text)
    __I$use$fp                               0x0801182b   Thumb Code     0  iusefp.o(.text)
    _float_round                             0x0801182b   Thumb Code    18  fepilogue.o(.text)
    _float_epilogue                          0x0801183d   Thumb Code    92  fepilogue.o(.text)
    _double_round                            0x08011899   Thumb Code    30  depilogue.o(.text)
    _double_epilogue                         0x080118b7   Thumb Code   156  depilogue.o(.text)
    __scatterload                            0x08011955   Thumb Code    28  init.o(.text)
    __scatterload_rt2                        0x08011955   Thumb Code     0  init.o(.text)
    __rt_ctype_table                         0x08011979   Thumb Code     4  ctype_o.o(.text)
    _strtoul                                 0x08011981   Thumb Code   158  _strtoul.o(.text)
    _dsqrt                                   0x08011a1f   Thumb Code   162  dsqrt.o(.text)
    _chval                                   0x08011ac1   Thumb Code    28  _chval.o(.text)
    __decompress                             0x08011add   Thumb Code     0  __dczerorl2.o(.text)
    __decompress1                            0x08011add   Thumb Code    86  __dczerorl2.o(.text)
    __0printf$8                              0x08011b35   Thumb Code    22  printf8.o(i.__0printf$8)
    __1printf$8                              0x08011b35   Thumb Code     0  printf8.o(i.__0printf$8)
    __2printf                                0x08011b35   Thumb Code     0  printf8.o(i.__0printf$8)
    __0sprintf$8                             0x08011b55   Thumb Code    34  printf8.o(i.__0sprintf$8)
    __1sprintf$8                             0x08011b55   Thumb Code     0  printf8.o(i.__0sprintf$8)
    __2sprintf                               0x08011b55   Thumb Code     0  printf8.o(i.__0sprintf$8)
    __ARM_fpclassify                         0x08011b7d   Thumb Code    48  fpclassify.o(i.__ARM_fpclassify)
    __aeabi_errno_addr                       0x08011bad   Thumb Code     4  errno.o(i.__aeabi_errno_addr)
    __rt_errno_addr                          0x08011bad   Thumb Code     0  errno.o(i.__aeabi_errno_addr)
    __hardfp_asin                            0x08011bb9   Thumb Code   770  asin.o(i.__hardfp_asin)
    __hardfp_atan                            0x08011f19   Thumb Code   622  atan.o(i.__hardfp_atan)
    __hardfp_atan2                           0x080121f1   Thumb Code   432  atan2.o(i.__hardfp_atan2)
    __kernel_poly                            0x080123e1   Thumb Code   248  poly.o(i.__kernel_poly)
    __mathlib_dbl_infnan                     0x080124d9   Thumb Code    20  dunder.o(i.__mathlib_dbl_infnan)
    __mathlib_dbl_infnan2                    0x080124ed   Thumb Code    20  dunder.o(i.__mathlib_dbl_infnan2)
    __mathlib_dbl_invalid                    0x08012501   Thumb Code    24  dunder.o(i.__mathlib_dbl_invalid)
    __mathlib_dbl_underflow                  0x08012521   Thumb Code    24  dunder.o(i.__mathlib_dbl_underflow)
    __scatterload_copy                       0x08012541   Thumb Code    14  handlers.o(i.__scatterload_copy)
    __scatterload_null                       0x0801254f   Thumb Code     2  handlers.o(i.__scatterload_null)
    __scatterload_zeroinit                   0x08012551   Thumb Code    14  handlers.o(i.__scatterload_zeroinit)
    __set_errno                              0x08012561   Thumb Code     6  errno.o(i.__set_errno)
    atan                                     0x080129d9   Thumb Code    16  atan.o(i.atan)
    fabs                                     0x080129e9   Thumb Code    24  fabs.o(i.fabs)
    free                                     0x08012a01   Thumb Code    76  malloc.o(i.free)
    malloc                                   0x08012a51   Thumb Code    92  malloc.o(i.malloc)
    sqrt                                     0x08012abd   Thumb Code   110  sqrt.o(i.sqrt)
    TX_ADDRESS                               0x08012b2a   Data           5  24l01.o(.constdata)
    RX_ADDRESS                               0x08012b2f   Data           5  24l01.o(.constdata)
    reg                                      0x08012b34   Data          27  inv_mpu.o(.constdata)
    hw                                       0x08012b50   Data          12  inv_mpu.o(.constdata)
    test                                     0x08012b5c   Data          40  inv_mpu.o(.constdata)
    F6x8                                     0x0801377a   Data         552  oled.o(.constdata)
    F8X16                                    0x080139a2   Data        1520  oled.o(.constdata)
    memtblsize                               0x08013f94   Data          12  malloc.o(.constdata)
    memblksize                               0x08013fa0   Data          12  malloc.o(.constdata)
    memsize                                  0x08013fac   Data          12  malloc.o(.constdata)
    FILE_TYPE_TBL                            0x08013ff4   Data         112  exfuns.o(.constdata)
    __mathlib_zero                           0x08014510   Data           8  qnan.o(.constdata)
    __ctype_table                            0x08014518   Data         129  ctype_o.o(.constdata)
    Region$$Table$$Base                      0x08014678   Number         0  anon$$obj.o(Region$$Table)
    Region$$Table$$Limit                     0x08014698   Number         0  anon$$obj.o(Region$$Table)
    mem3base                                 0x10000000   Data       61440  malloc.o(.ARM.__AT_0x10000000)
    mem3mapbase                              0x1000f000   Data        3840  malloc.o(.ARM.__AT_0x1000F000)
    Windows_time                             0x20000000   Data           8  main.o(.data)
    Windows_time_ref                         0x20000008   Data           8  main.o(.data)
    Real_Time_Year                           0x20000010   Data           1  main.o(.data)
    Real_Time_Month                          0x20000011   Data           1  main.o(.data)
    Real_Time_Day                            0x20000012   Data           1  main.o(.data)
    Real_Time_Hour                           0x20000013   Data           1  main.o(.data)
    Real_Time_Minute                         0x20000014   Data           1  main.o(.data)
    Real_Time_Second                         0x20000015   Data           1  main.o(.data)
    Real_Time_Millise                        0x20000018   Data           4  main.o(.data)
    Real_Time_Year_STOP                      0x2000001c   Data           1  main.o(.data)
    Real_Time_Month_STOP                     0x2000001d   Data           1  main.o(.data)
    Real_Time_Day_STOP                       0x2000001e   Data           1  main.o(.data)
    Real_Time_Hour_STOP                      0x2000001f   Data           1  main.o(.data)
    Real_Time_Minute_STOP                    0x20000020   Data           1  main.o(.data)
    Real_Time_Second_STOP                    0x20000021   Data           1  main.o(.data)
    Real_Time_Millise_STOP                   0x20000024   Data           4  main.o(.data)
    RecvComLoc1                              0x20000028   Data           4  main.o(.data)
    RecvComLoc2                              0x2000002c   Data           4  main.o(.data)
    RecvComLoc3                              0x20000030   Data           4  main.o(.data)
    RecvComLoc4                              0x20000034   Data           4  main.o(.data)
    Send24L01Buffer                          0x20000038   Data          32  main.o(.data)
    Recv24L01Loc                             0x20000058   Data           1  main.o(.data)
    SoftID                                   0x20000059   Data           9  main.o(.data)
    BordID                                   0x20000062   Data           9  main.o(.data)
    recv_A                                   0x2000006c   Data           4  main.o(.data)
    recv_B                                   0x20000070   Data           4  main.o(.data)
    recvcom1                                 0x20000074   Data           4  main.o(.data)
    recvcom2                                 0x20000078   Data           4  main.o(.data)
    recvcom3                                 0x2000007c   Data           4  main.o(.data)
    Binding_Bool                             0x20000080   Data           1  main.o(.data)
    SystemCoreClock                          0x20000084   Data           4  system_stm32f4xx.o(.data)
    AHBPrescTable                            0x20000088   Data          16  system_stm32f4xx.o(.data)
    StopCondition                            0x200000d8   Data           4  fatfs_sd_sdio.o(.data)
    TransferError                            0x200000dc   Data           1  fatfs_sd_sdio.o(.data)
    TransferEnd                              0x200000e0   Data           4  fatfs_sd_sdio.o(.data)
    DMAEndOfTransfer                         0x200000e4   Data           4  fatfs_sd_sdio.o(.data)
    Hzk                                      0x200000e9   Data         960  oled.o(.data)
    __stdout                                 0x200004b0   Data           4  usart.o(.data)
    USART_RX_STA                             0x200004b4   Data           2  usart.o(.data)
    mallco_dev                               0x200004c8   Data          36  malloc.o(.data)
    FATFS_LowLevelDrivers                    0x200004ec   Data         180  diskio.o(.data)
    file                                     0x200005a4   Data           4  exfuns.o(.data)
    ftemp                                    0x200005a8   Data           4  exfuns.o(.data)
    br                                       0x200005ac   Data           4  exfuns.o(.data)
    bw                                       0x200005b0   Data           4  exfuns.o(.data)
    fatbuf                                   0x200005b4   Data           4  exfuns.o(.data)
    i2srecbuf1                               0x200005b8   Data           4  recorder.o(.data)
    i2srecbuf2                               0x200005bc   Data           4  recorder.o(.data)
    secondcache                              0x200005c0   Data           4  recorder.o(.data)
    AM_Factor                                0x200005c4   Data           1  recorder.o(.data)
    secondcache_write_loc                    0x200005c8   Data           4  recorder.o(.data)
    secondcache_read_loc                     0x200005cc   Data           4  recorder.o(.data)
    f_rec                                    0x200005d0   Data           4  recorder.o(.data)
    wavsize                                  0x200005d4   Data           4  recorder.o(.data)
    rec_sta                                  0x200005d8   Data           1  recorder.o(.data)
    DMA_Rx_Flag                              0x200005d9   Data           1  recorder.o(.data)
    PackegStart                              0x200005dc   Data           4  recorder.o(.data)
    PackegEnd                                0x200005e0   Data           4  recorder.o(.data)
    PackegLen                                0x200005e4   Data           4  recorder.o(.data)
    res                                      0x200005e8   Data           1  recorder.o(.data)
    rval                                     0x200005e9   Data           1  recorder.o(.data)
    wavhead                                  0x200005ec   Data           4  recorder.o(.data)
    pname                                    0x200005f0   Data           4  recorder.o(.data)
    timecnt                                  0x200005f4   Data           1  recorder.o(.data)
    f_gad                                    0x200005f8   Data           4  recordinggyroaccelerometerdata.o(.data)
    gad_sta                                  0x200005fc   Data           1  recordinggyroaccelerometerdata.o(.data)
    gad_pname                                0x20000600   Data           4  recordinggyroaccelerometerdata.o(.data)
    gad_res                                  0x20000604   Data           1  recordinggyroaccelerometerdata.o(.data)
    data_string                              0x20000608   Data           4  recordinggyroaccelerometerdata.o(.data)
    data_stringbuffer                        0x2000060c   Data           4  recordinggyroaccelerometerdata.o(.data)
    gad_plane                                0x20000610   Data           4  recordinggyroaccelerometerdata.o(.data)
    gad_times                                0x20000614   Data           4  recordinggyroaccelerometerdata.o(.data)
    secondcache_write_Loc                    0x20000618   Data           4  recordinggyroaccelerometerdata.o(.data)
    secondcache_read_Loc                     0x2000061c   Data           4  recordinggyroaccelerometerdata.o(.data)
    updata                                   0x20000620   Data           1  recordinggyroaccelerometerdata.o(.data)
    gad_time                                 0x20000624   Data           4  recordinggyroaccelerometerdata.o(.data)
    gad_pitch                                0x20000628   Data           4  recordinggyroaccelerometerdata.o(.data)
    gad_roll                                 0x2000062c   Data           4  recordinggyroaccelerometerdata.o(.data)
    gad_yaw                                  0x20000630   Data           4  recordinggyroaccelerometerdata.o(.data)
    gad_aacx                                 0x20000634   Data           2  recordinggyroaccelerometerdata.o(.data)
    gad_aacy                                 0x20000636   Data           2  recordinggyroaccelerometerdata.o(.data)
    gad_aacz                                 0x20000638   Data           2  recordinggyroaccelerometerdata.o(.data)
    gad_gyrox                                0x2000063a   Data           2  recordinggyroaccelerometerdata.o(.data)
    gad_gyroy                                0x2000063c   Data           2  recordinggyroaccelerometerdata.o(.data)
    gad_gyroz                                0x2000063e   Data           2  recordinggyroaccelerometerdata.o(.data)
    Timeparticle                             0x20000640   Data           4  recordinggyroaccelerometerdata.o(.data)
    GAD_Rx_Flag                              0x20000644   Data           1  recordinggyroaccelerometerdata.o(.data)
    __microlib_freelist                      0x2000064c   Data           4  mvars.o(.data)
    __microlib_freelist_initialised          0x20000650   Data           4  mvars.o(.data)
    FLASH_DATA                               0x20000658   Data         128  main.o(.bss)
    String_Windows_Time                      0x200006d8   Data          64  main.o(.bss)
    Recv24L01Buffer                          0x20000718   Data         128  main.o(.bss)
    initfilename                             0x20000798   Data          20  main.o(.bss)
    SessID                                   0x200007ac   Data          17  main.o(.bss)
    recv_wifi                                0x200007bd   Data          20  main.o(.bss)
    recv_pass                                0x200007d1   Data          20  main.o(.bss)
    recv_ip                                  0x200007e5   Data          20  main.o(.bss)
    recv_port                                0x200007f9   Data          20  main.o(.bss)
    SDCardInfo                               0x20000850   Data          88  fatfs_sd_sdio.o(.bss)
    SDIO_InitStructure                       0x200008a8   Data          24  fatfs_sd_sdio.o(.bss)
    SDIO_CmdInitStructure                    0x200008c0   Data          20  fatfs_sd_sdio.o(.bss)
    SDIO_DataInitStructure                   0x200008d4   Data          24  fatfs_sd_sdio.o(.bss)
    USART_RX_BUF                             0x20000a02   Data         200  usart.o(.bss)
    mem1base                                 0x20000ae0   Data       112640  malloc.o(.bss)
    mem1mapbase                              0x2001c2e0   Data        7040  malloc.o(.bss)
    fs                                       0x2001de84   Data          36  exfuns.o(.bss)
    fileinfo                                 0x2001dea8   Data          32  exfuns.o(.bss)
    dir                                      0x2001dec8   Data          36  exfuns.o(.bss)
    ErrorRecData                             0x2001deec   Data        2048  recorder.o(.bss)
    recdir                                   0x2001e6ec   Data          36  recorder.o(.bss)
    __heap_base                              0x2001e710   Data           0  startup_stm32f40_41xxx.o(HEAP)
    __heap_limit                             0x2001e910   Data           0  startup_stm32f40_41xxx.o(HEAP)
    __initial_sp                             0x2001ed10   Data           0  startup_stm32f40_41xxx.o(STACK)
    mem2base                                 0x68000000   Data       983040  malloc.o(.ARM.__AT_0x68000000)
    mem2mapbase                              0x680f0000   Data       61440  malloc.o(.ARM.__AT_0x680F0000)



==============================================================================

Memory Map of the image

  Image Entry point : 0x08000189

  Load Region LR_IROM1 (Base: 0x08000000, Size: 0x00014cf0, Max: 0x00080000, ABSOLUTE, COMPRESSED[0x000148d4])

    Execution Region ER_IROM1 (Exec base: 0x08000000, Load base: 0x08000000, Size: 0x00014698, Max: 0x00080000, ABSOLUTE)

    Exec Addr    Load Addr    Size         Type   Attr      Idx    E Section Name        Object

    0x08000000   0x08000000   0x00000188   Data   RO          822    RESET               startup_stm32f40_41xxx.o
    0x08000188   0x08000188   0x00000000   Code   RO         1462  * .ARM.Collect$$$$00000000  mc_w.l(entry.o)
    0x08000188   0x08000188   0x00000004   Code   RO         1846    .ARM.Collect$$$$00000001  mc_w.l(entry2.o)
    0x0800018c   0x0800018c   0x00000004   Code   RO         1849    .ARM.Collect$$$$00000004  mc_w.l(entry5.o)
    0x08000190   0x08000190   0x00000000   Code   RO         1851    .ARM.Collect$$$$00000008  mc_w.l(entry7b.o)
    0x08000190   0x08000190   0x00000000   Code   RO         1853    .ARM.Collect$$$$0000000A  mc_w.l(entry8b.o)
    0x08000190   0x08000190   0x00000008   Code   RO         1854    .ARM.Collect$$$$0000000B  mc_w.l(entry9a.o)
    0x08000198   0x08000198   0x00000000   Code   RO         1856    .ARM.Collect$$$$0000000D  mc_w.l(entry10a.o)
    0x08000198   0x08000198   0x00000000   Code   RO         1858    .ARM.Collect$$$$0000000F  mc_w.l(entry11a.o)
    0x08000198   0x08000198   0x00000004   Code   RO         1847    .ARM.Collect$$$$00002712  mc_w.l(entry2.o)
    0x0800019c   0x0800019c   0x00001aa8   Code   RO            4    .text               main.o
    0x08001c44   0x08001c44   0x0000001a   Code   RO          220    .text               stm32f4xx_it.o
    0x08001c5e   0x08001c5e   0x00000002   PAD
    0x08001c60   0x08001c60   0x000001b0   Code   RO          270    .text               system_stm32f4xx.o
    0x08001e10   0x08001e10   0x00000384   Code   RO          300    .text               adc.o
    0x08002194   0x08002194   0x00000060   Code   RO          331    .text               led.o
    0x080021f4   0x080021f4   0x00000320   Code   RO          355    .text               24l01.o
    0x08002514   0x08002514   0x00000140   Code   RO          392    .text               spi.o
    0x08002654   0x08002654   0x00000384   Code   RO          416    .text               mpu6050.o
    0x080029d8   0x080029d8   0x000022fc   Code   RO          440    .text               inv_mpu.o
    0x08004cd4   0x08004cd4   0x00000d90   Code   RO          476    .text               inv_mpu_dmp_motion_driver.o
    0x08005a64   0x08005a64   0x0000025c   Code   RO          509    .text               myiic.o
    0x08005cc0   0x08005cc0   0x00002124   Code   RO          533    .text               fatfs_sd_sdio.o
    0x08007de4   0x08007de4   0x00000360   Code   RO          586    .text               tm_stm32f4_fatfs.o
    0x08008144   0x08008144   0x00000300   Code   RO          611    .text               tm_stm32f4_gpio.o
    0x08008444   0x08008444   0x0000011c   Code   RO          637    .text               key.o
    0x08008560   0x08008560   0x00000640   Code   RO          661    .text               oled.o
    0x08008ba0   0x08008ba0   0x0000015c   Code   RO          692    .text               stmflash.o
    0x08008cfc   0x08008cfc   0x00000104   Code   RO          740    .text               delay.o
    0x08008e00   0x08008e00   0x00000194   Code   RO          788    .text               usart.o
    0x08008f94   0x08008f94   0x00000024   Code   RO          823    .text               startup_stm32f40_41xxx.o
    0x08008fb8   0x08008fb8   0x000000e0   Code   RO          830    .text               misc.o
    0x08009098   0x08009098   0x00000294   Code   RO          854    .text               stm32f4xx_gpio.o
    0x0800932c   0x0800932c   0x00000660   Code   RO          878    .text               stm32f4xx_rcc.o
    0x0800998c   0x0800998c   0x00000454   Code   RO          904    .text               stm32f4xx_usart.o
    0x08009de0   0x08009de0   0x00000ca2   Code   RO          928    .text               stm32f4xx_tim.o
    0x0800aa82   0x0800aa82   0x00000002   PAD
    0x0800aa84   0x0800aa84   0x00000094   Code   RO          952    .text               stm32f4xx_syscfg.o
    0x0800ab18   0x0800ab18   0x00000480   Code   RO          976    .text               stm32f4xx_spi.o
    0x0800af98   0x0800af98   0x000001dc   Code   RO         1000    .text               stm32f4xx_sdio.o
    0x0800b174   0x0800b174   0x000003a8   Code   RO         1024    .text               stm32f4xx_dma.o
    0x0800b51c   0x0800b51c   0x00000464   Code   RO         1048    .text               stm32f4xx_adc.o
    0x0800b980   0x0800b980   0x0000016c   Code   RO         1072    .text               stm32f4xx_pwr.o
    0x0800baec   0x0800baec   0x00000110   Code   RO         1096    .text               stm32f4xx_exti.o
    0x0800bbfc   0x0800bbfc   0x00000694   Code   RO         1120    .text               stm32f4xx_flash.o
    0x0800c290   0x0800c290   0x0000022c   Code   RO         1168    .text               malloc.o
    0x0800c4bc   0x0800c4bc   0x00000220   Code   RO         1204    .text               diskio.o
    0x0800c6dc   0x0800c6dc   0x0000329a   Code   RO         1236    .text               ff.o
    0x0800f976   0x0800f976   0x00000002   PAD
    0x0800f978   0x0800f978   0x00000198   Code   RO         1267    .text               exfuns.o
    0x0800fb10   0x0800fb10   0x0000003c   Code   RO         1338    .text               mycc936.o
    0x0800fb4c   0x0800fb4c   0x00001028   Code   RO         1367    .text               recorder.o
    0x08010b74   0x08010b74   0x00000644   Code   RO         1410    .text               recordinggyroaccelerometerdata.o
    0x080111b8   0x080111b8   0x00000062   Code   RO         1465    .text               mc_w.l(uldiv.o)
    0x0801121a   0x0801121a   0x00000062   Code   RO         1467    .text               mc_w.l(ldiv.o)
    0x0801127c   0x0801127c   0x00000024   Code   RO         1469    .text               mc_w.l(rand.o)
    0x080112a0   0x080112a0   0x00000024   Code   RO         1472    .text               mc_w.l(memcpya.o)
    0x080112c4   0x080112c4   0x00000024   Code   RO         1474    .text               mc_w.l(memseta.o)
    0x080112e8   0x080112e8   0x00000024   Code   RO         1476    .text               mc_w.l(strstr.o)
    0x0801130c   0x0801130c   0x0000000e   Code   RO         1478    .text               mc_w.l(strlen.o)
    0x0801131a   0x0801131a   0x0000001c   Code   RO         1480    .text               mc_w.l(strcmp.o)
    0x08011336   0x08011336   0x0000001a   Code   RO         1482    .text               mc_w.l(memcmp.o)
    0x08011350   0x08011350   0x00000012   Code   RO         1484    .text               mc_w.l(strcpy.o)
    0x08011362   0x08011362   0x0000001a   Code   RO         1777    .text               mc_w.l(atoi.o)
    0x0801137c   0x0801137c   0x0000014e   Code   RO         1779    .text               mf_w.l(dadd.o)
    0x080114ca   0x080114ca   0x000000e4   Code   RO         1781    .text               mf_w.l(dmul.o)
    0x080115ae   0x080115ae   0x000000de   Code   RO         1783    .text               mf_w.l(ddiv.o)
    0x0801168c   0x0801168c   0x00000022   Code   RO         1785    .text               mf_w.l(dflti.o)
    0x080116ae   0x080116ae   0x0000001a   Code   RO         1787    .text               mf_w.l(dfltui.o)
    0x080116c8   0x080116c8   0x00000032   Code   RO         1789    .text               mf_w.l(dfixui.o)
    0x080116fa   0x080116fa   0x00000026   Code   RO         1791    .text               mf_w.l(f2d.o)
    0x08011720   0x08011720   0x00000038   Code   RO         1793    .text               mf_w.l(d2f.o)
    0x08011758   0x08011758   0x0000001e   Code   RO         1862    .text               mc_w.l(llshl.o)
    0x08011776   0x08011776   0x00000020   Code   RO         1864    .text               mc_w.l(llushr.o)
    0x08011796   0x08011796   0x00000024   Code   RO         1866    .text               mc_w.l(llsshr.o)
    0x080117ba   0x080117ba   0x00000070   Code   RO         1877    .text               mc_w.l(strtol.o)
    0x0801182a   0x0801182a   0x00000000   Code   RO         1879    .text               mc_w.l(iusefp.o)
    0x0801182a   0x0801182a   0x0000006e   Code   RO         1880    .text               mf_w.l(fepilogue.o)
    0x08011898   0x08011898   0x000000ba   Code   RO         1882    .text               mf_w.l(depilogue.o)
    0x08011952   0x08011952   0x00000002   PAD
    0x08011954   0x08011954   0x00000024   Code   RO         1890    .text               mc_w.l(init.o)
    0x08011978   0x08011978   0x00000008   Code   RO         1892    .text               mc_w.l(ctype_o.o)
    0x08011980   0x08011980   0x0000009e   Code   RO         1920    .text               mc_w.l(_strtoul.o)
    0x08011a1e   0x08011a1e   0x000000a2   Code   RO         1922    .text               mf_w.l(dsqrt.o)
    0x08011ac0   0x08011ac0   0x0000001c   Code   RO         1926    .text               mc_w.l(_chval.o)
    0x08011adc   0x08011adc   0x00000056   Code   RO         1936    .text               mc_w.l(__dczerorl2.o)
    0x08011b32   0x08011b32   0x00000002   PAD
    0x08011b34   0x08011b34   0x00000020   Code   RO         1695    i.__0printf$8       mc_w.l(printf8.o)
    0x08011b54   0x08011b54   0x00000028   Code   RO         1697    i.__0sprintf$8      mc_w.l(printf8.o)
    0x08011b7c   0x08011b7c   0x00000030   Code   RO         1829    i.__ARM_fpclassify  m_wm.l(fpclassify.o)
    0x08011bac   0x08011bac   0x00000008   Code   RO         1870    i.__aeabi_errno_addr  mc_w.l(errno.o)
    0x08011bb4   0x08011bb4   0x00000004   PAD
    0x08011bb8   0x08011bb8   0x00000360   Code   RO         1436    i.__hardfp_asin     m_wm.l(asin.o)
    0x08011f18   0x08011f18   0x000002d8   Code   RO         1795    i.__hardfp_atan     m_wm.l(atan.o)
    0x080121f0   0x080121f0   0x000001f0   Code   RO         1450    i.__hardfp_atan2    m_wm.l(atan2.o)
    0x080123e0   0x080123e0   0x000000f8   Code   RO         1831    i.__kernel_poly     m_wm.l(poly.o)
    0x080124d8   0x080124d8   0x00000014   Code   RO         1810    i.__mathlib_dbl_infnan  m_wm.l(dunder.o)
    0x080124ec   0x080124ec   0x00000014   Code   RO         1811    i.__mathlib_dbl_infnan2  m_wm.l(dunder.o)
    0x08012500   0x08012500   0x00000020   Code   RO         1812    i.__mathlib_dbl_invalid  m_wm.l(dunder.o)
    0x08012520   0x08012520   0x00000020   Code   RO         1815    i.__mathlib_dbl_underflow  m_wm.l(dunder.o)
    0x08012540   0x08012540   0x0000000e   Code   RO         1930    i.__scatterload_copy  mc_w.l(handlers.o)
    0x0801254e   0x0801254e   0x00000002   Code   RO         1931    i.__scatterload_null  mc_w.l(handlers.o)
    0x08012550   0x08012550   0x0000000e   Code   RO         1932    i.__scatterload_zeroinit  mc_w.l(handlers.o)
    0x0801255e   0x0801255e   0x00000002   PAD
    0x08012560   0x08012560   0x0000000c   Code   RO         1872    i.__set_errno       mc_w.l(errno.o)
    0x0801256c   0x0801256c   0x00000410   Code   RO         1702    i._printf_core      mc_w.l(printf8.o)
    0x0801297c   0x0801297c   0x00000024   Code   RO         1703    i._printf_post_padding  mc_w.l(printf8.o)
    0x080129a0   0x080129a0   0x0000002e   Code   RO         1704    i._printf_pre_padding  mc_w.l(printf8.o)
    0x080129ce   0x080129ce   0x0000000a   Code   RO         1706    i._sputc            mc_w.l(printf8.o)
    0x080129d8   0x080129d8   0x00000010   Code   RO         1797    i.atan              m_wm.l(atan.o)
    0x080129e8   0x080129e8   0x00000018   Code   RO         1825    i.fabs              m_wm.l(fabs.o)
    0x08012a00   0x08012a00   0x00000050   Code   RO         1749    i.free              mc_w.l(malloc.o)
    0x08012a50   0x08012a50   0x0000006c   Code   RO         1750    i.malloc            mc_w.l(malloc.o)
    0x08012abc   0x08012abc   0x0000006e   Code   RO         1836    i.sqrt              m_wm.l(sqrt.o)
    0x08012b2a   0x08012b2a   0x0000000a   Data   RO          356    .constdata          24l01.o
    0x08012b34   0x08012b34   0x00000050   Data   RO          441    .constdata          inv_mpu.o
    0x08012b84   0x08012b84   0x00000bf6   Data   RO          478    .constdata          inv_mpu_dmp_motion_driver.o
    0x0801377a   0x0801377a   0x00000818   Data   RO          662    .constdata          oled.o
    0x08013f92   0x08013f92   0x00000002   PAD
    0x08013f94   0x08013f94   0x00000024   Data   RO         1174    .constdata          malloc.o
    0x08013fb8   0x08013fb8   0x0000003a   Data   RO         1238    .constdata          ff.o
    0x08013ff2   0x08013ff2   0x00000002   PAD
    0x08013ff4   0x08013ff4   0x00000070   Data   RO         1269    .constdata          exfuns.o
    0x08014064   0x08014064   0x000003c0   Data   RO         1339    .constdata          mycc936.o
    0x08014424   0x08014424   0x00000004   PAD
    0x08014428   0x08014428   0x00000050   Data   RO         1439    .constdata          m_wm.l(asin.o)
    0x08014478   0x08014478   0x00000098   Data   RO         1798    .constdata          m_wm.l(atan.o)
    0x08014510   0x08014510   0x00000008   Data   RO         1833    .constdata          m_wm.l(qnan.o)
    0x08014518   0x08014518   0x00000081   Data   RO         1893    .constdata          mc_w.l(ctype_o.o)
    0x08014599   0x08014599   0x00000003   PAD
    0x0801459c   0x0801459c   0x00000004   Data   RO         1894    .constdata          mc_w.l(ctype_o.o)
    0x080145a0   0x080145a0   0x00000044   Data   RO            6    .conststring        main.o
    0x080145e4   0x080145e4   0x0000004d   Data   RO          442    .conststring        inv_mpu.o
    0x08014631   0x08014631   0x00000003   PAD
    0x08014634   0x08014634   0x00000044   Data   RO         1270    .conststring        exfuns.o
    0x08014678   0x08014678   0x00000020   Data   RO         1928    Region$$Table       anon$$obj.o


    Execution Region RW_IRAM1 (Exec base: 0x20000000, Load base: 0x08014698, Size: 0x0001ed10, Max: 0x00020000, ABSOLUTE, COMPRESSED[0x0000023c])

    Exec Addr    Load Addr    Size         Type   Attr      Idx    E Section Name        Object

    0x20000000   COMPRESSED   0x00000081   Data   RW            7    .data               main.o
    0x20000081   COMPRESSED   0x00000003   PAD
    0x20000084   COMPRESSED   0x00000014   Data   RW          271    .data               system_stm32f4xx.o
    0x20000098   COMPRESSED   0x00000035   Data   RW          443    .data               inv_mpu.o
    0x200000cd   COMPRESSED   0x00000003   PAD
    0x200000d0   COMPRESSED   0x00000019   Data   RW          535    .data               fatfs_sd_sdio.o
    0x200000e9   COMPRESSED   0x000003c0   Data   RW          663    .data               oled.o
    0x200004a9   COMPRESSED   0x00000001   PAD
    0x200004aa   COMPRESSED   0x00000004   Data   RW          741    .data               delay.o
    0x200004ae   COMPRESSED   0x00000002   PAD
    0x200004b0   COMPRESSED   0x00000006   Data   RW          790    .data               usart.o
    0x200004b6   COMPRESSED   0x00000010   Data   RW          879    .data               stm32f4xx_rcc.o
    0x200004c6   COMPRESSED   0x00000002   PAD
    0x200004c8   COMPRESSED   0x00000024   Data   RW         1175    .data               malloc.o
    0x200004ec   COMPRESSED   0x000000b4   Data   RW         1205    .data               diskio.o
    0x200005a0   COMPRESSED   0x00000002   Data   RW         1239    .data               ff.o
    0x200005a2   COMPRESSED   0x00000002   PAD
    0x200005a4   COMPRESSED   0x00000014   Data   RW         1271    .data               exfuns.o
    0x200005b8   COMPRESSED   0x0000003d   Data   RW         1369    .data               recorder.o
    0x200005f5   COMPRESSED   0x00000003   PAD
    0x200005f8   COMPRESSED   0x0000004d   Data   RW         1412    .data               recordinggyroaccelerometerdata.o
    0x20000645   COMPRESSED   0x00000003   PAD
    0x20000648   COMPRESSED   0x00000004   Data   RW         1470    .data               mc_w.l(rand.o)
    0x2000064c   COMPRESSED   0x00000004   Data   RW         1868    .data               mc_w.l(mvars.o)
    0x20000650   COMPRESSED   0x00000004   Data   RW         1869    .data               mc_w.l(mvars.o)
    0x20000654   COMPRESSED   0x00000004   Data   RW         1873    .data               mc_w.l(errno.o)
    0x20000658        -       0x000001b5   Zero   RW            5    .bss                main.o
    0x2000080d   COMPRESSED   0x00000003   PAD
    0x20000810        -       0x00000010   Zero   RW          477    .bss                inv_mpu_dmp_motion_driver.o
    0x20000820        -       0x000000cc   Zero   RW          534    .bss                fatfs_sd_sdio.o
    0x200008ec        -       0x00000100   Zero   RW          587    .bss                tm_stm32f4_fatfs.o
    0x200009ec        -       0x00000016   Zero   RW          612    .bss                tm_stm32f4_gpio.o
    0x20000a02        -       0x000000c8   Zero   RW          789    .bss                usart.o
    0x20000aca   COMPRESSED   0x00000016   PAD
    0x20000ae0        -       0x0001d380   Zero   RW         1173    .bss                malloc.o
    0x2001de60        -       0x00000024   Zero   RW         1237    .bss                ff.o
    0x2001de84        -       0x00000068   Zero   RW         1268    .bss                exfuns.o
    0x2001deec        -       0x00000824   Zero   RW         1368    .bss                recorder.o
    0x2001e710        -       0x00000200   Zero   RW          821    HEAP                startup_stm32f40_41xxx.o
    0x2001e910        -       0x00000400   Zero   RW          820    STACK               startup_stm32f40_41xxx.o



  Load Region LR$$.ARM.__AT_0x10000000 (Base: 0x10000000, Size: 0x00000000, Max: 0x0000f000, ABSOLUTE)

    Execution Region ER$$.ARM.__AT_0x10000000 (Exec base: 0x10000000, Load base: 0x10000000, Size: 0x0000f000, Max: 0x0000f000, ABSOLUTE, UNINIT)

    Exec Addr    Load Addr    Size         Type   Attr      Idx    E Section Name        Object

    0x10000000        -       0x0000f000   Zero   RW         1169    .ARM.__AT_0x10000000  malloc.o



  Load Region LR$$.ARM.__AT_0x1000F000 (Base: 0x1000f000, Size: 0x00000000, Max: 0x00000f00, ABSOLUTE)

    Execution Region ER$$.ARM.__AT_0x1000F000 (Exec base: 0x1000f000, Load base: 0x1000f000, Size: 0x00000f00, Max: 0x00000f00, ABSOLUTE, UNINIT)

    Exec Addr    Load Addr    Size         Type   Attr      Idx    E Section Name        Object

    0x1000f000        -       0x00000f00   Zero   RW         1170    .ARM.__AT_0x1000F000  malloc.o



  Load Region LR$$.ARM.__AT_0x68000000 (Base: 0x68000000, Size: 0x00000000, Max: 0x000f0000, ABSOLUTE)

    Execution Region ER$$.ARM.__AT_0x68000000 (Exec base: 0x68000000, Load base: 0x68000000, Size: 0x000f0000, Max: 0x000f0000, ABSOLUTE, UNINIT)

    Exec Addr    Load Addr    Size         Type   Attr      Idx    E Section Name        Object

    0x68000000        -       0x000f0000   Zero   RW         1171    .ARM.__AT_0x68000000  malloc.o



  Load Region LR$$.ARM.__AT_0x680F0000 (Base: 0x680f0000, Size: 0x00000000, Max: 0x0000f000, ABSOLUTE)

    Execution Region ER$$.ARM.__AT_0x680F0000 (Exec base: 0x680f0000, Load base: 0x680f0000, Size: 0x0000f000, Max: 0x0000f000, ABSOLUTE, UNINIT)

    Exec Addr    Load Addr    Size         Type   Attr      Idx    E Section Name        Object

    0x680f0000        -       0x0000f000   Zero   RW         1172    .ARM.__AT_0x680F0000  malloc.o


==============================================================================

Image component sizes


      Code (inc. data)   RO Data    RW Data    ZI Data      Debug   Object Name

       800         34         10          0          0       4033   24l01.o
       900         28          0          0          0       6416   adc.o
       260          8          0          4          0       1533   delay.o
       544         30          0        180          0       9048   diskio.o
       408         22        180         20        104       2880   exfuns.o
      8484        320          0         25        204      34456   fatfs_sd_sdio.o
     12954        136         58          2         36      35854   ff.o
      8956        222        157         53          0      24909   inv_mpu.o
      3472        142       3062          0         16      15647   inv_mpu_dmp_motion_driver.o
       284         10          0          0          0       1105   key.o
        96          6          0          0          0        579   led.o
      6824        992         68        129        437     318759   main.o
       556         18         36         36    1229440       5101   malloc.o
       224         20          0          0          0       1873   misc.o
       900         22          0          0          0       4535   mpu6050.o
        60         10        960          0          0       1277   mycc936.o
       604         14          0          0          0       1948   myiic.o
      1600         22       2072        960          0       7138   oled.o
      4136        438          0         61       2084       7148   recorder.o
      1604        188          0         77          0       4006   recordinggyroaccelerometerdata.o
       320         12          0          0          0       1129   spi.o
        36          8        392          0       1536        856   startup_stm32f40_41xxx.o
      1124         24          0          0          0      10742   stm32f4xx_adc.o
       936         32          0          0          0       6453   stm32f4xx_dma.o
       272         10          0          0          0       2343   stm32f4xx_exti.o
      1684         28          0          0          0       9478   stm32f4xx_flash.o
       660         44          0          0          0       4217   stm32f4xx_gpio.o
        26          0          0          0          0       1250   stm32f4xx_it.o
       364         12          0          0          0       3819   stm32f4xx_pwr.o
      1632         52          0         16          0      13180   stm32f4xx_rcc.o
       476         16          0          0          0       7476   stm32f4xx_sdio.o
      1152         36          0          0          0       6965   stm32f4xx_spi.o
       148         12          0          0          0       1873   stm32f4xx_syscfg.o
      3234         60          0          0          0      23072   stm32f4xx_tim.o
      1108         34          0          0          0       7940   stm32f4xx_usart.o
       348         48          0          0          0       2341   stmflash.o
       432         46          0         20          0       1723   system_stm32f4xx.o
       864         74          0          0        256       4544   tm_stm32f4_fatfs.o
       768         10          0          0         22       5732   tm_stm32f4_gpio.o
       404         16          0          6        200       3695   usart.o

    ----------------------------------------------------------------------
     69660       3256       7038       1608    1234360     607073   Object Totals
         0          0         32          0          0          0   (incl. Generated)
         6          0         11         19         25          0   (incl. Padding)

    ----------------------------------------------------------------------

      Code (inc. data)   RO Data    RW Data    ZI Data      Debug   Library Member Name

       864         94         80          0          0        280   asin.o
       744        106        152          0          0        352   atan.o
       496         64          0          0          0        192   atan2.o
       104         16          0          0          0        496   dunder.o
        24          0          0          0          0        124   fabs.o
        48          0          0          0          0        124   fpclassify.o
       248          0          0          0          0        152   poly.o
         0          0          8          0          0          0   qnan.o
       110          0          0          0          0        148   sqrt.o
        86          0          0          0          0          0   __dczerorl2.o
        28          0          0          0          0         68   _chval.o
       158          0          0          0          0         92   _strtoul.o
        26          0          0          0          0         80   atoi.o
         8          4        133          0          0         68   ctype_o.o
         0          0          0          0          0          0   entry.o
         0          0          0          0          0          0   entry10a.o
         0          0          0          0          0          0   entry11a.o
         8          4          0          0          0          0   entry2.o
         4          0          0          0          0          0   entry5.o
         0          0          0          0          0          0   entry7b.o
         0          0          0          0          0          0   entry8b.o
         8          4          0          0          0          0   entry9a.o
        20         10          0          4          0        136   errno.o
        30          0          0          0          0          0   handlers.o
        36          8          0          0          0         68   init.o
         0          0          0          0          0          0   iusefp.o
        98          0          0          0          0         84   ldiv.o
        30          0          0          0          0         68   llshl.o
        36          0          0          0          0         68   llsshr.o
        32          0          0          0          0         68   llushr.o
       188         20          0          0          0        160   malloc.o
        26          0          0          0          0         80   memcmp.o
        36          0          0          0          0         68   memcpya.o
        36          0          0          0          0        108   memseta.o
         0          0          0          8          0          0   mvars.o
      1204         60          0          0          0        504   printf8.o
        36         10          0          4          0        136   rand.o
        28          0          0          0          0         76   strcmp.o
        18          0          0          0          0         68   strcpy.o
        14          0          0          0          0         68   strlen.o
        36          0          0          0          0         80   strstr.o
       112          0          0          0          0         88   strtol.o
        98          0          0          0          0         92   uldiv.o
        56          0          0          0          0         88   d2f.o
       334          0          0          0          0        148   dadd.o
       222          0          0          0          0        100   ddiv.o
       186          0          0          0          0        176   depilogue.o
        50          0          0          0          0         76   dfixui.o
        34          0          0          0          0         76   dflti.o
        26          0          0          0          0         76   dfltui.o
       228          0          0          0          0         96   dmul.o
       162          0          0          0          0        100   dsqrt.o
        38          0          0          0          0         68   f2d.o
       110          0          0          0          0        168   fepilogue.o

    ----------------------------------------------------------------------
      6534        404        376         16          0       5368   Library Totals
        10          4          3          0          0          0   (incl. Padding)

    ----------------------------------------------------------------------

      Code (inc. data)   RO Data    RW Data    ZI Data      Debug   Library Name

      2638        280        240          0          0       1868   m_wm.l
      2440        120        133         16          0       2328   mc_w.l
      1446          0          0          0          0       1172   mf_w.l

    ----------------------------------------------------------------------
      6534        404        376         16          0       5368   Library Totals

    ----------------------------------------------------------------------

==============================================================================


      Code (inc. data)   RO Data    RW Data    ZI Data      Debug   

     76194       3660       7414       1624    1234360     600101   Grand Totals
     76194       3660       7414        572    1234360     600101   ELF Image Totals (compressed)
     76194       3660       7414        572          0          0   ROM Totals

==============================================================================

    Total RO  Size (Code + RO Data)                83608 (  81.65kB)
    Total RW  Size (RW Data + ZI Data)           1235984 (1207.02kB)
    Total ROM Size (Code + RO Data + RW Data)      84180 (  82.21kB)

==============================================================================

